../Core/Src/i2c.c:30:6:MX_I2C1_Init	8	static
../Core/Src/i2c.c:73:6:HAL_I2C_MspInit	232	static
../Core/Src/i2c.c:117:6:HAL_I2C_MspDeInit	16	static
../Core/Src/i2c.c:146:19:test_EEPROM	32	static
../Core/Src/i2c.c:187:6:EEPROM_Write_PreCharge	32	static
../Core/Src/i2c.c:192:6:EEPROM_Write_ErrorTemperature	32	static
../Core/Src/i2c.c:196:6:EEPROM_Write_ErrorVoltage	32	static
../Core/Src/i2c.c:201:6:EEPROM_Write_ErrorCurrent	32	static
../Core/Src/i2c.c:206:6:EEPROM_Write_ErrorSoftware	32	static
../Core/Src/i2c.c:211:6:EEPROM_Write_ErrorPreCharge	32	static
