../Core/Src/stm32u5xx_it.c:73:6:NMI_Handler	4	static
../Core/Src/stm32u5xx_it.c:88:6:HardFault_Handler	4	static
../Core/Src/stm32u5xx_it.c:103:6:MemManage_Handler	4	static
../Core/Src/stm32u5xx_it.c:118:6:BusFault_Handler	4	static
../Core/Src/stm32u5xx_it.c:133:6:UsageFault_Handler	4	static
../Core/Src/stm32u5xx_it.c:148:6:SVC_Handler	4	static
../Core/Src/stm32u5xx_it.c:161:6:DebugMon_Handler	4	static
../Core/Src/stm32u5xx_it.c:174:6:PendSV_Handler	4	static
../Core/Src/stm32u5xx_it.c:187:6:SysTick_Handler	8	static
../Core/Src/stm32u5xx_it.c:210:6:ADC1_IRQHandler	8	static
../Core/Src/stm32u5xx_it.c:224:6:FDCAN1_IT0_IRQHandler	8	static
../Core/Src/stm32u5xx_it.c:238:6:FDCAN1_IT1_IRQHandler	8	static
../Core/Src/stm32u5xx_it.c:252:6:TIM7_IRQHandler	8	static
../Core/Src/stm32u5xx_it.c:266:6:I2C1_EV_IRQHandler	8	static
../Core/Src/stm32u5xx_it.c:280:6:ADC4_IRQHandler	8	static
