Archive member included to satisfy reference by file (symbol)

E:/ST/STM32CubeIDE_1.16.1/STM32CubeIDE/plugins/com.st.stm32cube.ide.mcu.externaltools.gnu-tools-for-stm32.12.3.rel1.win32_1.0.200.202406191623/tools/bin/../lib/gcc/arm-none-eabi/12.3.1/../../../../arm-none-eabi/lib/thumb/v8-m.main+fp/hard\libc_nano.a(libc_a-exit.o)
                              E:/ST/STM32CubeIDE_1.16.1/STM32CubeIDE/plugins/com.st.stm32cube.ide.mcu.externaltools.gnu-tools-for-stm32.12.3.rel1.win32_1.0.200.202406191623/tools/bin/../lib/gcc/arm-none-eabi/12.3.1/../../../../arm-none-eabi/lib/thumb/v8-m.main+fp/hard/crt0.o (exit)
E:/ST/STM32CubeIDE_1.16.1/STM32CubeIDE/plugins/com.st.stm32cube.ide.mcu.externaltools.gnu-tools-for-stm32.12.3.rel1.win32_1.0.200.202406191623/tools/bin/../lib/gcc/arm-none-eabi/12.3.1/../../../../arm-none-eabi/lib/thumb/v8-m.main+fp/hard\libc_nano.a(libc_a-findfp.o)
                              E:/ST/STM32CubeIDE_1.16.1/STM32CubeIDE/plugins/com.st.stm32cube.ide.mcu.externaltools.gnu-tools-for-stm32.12.3.rel1.win32_1.0.200.202406191623/tools/bin/../lib/gcc/arm-none-eabi/12.3.1/../../../../arm-none-eabi/lib/thumb/v8-m.main+fp/hard\libc_nano.a(libc_a-exit.o) (__stdio_exit_handler)
E:/ST/STM32CubeIDE_1.16.1/STM32CubeIDE/plugins/com.st.stm32cube.ide.mcu.externaltools.gnu-tools-for-stm32.12.3.rel1.win32_1.0.200.202406191623/tools/bin/../lib/gcc/arm-none-eabi/12.3.1/../../../../arm-none-eabi/lib/thumb/v8-m.main+fp/hard\libc_nano.a(libc_a-fwalk.o)
                              E:/ST/STM32CubeIDE_1.16.1/STM32CubeIDE/plugins/com.st.stm32cube.ide.mcu.externaltools.gnu-tools-for-stm32.12.3.rel1.win32_1.0.200.202406191623/tools/bin/../lib/gcc/arm-none-eabi/12.3.1/../../../../arm-none-eabi/lib/thumb/v8-m.main+fp/hard\libc_nano.a(libc_a-findfp.o) (_fwalk_sglue)
E:/ST/STM32CubeIDE_1.16.1/STM32CubeIDE/plugins/com.st.stm32cube.ide.mcu.externaltools.gnu-tools-for-stm32.12.3.rel1.win32_1.0.200.202406191623/tools/bin/../lib/gcc/arm-none-eabi/12.3.1/../../../../arm-none-eabi/lib/thumb/v8-m.main+fp/hard\libc_nano.a(libc_a-stdio.o)
                              E:/ST/STM32CubeIDE_1.16.1/STM32CubeIDE/plugins/com.st.stm32cube.ide.mcu.externaltools.gnu-tools-for-stm32.12.3.rel1.win32_1.0.200.202406191623/tools/bin/../lib/gcc/arm-none-eabi/12.3.1/../../../../arm-none-eabi/lib/thumb/v8-m.main+fp/hard\libc_nano.a(libc_a-findfp.o) (__sread)
E:/ST/STM32CubeIDE_1.16.1/STM32CubeIDE/plugins/com.st.stm32cube.ide.mcu.externaltools.gnu-tools-for-stm32.12.3.rel1.win32_1.0.200.202406191623/tools/bin/../lib/gcc/arm-none-eabi/12.3.1/../../../../arm-none-eabi/lib/thumb/v8-m.main+fp/hard\libc_nano.a(libc_a-memset.o)
                              E:/ST/STM32CubeIDE_1.16.1/STM32CubeIDE/plugins/com.st.stm32cube.ide.mcu.externaltools.gnu-tools-for-stm32.12.3.rel1.win32_1.0.200.202406191623/tools/bin/../lib/gcc/arm-none-eabi/12.3.1/../../../../arm-none-eabi/lib/thumb/v8-m.main+fp/hard/crt0.o (memset)
E:/ST/STM32CubeIDE_1.16.1/STM32CubeIDE/plugins/com.st.stm32cube.ide.mcu.externaltools.gnu-tools-for-stm32.12.3.rel1.win32_1.0.200.202406191623/tools/bin/../lib/gcc/arm-none-eabi/12.3.1/../../../../arm-none-eabi/lib/thumb/v8-m.main+fp/hard\libc_nano.a(libc_a-closer.o)
                              E:/ST/STM32CubeIDE_1.16.1/STM32CubeIDE/plugins/com.st.stm32cube.ide.mcu.externaltools.gnu-tools-for-stm32.12.3.rel1.win32_1.0.200.202406191623/tools/bin/../lib/gcc/arm-none-eabi/12.3.1/../../../../arm-none-eabi/lib/thumb/v8-m.main+fp/hard\libc_nano.a(libc_a-stdio.o) (_close_r)
E:/ST/STM32CubeIDE_1.16.1/STM32CubeIDE/plugins/com.st.stm32cube.ide.mcu.externaltools.gnu-tools-for-stm32.12.3.rel1.win32_1.0.200.202406191623/tools/bin/../lib/gcc/arm-none-eabi/12.3.1/../../../../arm-none-eabi/lib/thumb/v8-m.main+fp/hard\libc_nano.a(libc_a-reent.o)
                              E:/ST/STM32CubeIDE_1.16.1/STM32CubeIDE/plugins/com.st.stm32cube.ide.mcu.externaltools.gnu-tools-for-stm32.12.3.rel1.win32_1.0.200.202406191623/tools/bin/../lib/gcc/arm-none-eabi/12.3.1/../../../../arm-none-eabi/lib/thumb/v8-m.main+fp/hard\libc_nano.a(libc_a-closer.o) (errno)
E:/ST/STM32CubeIDE_1.16.1/STM32CubeIDE/plugins/com.st.stm32cube.ide.mcu.externaltools.gnu-tools-for-stm32.12.3.rel1.win32_1.0.200.202406191623/tools/bin/../lib/gcc/arm-none-eabi/12.3.1/../../../../arm-none-eabi/lib/thumb/v8-m.main+fp/hard\libc_nano.a(libc_a-impure.o)
                              E:/ST/STM32CubeIDE_1.16.1/STM32CubeIDE/plugins/com.st.stm32cube.ide.mcu.externaltools.gnu-tools-for-stm32.12.3.rel1.win32_1.0.200.202406191623/tools/bin/../lib/gcc/arm-none-eabi/12.3.1/../../../../arm-none-eabi/lib/thumb/v8-m.main+fp/hard\libc_nano.a(libc_a-reent.o) (_impure_ptr)
E:/ST/STM32CubeIDE_1.16.1/STM32CubeIDE/plugins/com.st.stm32cube.ide.mcu.externaltools.gnu-tools-for-stm32.12.3.rel1.win32_1.0.200.202406191623/tools/bin/../lib/gcc/arm-none-eabi/12.3.1/../../../../arm-none-eabi/lib/thumb/v8-m.main+fp/hard\libc_nano.a(libc_a-lseekr.o)
[...]
Memory Configuration

Name             Origin             Length             Attributes
RAM              0x20000000         0x00040000         xrw
SRAM4            0x28000000         0x00004000         xrw
FLASH            0x08000000         0x00080000         xr
*default*        0x00000000         0xffffffff

Linker script and memory map

LOAD E:/ST/STM32CubeIDE_1.16.1/STM32CubeIDE/plugins/com.st.stm32cube.ide.mcu.externaltools.gnu-tools-for-stm32.12.3.rel1.win32_1.0.200.202406191623/tools/bin/../lib/gcc/arm-none-eabi/12.3.1/thumb/v8-m.main+fp/hard/crti.o
LOAD E:/ST/STM32CubeIDE_1.16.1/STM32CubeIDE/plugins/com.st.stm32cube.ide.mcu.externaltools.gnu-tools-for-stm32.12.3.rel1.win32_1.0.200.202406191623/tools/bin/../lib/gcc/arm-none-eabi/12.3.1/thumb/v8-m.main+fp/hard/crtbegin.o
LOAD E:/ST/STM32CubeIDE_1.16.1/STM32CubeIDE/plugins/com.st.stm32cube.ide.mcu.externaltools.gnu-tools-for-stm32.12.3.rel1.win32_1.0.200.202406191623/tools/bin/../lib/gcc/arm-none-eabi/12.3.1/../../../../arm-none-eabi/lib/thumb/v8-m.main+fp/hard/crt0.o
LOAD ./Core/Src/adc.o
LOAD ./Core/Src/fdcan.o
LOAD ./Core/Src/gpio.o
LOAD ./Core/Src/icache.o
LOAD ./Core/Src/main.o
LOAD ./Core/Src/memorymap.o
LOAD ./Core/Src/stm32u5xx_hal_msp.o
LOAD ./Core/Src/stm32u5xx_it.o
LOAD ./Core/Src/syscalls.o
LOAD ./Core/Src/sysmem.o
LOAD ./Core/Src/system_stm32u5xx.o
LOAD ./Core/Src/tim.o
LOAD ./Core/Startup/startup_stm32u535ceux.o
LOAD ./Drivers/STM32U5xx_HAL_Driver/Src/stm32u5xx_hal.o
LOAD ./Drivers/STM32U5xx_HAL_Driver/Src/stm32u5xx_hal_adc.o
LOAD ./Drivers/STM32U5xx_HAL_Driver/Src/stm32u5xx_hal_adc_ex.o
LOAD ./Drivers/STM32U5xx_HAL_Driver/Src/stm32u5xx_hal_cortex.o
LOAD ./Drivers/STM32U5xx_HAL_Driver/Src/stm32u5xx_hal_dma.o
LOAD ./Drivers/STM32U5xx_HAL_Driver/Src/stm32u5xx_hal_dma_ex.o
LOAD ./Drivers/STM32U5xx_HAL_Driver/Src/stm32u5xx_hal_exti.o
LOAD ./Drivers/STM32U5xx_HAL_Driver/Src/stm32u5xx_hal_fdcan.o
LOAD ./Drivers/STM32U5xx_HAL_Driver/Src/stm32u5xx_hal_flash.o
LOAD ./Drivers/STM32U5xx_HAL_Driver/Src/stm32u5xx_hal_flash_ex.o
LOAD ./Drivers/STM32U5xx_HAL_Driver/Src/stm32u5xx_hal_gpio.o
LOAD ./Drivers/STM32U5xx_HAL_Driver/Src/stm32u5xx_hal_gtzc.o
LOAD ./Drivers/STM32U5xx_HAL_Driver/Src/stm32u5xx_hal_i2c.o
LOAD ./Drivers/STM32U5xx_HAL_Driver/Src/stm32u5xx_hal_i2c_ex.o
LOAD ./Drivers/STM32U5xx_HAL_Driver/Src/stm32u5xx_hal_icache.o
LOAD ./Drivers/STM32U5xx_HAL_Driver/Src/stm32u5xx_hal_pwr.o
LOAD ./Drivers/STM32U5xx_HAL_Driver/Src/stm32u5xx_hal_pwr_ex.o
LOAD ./Drivers/STM32U5xx_HAL_Driver/Src/stm32u5xx_hal_rcc.o
LOAD ./Drivers/STM32U5xx_HAL_Driver/Src/stm32u5xx_hal_rcc_ex.o
LOAD ./Drivers/STM32U5xx_HAL_Driver/Src/stm32u5xx_hal_tim.o
LOAD ./Drivers/STM32U5xx_HAL_Driver/Src/stm32u5xx_hal_tim_ex.o
START GROUP
LOAD E:/ST/STM32CubeIDE_1.16.1/STM32CubeIDE/plugins/com.st.stm32cube.ide.mcu.externaltools.gnu-tools-for-stm32.12.3.rel1.win32_1.0.200.202406191623/tools/bin/../lib/gcc/arm-none-eabi/12.3.1/../../../../arm-none-eabi/lib/thumb/v8-m.main+fp/hard\libc_nano.a
LOAD E:/ST/STM32CubeIDE_1.16.1/STM32CubeIDE/plugins/com.st.stm32cube.ide.mcu.externaltools.gnu-tools-for-stm32.12.3.rel1.win32_1.0.200.202406191623/tools/bin/../lib/gcc/arm-none-eabi/12.3.1/../../../../arm-none-eabi/lib/thumb/v8-m.main+fp/hard\libm.a
END GROUP
START GROUP
LOAD E:/ST/STM32CubeIDE_1.16.1/STM32CubeIDE/plugins/com.st.stm32cube.ide.mcu.externaltools.gnu-tools-for-stm32.12.3.rel1.win32_1.0.200.202406191623/tools/bin/../lib/gcc/arm-none-eabi/12.3.1/thumb/v8-m.main+fp/hard\libgcc.a
LOAD E:/ST/STM32CubeIDE_1.16.1/STM32CubeIDE/plugins/com.st.stm32cube.ide.mcu.externaltools.gnu-tools-for-stm32.12.3.rel1.win32_1.0.200.202406191623/tools/bin/../lib/gcc/arm-none-eabi/12.3.1/../../../../arm-none-eabi/lib/thumb/v8-m.main+fp/hard\libc_nano.a
END GROUP
START GROUP
LOAD E:/ST/STM32CubeIDE_1.16.1/STM32CubeIDE/plugins/com.st.stm32cube.ide.mcu.externaltools.gnu-tools-for-stm32.12.3.rel1.win32_1.0.200.202406191623/tools/bin/../lib/gcc/arm-none-eabi/12.3.1/thumb/v8-m.main+fp/hard\libgcc.a
LOAD E:/ST/STM32CubeIDE_1.16.1/STM32CubeIDE/plugins/com.st.stm32cube.ide.mcu.externaltools.gnu-tools-for-stm32.12.3.rel1.win32_1.0.200.202406191623/tools/bin/../lib/gcc/arm-none-eabi/12.3.1/../../../../arm-none-eabi/lib/thumb/v8-m.main+fp/hard\libc_nano.a
LOAD E:/ST/STM32CubeIDE_1.16.1/STM32CubeIDE/plugins/com.st.stm32cube.ide.mcu.externaltools.gnu-tools-for-stm32.12.3.rel1.win32_1.0.200.202406191623/tools/bin/../lib/gcc/arm-none-eabi/12.3.1/../../../../arm-none-eabi/lib/thumb/v8-m.main+fp/hard\libnosys.a
END GROUP
START GROUP
LOAD E:/ST/STM32CubeIDE_1.16.1/STM32CubeIDE/plugins/com.st.stm32cube.ide.mcu.externaltools.gnu-tools-for-stm32.12.3.rel1.win32_1.0.200.202406191623/tools/bin/../lib/gcc/arm-none-eabi/12.3.1/thumb/v8-m.main+fp/hard\libgcc.a
LOAD E:/ST/STM32CubeIDE_1.16.1/STM32CubeIDE/plugins/com.st.stm32cube.ide.mcu.externaltools.gnu-tools-for-stm32.12.3.rel1.win32_1.0.200.202406191623/tools/bin/../lib/gcc/arm-none-eabi/12.3.1/../../../../arm-none-eabi/lib/thumb/v8-m.main+fp/hard\libc_nano.a
LOAD E:/ST/STM32CubeIDE_1.16.1/STM32CubeIDE/plugins/com.st.stm32cube.ide.mcu.externaltools.gnu-tools-for-stm32.12.3.rel1.win32_1.0.200.202406191623/tools/bin/../lib/gcc/arm-none-eabi/12.3.1/../../../../arm-none-eabi/lib/thumb/v8-m.main+fp/hard\libnosys.a
END GROUP
LOAD E:/ST/STM32CubeIDE_1.16.1/STM32CubeIDE/plugins/com.st.stm32cube.ide.mcu.externaltools.gnu-tools-for-stm32.12.3.rel1.win32_1.0.200.202406191623/tools/bin/../lib/gcc/arm-none-eabi/12.3.1/thumb/v8-m.main+fp/hard/crtend.o
LOAD E:/ST/STM32CubeIDE_1.16.1/STM32CubeIDE/plugins/com.st.stm32cube.ide.mcu.externaltools.gnu-tools-for-stm32.12.3.rel1.win32_1.0.200.202406191623/tools/bin/../lib/gcc/arm-none-eabi/12.3.1/thumb/v8-m.main+fp/hard/crtn.o
                0x20040000                        _estack = (ORIGIN (RAM) + LENGTH (RAM))
                0x00000200                        _Min_Heap_Size = 0x200
                0x00000400                        _Min_Stack_Size = 0x400

.isr_vector     0x08000000      0x238
 *(.isr_vector)
 .isr_vector    0x08000000      0x238 ./Core/Startup/startup_stm32u535ceux.o
                0x08000000                g_pfnVectors

.text           0x08000238     0x80ac
 *(.text)
 .text          0x08000238       0x40 E:/ST/STM32CubeIDE_1.16.1/STM32CubeIDE/plugins/com.st.stm32cube.ide.mcu.externaltools.gnu-tools-for-stm32.12.3.rel1.win32_1.0.200.202406191623/tools/bin/../lib/gcc/arm-none-eabi/12.3.1/thumb/v8-m.main+fp/hard/crtbegin.o
 .text          0x08000278      0x378 E:/ST/STM32CubeIDE_1.16.1/STM32CubeIDE/plugins/com.st.stm32cube.ide.mcu.externaltools.gnu-tools-for-stm32.12.3.rel1.win32_1.0.200.202406191623/tools/bin/../lib/gcc/arm-none-eabi/12.3.1/thumb/v8-m.main+fp/hard\libgcc.a(_arm_addsubdf3.o)
                0x08000278                __aeabi_drsub
                0x08000280                __aeabi_dsub
                0x08000280                __subdf3
                0x08000284                __aeabi_dadd
                0x08000284                __adddf3
                0x080004fc                __floatunsidf
                0x080004fc                __aeabi_ui2d
                0x0800051c                __floatsidf
                0x0800051c                __aeabi_i2d
                0x08000540                __aeabi_f2d
                0x08000540                __extendsfdf2
                0x08000584                __floatundidf
                0x08000584                __aeabi_ul2d
                0x08000594                __floatdidf
                0x08000594                __aeabi_l2d
 .text          0x080005f0      0x424 E:/ST/STM32CubeIDE_1.16.1/STM32CubeIDE/plugins/com.st.stm32cube.ide.mcu.externaltools.gnu-tools-for-stm32.12.3.rel1.win32_1.0.200.202406191623/tools/bin/../lib/gcc/arm-none-eabi/12.3.1/thumb/v8-m.main+fp/hard\libgcc.a(_arm_muldivdf3.o)
                0x080005f0                __aeabi_dmul
                0x080005f0                __muldf3
                0x08000844                __divdf3
                0x08000844                __aeabi_ddiv
 .text          0x08000a14       0xa0 E:/ST/STM32CubeIDE_1.16.1/STM32CubeIDE/plugins/com.st.stm32cube.ide.mcu.externaltools.gnu-tools-for-stm32.12.3.rel1.win32_1.0.200.202406191623/tools/bin/../lib/gcc/arm-none-eabi/12.3.1/thumb/v8-m.main+fp/hard\libgcc.a(_arm_truncdfsf2.o)
                0x08000a14                __truncdfsf2
                0x08000a14                __aeabi_d2f
 *(.text*)
 .text.MX_ADC1_Init
                0x08000ab4       0xe0 ./Core/Src/adc.o
                0x08000ab4                MX_ADC1_Init
 .text.MX_ADC4_Init
                0x08000b94       0xdc ./Core/Src/adc.o
                0x08000b94                MX_ADC4_Init
 .text.HAL_ADC_MspInit
                0x08000c70      0x164 ./Core/Src/adc.o
                0x08000c70                HAL_ADC_MspInit
 .text.MX_FDCAN1_Init
                0x08000dd4       0x8c ./Core/Src/fdcan.o
                0x08000dd4                MX_FDCAN1_Init
 .text.HAL_FDCAN_MspInit
                0x08000e60       0xd4 ./Core/Src/fdcan.o
                0x08000e60                HAL_FDCAN_MspInit
 .text.MX_GPIO_Init
                0x08000f34      0x1a0 ./Core/Src/gpio.o
                0x08000f34                MX_GPIO_Init
 .text.MX_ICACHE_Init
                0x080010d4       0x26 ./Core/Src/icache.o
                0x080010d4                MX_ICACHE_Init
 *fill*         0x080010fa        0x2 
 .text.main     0x080010fc      0x148 ./Core/Src/main.o
                0x080010fc                main
 .text.SystemClock_Config
                0x08001244       0xb0 ./Core/Src/main.o
                0x08001244                SystemClock_Config
 .text.HAL_TIM_PeriodElapsedCallback
                0x080012f4       0x28 ./Core/Src/main.o
                0x080012f4                HAL_TIM_PeriodElapsedCallback
 *fill*         0x0800131c        0x4 
 .text.HAL_ADC_ConvCpltCallback
                0x08001320      0x190 ./Core/Src/main.o
                0x08001320                HAL_ADC_ConvCpltCallback
 .text.Error_Handler
                0x080014b0        0xc ./Core/Src/main.o
                0x080014b0                Error_Handler
 .text.HAL_MspInit
                0x080014bc       0x34 ./Core/Src/stm32u5xx_hal_msp.o
                0x080014bc                HAL_MspInit
 .text.NMI_Handler
                0x080014f0        0x8 ./Core/Src/stm32u5xx_it.o
                0x080014f0                NMI_Handler
 .text.HardFault_Handler
                0x080014f8        0x8 ./Core/Src/stm32u5xx_it.o
                0x080014f8                HardFault_Handler
 .text.MemManage_Handler
                0x08001500        0x8 ./Core/Src/stm32u5xx_it.o
                0x08001500                MemManage_Handler
 .text.BusFault_Handler
                0x08001508        0x8 ./Core/Src/stm32u5xx_it.o
                0x08001508                BusFault_Handler
 .text.UsageFault_Handler
                0x08001510        0x8 ./Core/Src/stm32u5xx_it.o
                0x08001510                UsageFault_Handler
 .text.SVC_Handler
                0x08001518        0xe ./Core/Src/stm32u5xx_it.o
                0x08001518                SVC_Handler
 .text.DebugMon_Handler
                0x08001526        0xe ./Core/Src/stm32u5xx_it.o
                0x08001526                DebugMon_Handler
 .text.PendSV_Handler
                0x08001534        0xe ./Core/Src/stm32u5xx_it.o
                0x08001534                PendSV_Handler
 .text.SysTick_Handler
                0x08001542        0xc ./Core/Src/stm32u5xx_it.o
                0x08001542                SysTick_Handler
 *fill*         0x0800154e        0x2 
 .text.ADC1_IRQHandler
                0x08001550       0x14 ./Core/Src/stm32u5xx_it.o
                0x08001550                ADC1_IRQHandler
 .text.TIM7_IRQHandler
                0x08001564       0x14 ./Core/Src/stm32u5xx_it.o
                0x08001564                TIM7_IRQHandler
 .text.SystemInit
                0x08001578       0x70 ./Core/Src/system_stm32u5xx.o
                0x08001578                SystemInit
 .text.MX_TIM2_Init
                0x080015e8      0x134 ./Core/Src/tim.o
                0x080015e8                MX_TIM2_Init
 .text.MX_TIM7_Init
                0x0800171c       0x6c ./Core/Src/tim.o
                0x0800171c                MX_TIM7_Init
 .text.HAL_TIM_Base_MspInit
                0x08001788       0x7c ./Core/Src/tim.o
                0x08001788                HAL_TIM_Base_MspInit
 .text.HAL_TIM_MspPostInit
                0x08001804       0x70 ./Core/Src/tim.o
                0x08001804                HAL_TIM_MspPostInit
 .text.Reset_Handler
                0x08001874       0x50 ./Core/Startup/startup_stm32u535ceux.o
                0x08001874                Reset_Handler
 .text.Default_Handler
                0x080018c4        0x2 ./Core/Startup/startup_stm32u535ceux.o
                0x080018c4                EXTI2_IRQHandler
                0x080018c4                TIM8_TRG_COM_IRQHandler
                0x080018c4                TIM8_CC_IRQHandler
                0x080018c4                EXTI5_IRQHandler
                0x080018c4                FLASH_S_IRQHandler
                0x080018c4                EXTI13_IRQHandler
                0x080018c4                TIM1_CC_IRQHandler
                0x080018c4                TSC_IRQHandler
                0x080018c4                TAMP_IRQHandler
                0x080018c4                TIM6_IRQHandler
                0x080018c4                EXTI12_IRQHandler
                0x080018c4                CORDIC_IRQHandler
                0x080018c4                EXTI3_IRQHandler
                0x080018c4                LPTIM4_IRQHandler
                0x080018c4                GPDMA1_Channel5_IRQHandler
                0x080018c4                EXTI8_IRQHandler
                0x080018c4                LPTIM2_IRQHandler
                0x080018c4                I2C3_ER_IRQHandler
                0x080018c4                PWR_S3WU_IRQHandler
                0x080018c4                LPDMA1_Channel3_IRQHandler
                0x080018c4                LPTIM3_IRQHandler
                0x080018c4                EXTI0_IRQHandler
                0x080018c4                I2C2_EV_IRQHandler
                0x080018c4                FPU_IRQHandler
                0x080018c4                GPDMA1_Channel3_IRQHandler
                0x080018c4                GPDMA1_Channel7_IRQHandler
                0x080018c4                FDCAN1_IT1_IRQHandler
                0x080018c4                RAMCFG_IRQHandler
                0x080018c4                GPDMA1_Channel9_IRQHandler
                0x080018c4                DCACHE1_IRQHandler
                0x080018c4                SPI1_IRQHandler
                0x080018c4                OCTOSPI1_IRQHandler
                0x080018c4                GPDMA1_Channel2_IRQHandler
                0x080018c4                TIM8_UP_IRQHandler
                0x080018c4                RCC_S_IRQHandler
                0x080018c4                MDF1_FLT1_IRQHandler
                0x080018c4                EXTI15_IRQHandler
                0x080018c4                TIM17_IRQHandler
                0x080018c4                USART3_IRQHandler
                0x080018c4                RTC_IRQHandler
                0x080018c4                EXTI9_IRQHandler
                0x080018c4                UART5_IRQHandler
                0x080018c4                TIM4_IRQHandler
                0x080018c4                I2C1_EV_IRQHandler
                0x080018c4                GPDMA1_Channel12_IRQHandler
                0x080018c4                GPDMA1_Channel1_IRQHandler
                0x080018c4                TIM16_IRQHandler
                0x080018c4                GPDMA1_Channel15_IRQHandler
                0x080018c4                UART4_IRQHandler
                0x080018c4                SecureFault_Handler
                0x080018c4                TIM3_IRQHandler
                0x080018c4                RCC_IRQHandler
                0x080018c4                TIM1_TRG_COM_IRQHandler
                0x080018c4                Default_Handler
                0x080018c4                GPDMA1_Channel8_IRQHandler
                0x080018c4                FMAC_IRQHandler
                0x080018c4                GPDMA1_Channel11_IRQHandler
                0x080018c4                SDMMC1_IRQHandler
                0x080018c4                TIM5_IRQHandler
                0x080018c4                GPDMA1_Channel0_IRQHandler
                0x080018c4                TIM15_IRQHandler
                0x080018c4                I2C3_EV_IRQHandler
                0x080018c4                USB_IRQHandler
                0x080018c4                LPDMA1_Channel0_IRQHandler
                0x080018c4                PVD_PVM_IRQHandler
                0x080018c4                SPI2_IRQHandler
                0x080018c4                LPDMA1_Channel1_IRQHandler
                0x080018c4                EXTI14_IRQHandler
                0x080018c4                EXTI11_IRQHandler
                0x080018c4                CRS_IRQHandler
                0x080018c4                GPDMA1_Channel14_IRQHandler
                0x080018c4                LSECSSD_IRQHandler
                0x080018c4                EXTI4_IRQHandler
                0x080018c4                RTC_S_IRQHandler
                0x080018c4                GPDMA1_Channel13_IRQHandler
                0x080018c4                RNG_IRQHandler
                0x080018c4                COMP_IRQHandler
                0x080018c4                TIM1_UP_IRQHandler
                0x080018c4                ADC4_IRQHandler
                0x080018c4                WWDG_IRQHandler
                0x080018c4                I2C4_EV_IRQHandler
                0x080018c4                ADF1_IRQHandler
                0x080018c4                IWDG_IRQHandler
                0x080018c4                LPUART1_IRQHandler
                0x080018c4                MDF1_FLT0_IRQHandler
                0x080018c4                FDCAN1_IT0_IRQHandler
                0x080018c4                TIM2_IRQHandler
                0x080018c4                GPDMA1_Channel4_IRQHandler
                0x080018c4                EXTI7_IRQHandler
                0x080018c4                TIM1_BRK_IRQHandler
                0x080018c4                EXTI1_IRQHandler
                0x080018c4                DAC1_IRQHandler
                0x080018c4                GTZC_IRQHandler
                0x080018c4                GPDMA1_Channel6_IRQHandler
                0x080018c4                I2C2_ER_IRQHandler
                0x080018c4                TIM8_BRK_IRQHandler
                0x080018c4                FLASH_IRQHandler
                0x080018c4                USART1_IRQHandler
                0x080018c4                EXTI10_IRQHandler
                0x080018c4                SPI3_IRQHandler
                0x080018c4                LPDMA1_Channel2_IRQHandler
                0x080018c4                I2C1_ER_IRQHandler
                0x080018c4                EXTI6_IRQHandler
                0x080018c4                LPTIM1_IRQHandler
                0x080018c4                DCMI_PSSI_IRQHandler
                0x080018c4                I2C4_ER_IRQHandler
                0x080018c4                GPDMA1_Channel10_IRQHandler
                0x080018c4                ICACHE_IRQHandler
                0x080018c4                SAI1_IRQHandler
                0x080018c4                HASH_IRQHandler
 *fill*         0x080018c6        0x2 
 .text.HAL_Init
                0x080018c8       0x60 ./Drivers/STM32U5xx_HAL_Driver/Src/stm32u5xx_hal.o
                0x080018c8                HAL_Init
 .text.HAL_InitTick
                0x08001928       0xec ./Drivers/STM32U5xx_HAL_Driver/Src/stm32u5xx_hal.o
                0x08001928                HAL_InitTick
 .text.HAL_IncTick
                0x08001a14       0x28 ./Drivers/STM32U5xx_HAL_Driver/Src/stm32u5xx_hal.o
                0x08001a14                HAL_IncTick
 .text.HAL_GetTick
                0x08001a3c       0x18 ./Drivers/STM32U5xx_HAL_Driver/Src/stm32u5xx_hal.o
                0x08001a3c                HAL_GetTick
 .text.HAL_GetREVID
                0x08001a54       0x1c ./Drivers/STM32U5xx_HAL_Driver/Src/stm32u5xx_hal.o
                0x08001a54                HAL_GetREVID
 .text.LL_ADC_SetCommonClock
                0x08001a70       0x26 ./Drivers/STM32U5xx_HAL_Driver/Src/stm32u5xx_hal_adc.o
 .text.LL_ADC_SetCommonPathInternalCh
                0x08001a96       0x26 ./Drivers/STM32U5xx_HAL_Driver/Src/stm32u5xx_hal_adc.o
 .text.LL_ADC_GetCommonPathInternalCh
                0x08001abc       0x1c ./Drivers/STM32U5xx_HAL_Driver/Src/stm32u5xx_hal_adc.o
 .text.LL_ADC_SetResolution
                0x08001ad8       0x40 ./Drivers/STM32U5xx_HAL_Driver/Src/stm32u5xx_hal_adc.o
 .text.LL_ADC_SetOffset
                0x08001b18       0x42 ./Drivers/STM32U5xx_HAL_Driver/Src/stm32u5xx_hal_adc.o
 .text.LL_ADC_GetOffsetChannel
                0x08001b5a       0x2c ./Drivers/STM32U5xx_HAL_Driver/Src/stm32u5xx_hal_adc.o
 .text.LL_ADC_SetOffsetSign
                0x08001b86       0x36 ./Drivers/STM32U5xx_HAL_Driver/Src/stm32u5xx_hal_adc.o
 .text.LL_ADC_SetOffsetSignedSaturation
                0x08001bbc       0x36 ./Drivers/STM32U5xx_HAL_Driver/Src/stm32u5xx_hal_adc.o
 .text.LL_ADC_SetOffsetUnsignedSaturation
                0x08001bf2       0x36 ./Drivers/STM32U5xx_HAL_Driver/Src/stm32u5xx_hal_adc.o
 .text.LL_ADC_SetGainCompensation
                0x08001c28       0x46 ./Drivers/STM32U5xx_HAL_Driver/Src/stm32u5xx_hal_adc.o
 .text.LL_ADC_SetSamplingTimeCommonChannels
                0x08001c6e       0x3e ./Drivers/STM32U5xx_HAL_Driver/Src/stm32u5xx_hal_adc.o
 .text.LL_ADC_REG_IsTriggerSourceSWStart
                0x08001cac       0x26 ./Drivers/STM32U5xx_HAL_Driver/Src/stm32u5xx_hal_adc.o
 *fill*         0x08001cd2        0x2 
 .text.LL_ADC_REG_SetSequencerRanks
                0x08001cd4       0xc0 ./Drivers/STM32U5xx_HAL_Driver/Src/stm32u5xx_hal_adc.o
 .text.LL_ADC_REG_SetSequencerChAdd
                0x08001d94       0x66 ./Drivers/STM32U5xx_HAL_Driver/Src/stm32u5xx_hal_adc.o
 .text.LL_ADC_REG_SetSequencerChRem
                0x08001dfa       0x30 ./Drivers/STM32U5xx_HAL_Driver/Src/stm32u5xx_hal_adc.o
 .text.LL_ADC_REG_GetDMATransfer
                0x08001e2a       0x1c ./Drivers/STM32U5xx_HAL_Driver/Src/stm32u5xx_hal_adc.o
 .text.LL_ADC_INJ_IsTriggerSourceSWStart
                0x08001e46       0x26 ./Drivers/STM32U5xx_HAL_Driver/Src/stm32u5xx_hal_adc.o
 .text.LL_ADC_SetChannelSamplingTime
                0x08001e6c       0xc8 ./Drivers/STM32U5xx_HAL_Driver/Src/stm32u5xx_hal_adc.o
 .text.LL_ADC_SetChannelSingleDiff
                0x08001f34       0x48 ./Drivers/STM32U5xx_HAL_Driver/Src/stm32u5xx_hal_adc.o
 .text.LL_ADC_DisableDeepPowerDown
                0x08001f7c       0x24 ./Drivers/STM32U5xx_HAL_Driver/Src/stm32u5xx_hal_adc.o
 .text.LL_ADC_IsDeepPowerDownEnabled
                0x08001fa0       0x28 ./Drivers/STM32U5xx_HAL_Driver/Src/stm32u5xx_hal_adc.o
 .text.LL_ADC_EnableInternalRegulator
                0x08001fc8       0x28 ./Drivers/STM32U5xx_HAL_Driver/Src/stm32u5xx_hal_adc.o
 .text.LL_ADC_IsInternalRegulatorEnabled
                0x08001ff0       0x28 ./Drivers/STM32U5xx_HAL_Driver/Src/stm32u5xx_hal_adc.o
 .text.LL_ADC_Enable
                0x08002018       0x28 ./Drivers/STM32U5xx_HAL_Driver/Src/stm32u5xx_hal_adc.o
 .text.LL_ADC_IsEnabled
                0x08002040       0x26 ./Drivers/STM32U5xx_HAL_Driver/Src/stm32u5xx_hal_adc.o
 .text.LL_ADC_REG_StartConversion
                0x08002066       0x28 ./Drivers/STM32U5xx_HAL_Driver/Src/stm32u5xx_hal_adc.o
 .text.LL_ADC_REG_IsConversionOngoing
                0x0800208e       0x26 ./Drivers/STM32U5xx_HAL_Driver/Src/stm32u5xx_hal_adc.o
 .text.LL_ADC_INJ_IsConversionOngoing
                0x080020b4       0x26 ./Drivers/STM32U5xx_HAL_Driver/Src/stm32u5xx_hal_adc.o
 *fill*         0x080020da        0x2 
 .text.HAL_ADC_Init
                0x080020dc      0x594 ./Drivers/STM32U5xx_HAL_Driver/Src/stm32u5xx_hal_adc.o
                0x080020dc                HAL_ADC_Init
 .text.HAL_ADC_Start_IT
                0x08002670      0x168 ./Drivers/STM32U5xx_HAL_Driver/Src/stm32u5xx_hal_adc.o
                0x08002670                HAL_ADC_Start_IT
 .text.HAL_ADC_GetValue
                0x080027d8       0x1a ./Drivers/STM32U5xx_HAL_Driver/Src/stm32u5xx_hal_adc.o
                0x080027d8                HAL_ADC_GetValue
 *fill*         0x080027f2        0x2 
 .text.HAL_ADC_IRQHandler
                0x080027f4      0x464 ./Drivers/STM32U5xx_HAL_Driver/Src/stm32u5xx_hal_adc.o
                0x080027f4                HAL_ADC_IRQHandler
 .text.HAL_ADC_LevelOutOfWindowCallback
                0x08002c58       0x14 ./Drivers/STM32U5xx_HAL_Driver/Src/stm32u5xx_hal_adc.o
                0x08002c58                HAL_ADC_LevelOutOfWindowCallback
 .text.HAL_ADC_ErrorCallback
                0x08002c6c       0x14 ./Drivers/STM32U5xx_HAL_Driver/Src/stm32u5xx_hal_adc.o
                0x08002c6c                HAL_ADC_ErrorCallback
 .text.HAL_ADC_CalibrationCpltCallback
                0x08002c80       0x14 ./Drivers/STM32U5xx_HAL_Driver/Src/stm32u5xx_hal_adc.o
                0x08002c80                HAL_ADC_CalibrationCpltCallback
 .text.HAL_ADC_VoltageRegulatorCallback
                0x08002c94       0x14 ./Drivers/STM32U5xx_HAL_Driver/Src/stm32u5xx_hal_adc.o
                0x08002c94                HAL_ADC_VoltageRegulatorCallback
 .text.HAL_ADC_ADCReadyCallback
                0x08002ca8       0x14 ./Drivers/STM32U5xx_HAL_Driver/Src/stm32u5xx_hal_adc.o
                0x08002ca8                HAL_ADC_ADCReadyCallback
 .text.HAL_ADC_ConfigChannel
                0x08002cbc      0xd20 ./Drivers/STM32U5xx_HAL_Driver/Src/stm32u5xx_hal_adc.o
                0x08002cbc                HAL_ADC_ConfigChannel
 .text.ADC_Enable
                0x080039dc       0xe0 ./Drivers/STM32U5xx_HAL_Driver/Src/stm32u5xx_hal_adc.o
                0x080039dc                ADC_Enable
 .text.HAL_ADCEx_InjectedConvCpltCallback
                0x08003abc       0x14 ./Drivers/STM32U5xx_HAL_Driver/Src/stm32u5xx_hal_adc_ex.o
                0x08003abc                HAL_ADCEx_InjectedConvCpltCallback
 .text.HAL_ADCEx_LevelOutOfWindow2Callback
                0x08003ad0       0x14 ./Drivers/STM32U5xx_HAL_Driver/Src/stm32u5xx_hal_adc_ex.o
                0x08003ad0                HAL_ADCEx_LevelOutOfWindow2Callback
 .text.HAL_ADCEx_LevelOutOfWindow3Callback
                0x08003ae4       0x14 ./Drivers/STM32U5xx_HAL_Driver/Src/stm32u5xx_hal_adc_ex.o
                0x08003ae4                HAL_ADCEx_LevelOutOfWindow3Callback
 .text.HAL_ADCEx_EndOfSamplingCallback
                0x08003af8       0x14 ./Drivers/STM32U5xx_HAL_Driver/Src/stm32u5xx_hal_adc_ex.o
                0x08003af8                HAL_ADCEx_EndOfSamplingCallback
 .text.__NVIC_SetPriorityGrouping
                0x08003b0c       0x48 ./Drivers/STM32U5xx_HAL_Driver/Src/stm32u5xx_hal_cortex.o
 .text.__NVIC_GetPriorityGrouping
                0x08003b54       0x1c ./Drivers/STM32U5xx_HAL_Driver/Src/stm32u5xx_hal_cortex.o
 .text.__NVIC_EnableIRQ
                0x08003b70       0x3c ./Drivers/STM32U5xx_HAL_Driver/Src/stm32u5xx_hal_cortex.o
 .text.__NVIC_SetPriority
                0x08003bac       0x54 ./Drivers/STM32U5xx_HAL_Driver/Src/stm32u5xx_hal_cortex.o
 .text.NVIC_EncodePriority
                0x08003c00       0x66 ./Drivers/STM32U5xx_HAL_Driver/Src/stm32u5xx_hal_cortex.o
 .text.HAL_NVIC_SetPriorityGrouping
                0x08003c66       0x16 ./Drivers/STM32U5xx_HAL_Driver/Src/stm32u5xx_hal_cortex.o
                0x08003c66                HAL_NVIC_SetPriorityGrouping
 .text.HAL_NVIC_SetPriority
                0x08003c7c       0x34 ./Drivers/STM32U5xx_HAL_Driver/Src/stm32u5xx_hal_cortex.o
                0x08003c7c                HAL_NVIC_SetPriority
 .text.HAL_NVIC_EnableIRQ
                0x08003cb0       0x1c ./Drivers/STM32U5xx_HAL_Driver/Src/stm32u5xx_hal_cortex.o
                0x08003cb0                HAL_NVIC_EnableIRQ
 .text.HAL_SYSTICK_Config
                0x08003ccc       0x44 ./Drivers/STM32U5xx_HAL_Driver/Src/stm32u5xx_hal_cortex.o
                0x08003ccc                HAL_SYSTICK_Config
 .text.HAL_SYSTICK_CLKSourceConfig
                0x08003d10       0xb0 ./Drivers/STM32U5xx_HAL_Driver/Src/stm32u5xx_hal_cortex.o
                0x08003d10                HAL_SYSTICK_CLKSourceConfig
 .text.HAL_SYSTICK_GetCLKSourceConfig
                0x08003dc0       0x74 ./Drivers/STM32U5xx_HAL_Driver/Src/stm32u5xx_hal_cortex.o
                0x08003dc0                HAL_SYSTICK_GetCLKSourceConfig
 .text.HAL_FDCAN_Init
                0x08003e34      0x2a4 ./Drivers/STM32U5xx_HAL_Driver/Src/stm32u5xx_hal_fdcan.o
                0x08003e34                HAL_FDCAN_Init
 .text.FDCAN_CalcultateRamBlockAddresses
                0x080040d8       0xac ./Drivers/STM32U5xx_HAL_Driver/Src/stm32u5xx_hal_fdcan.o
 .text.HAL_GPIO_Init
                0x08004184      0x3b0 ./Drivers/STM32U5xx_HAL_Driver/Src/stm32u5xx_hal_gpio.o
                0x08004184                HAL_GPIO_Init
 .text.HAL_GPIO_WritePin
                0x08004534       0x30 ./Drivers/STM32U5xx_HAL_Driver/Src/stm32u5xx_hal_gpio.o
                0x08004534                HAL_GPIO_WritePin
 .text.HAL_GPIO_TogglePin
                0x08004564       0x34 ./Drivers/STM32U5xx_HAL_Driver/Src/stm32u5xx_hal_gpio.o
                0x08004564                HAL_GPIO_TogglePin
 .text.HAL_ICACHE_ConfigAssociativityMode
                0x08004598       0x40 ./Drivers/STM32U5xx_HAL_Driver/Src/stm32u5xx_hal_icache.o
                0x08004598                HAL_ICACHE_ConfigAssociativityMode
 .text.HAL_ICACHE_Enable
                0x080045d8       0x20 ./Drivers/STM32U5xx_HAL_Driver/Src/stm32u5xx_hal_icache.o
                0x080045d8                HAL_ICACHE_Enable
 .text.HAL_PWREx_ControlVoltageScaling
                0x080045f8       0xfc ./Drivers/STM32U5xx_HAL_Driver/Src/stm32u5xx_hal_pwr_ex.o
                0x080045f8                HAL_PWREx_ControlVoltageScaling
 .text.HAL_PWREx_GetVoltageRange
                0x080046f4       0x1c ./Drivers/STM32U5xx_HAL_Driver/Src/stm32u5xx_hal_pwr_ex.o
                0x080046f4                HAL_PWREx_GetVoltageRange
 .text.HAL_PWREx_EnableVddA
                0x08004710       0x20 ./Drivers/STM32U5xx_HAL_Driver/Src/stm32u5xx_hal_pwr_ex.o
                0x08004710                HAL_PWREx_EnableVddA
 .text.HAL_RCC_OscConfig
                0x08004730      0xdb8 ./Drivers/STM32U5xx_HAL_Driver/Src/stm32u5xx_hal_rcc.o
                0x08004730                HAL_RCC_OscConfig
 .text.HAL_RCC_ClockConfig
                0x080054e8      0x3e4 ./Drivers/STM32U5xx_HAL_Driver/Src/stm32u5xx_hal_rcc.o
                0x080054e8                HAL_RCC_ClockConfig
 .text.HAL_RCC_GetSysClockFreq
                0x080058cc      0x204 ./Drivers/STM32U5xx_HAL_Driver/Src/stm32u5xx_hal_rcc.o
                0x080058cc                HAL_RCC_GetSysClockFreq
 .text.HAL_RCC_GetHCLKFreq
                0x08005ad0       0x34 ./Drivers/STM32U5xx_HAL_Driver/Src/stm32u5xx_hal_rcc.o
                0x08005ad0                HAL_RCC_GetHCLKFreq
 .text.RCC_SetFlashLatencyFromMSIRange
                0x08005b04      0x10c ./Drivers/STM32U5xx_HAL_Driver/Src/stm32u5xx_hal_rcc.o
 .text.HAL_RCCEx_PeriphCLKConfig
                0x08005c10      0xa44 ./Drivers/STM32U5xx_HAL_Driver/Src/stm32u5xx_hal_rcc_ex.o
                0x08005c10                HAL_RCCEx_PeriphCLKConfig
 .text.RCCEx_PLL2_Config
                0x08006654      0x130 ./Drivers/STM32U5xx_HAL_Driver/Src/stm32u5xx_hal_rcc_ex.o
 .text.RCCEx_PLL3_Config
                0x08006784      0x130 ./Drivers/STM32U5xx_HAL_Driver/Src/stm32u5xx_hal_rcc_ex.o
 .text.HAL_TIM_Base_Init
                0x080068b4       0xae ./Drivers/STM32U5xx_HAL_Driver/Src/stm32u5xx_hal_tim.o
                0x080068b4                HAL_TIM_Base_Init
 *fill*         0x08006962        0x2 
 .text.HAL_TIM_Base_Start_IT
                0x08006964      0x140 ./Drivers/STM32U5xx_HAL_Driver/Src/stm32u5xx_hal_tim.o
                0x08006964                HAL_TIM_Base_Start_IT
 .text.HAL_TIM_PWM_Init
                0x08006aa4       0xae ./Drivers/STM32U5xx_HAL_Driver/Src/stm32u5xx_hal_tim.o
                0x08006aa4                HAL_TIM_PWM_Init
 .text.HAL_TIM_PWM_MspInit
                0x08006b52       0x14 ./Drivers/STM32U5xx_HAL_Driver/Src/stm32u5xx_hal_tim.o
                0x08006b52                HAL_TIM_PWM_MspInit
 *fill*         0x08006b66        0x2 
 .text.HAL_TIM_PWM_Start
                0x08006b68      0x2a4 ./Drivers/STM32U5xx_HAL_Driver/Src/stm32u5xx_hal_tim.o
                0x08006b68                HAL_TIM_PWM_Start
 .text.HAL_TIM_IRQHandler
                0x08006e0c      0x29e ./Drivers/STM32U5xx_HAL_Driver/Src/stm32u5xx_hal_tim.o
                0x08006e0c                HAL_TIM_IRQHandler
 *fill*         0x080070aa        0x2 
 .text.HAL_TIM_PWM_ConfigChannel
                0x080070ac      0x228 ./Drivers/STM32U5xx_HAL_Driver/Src/stm32u5xx_hal_tim.o
                0x080070ac                HAL_TIM_PWM_ConfigChannel
 .text.HAL_TIM_ConfigClockSource
                0x080072d4      0x204 ./Drivers/STM32U5xx_HAL_Driver/Src/stm32u5xx_hal_tim.o
                0x080072d4                HAL_TIM_ConfigClockSource
 .text.HAL_TIM_OC_DelayElapsedCallback
                0x080074d8       0x14 ./Drivers/STM32U5xx_HAL_Driver/Src/stm32u5xx_hal_tim.o
                0x080074d8                HAL_TIM_OC_DelayElapsedCallback
 .text.HAL_TIM_IC_CaptureCallback
                0x080074ec       0x14 ./Drivers/STM32U5xx_HAL_Driver/Src/stm32u5xx_hal_tim.o
                0x080074ec                HAL_TIM_IC_CaptureCallback
 .text.HAL_TIM_PWM_PulseFinishedCallback
                0x08007500       0x14 ./Drivers/STM32U5xx_HAL_Driver/Src/stm32u5xx_hal_tim.o
                0x08007500                HAL_TIM_PWM_PulseFinishedCallback
 .text.HAL_TIM_TriggerCallback
                0x08007514       0x14 ./Drivers/STM32U5xx_HAL_Driver/Src/stm32u5xx_hal_tim.o
                0x08007514                HAL_TIM_TriggerCallback
 .text.TIM_Base_SetConfig
                0x08007528      0x20c ./Drivers/STM32U5xx_HAL_Driver/Src/stm32u5xx_hal_tim.o
                0x08007528                TIM_Base_SetConfig
 .text.TIM_OC1_SetConfig
                0x08007734      0x184 ./Drivers/STM32U5xx_HAL_Driver/Src/stm32u5xx_hal_tim.o
 .text.TIM_OC2_SetConfig
                0x080078b8      0x160 ./Drivers/STM32U5xx_HAL_Driver/Src/stm32u5xx_hal_tim.o
                0x080078b8                TIM_OC2_SetConfig
 .text.TIM_OC3_SetConfig
                0x08007a18      0x15c ./Drivers/STM32U5xx_HAL_Driver/Src/stm32u5xx_hal_tim.o
 .text.TIM_OC4_SetConfig
                0x08007b74      0x160 ./Drivers/STM32U5xx_HAL_Driver/Src/stm32u5xx_hal_tim.o
 .text.TIM_OC5_SetConfig
                0x08007cd4      0x104 ./Drivers/STM32U5xx_HAL_Driver/Src/stm32u5xx_hal_tim.o
 .text.TIM_OC6_SetConfig
                0x08007dd8      0x108 ./Drivers/STM32U5xx_HAL_Driver/Src/stm32u5xx_hal_tim.o
 .text.TIM_TI1_ConfigInputStage
                0x08007ee0       0x5e ./Drivers/STM32U5xx_HAL_Driver/Src/stm32u5xx_hal_tim.o
 .text.TIM_TI2_ConfigInputStage
                0x08007f3e       0x60 ./Drivers/STM32U5xx_HAL_Driver/Src/stm32u5xx_hal_tim.o
 .text.TIM_ITRx_SetConfig
                0x08007f9e       0x3a ./Drivers/STM32U5xx_HAL_Driver/Src/stm32u5xx_hal_tim.o
 .text.TIM_ETR_SetConfig
                0x08007fd8       0x40 ./Drivers/STM32U5xx_HAL_Driver/Src/stm32u5xx_hal_tim.o
                0x08007fd8                TIM_ETR_SetConfig
 .text.TIM_CCxChannelCmd
                0x08008018       0x4a ./Drivers/STM32U5xx_HAL_Driver/Src/stm32u5xx_hal_tim.o
                0x08008018                TIM_CCxChannelCmd
 *fill*         0x08008062        0x2 
 .text.HAL_TIMEx_MasterConfigSynchronization
                0x08008064      0x184 ./Drivers/STM32U5xx_HAL_Driver/Src/stm32u5xx_hal_tim_ex.o
                0x08008064                HAL_TIMEx_MasterConfigSynchronization
 .text.HAL_TIMEx_CommutCallback
                0x080081e8       0x14 ./Drivers/STM32U5xx_HAL_Driver/Src/stm32u5xx_hal_tim_ex.o
                0x080081e8                HAL_TIMEx_CommutCallback
 .text.HAL_TIMEx_BreakCallback
                0x080081fc       0x14 ./Drivers/STM32U5xx_HAL_Driver/Src/stm32u5xx_hal_tim_ex.o
                0x080081fc                HAL_TIMEx_BreakCallback
 .text.HAL_TIMEx_Break2Callback
                0x08008210       0x14 ./Drivers/STM32U5xx_HAL_Driver/Src/stm32u5xx_hal_tim_ex.o
                0x08008210                HAL_TIMEx_Break2Callback
 .text.HAL_TIMEx_EncoderIndexCallback
                0x08008224       0x14 ./Drivers/STM32U5xx_HAL_Driver/Src/stm32u5xx_hal_tim_ex.o
                0x08008224                HAL_TIMEx_EncoderIndexCallback
 .text.HAL_TIMEx_DirectionChangeCallback
                0x08008238       0x14 ./Drivers/STM32U5xx_HAL_Driver/Src/stm32u5xx_hal_tim_ex.o
                0x08008238                HAL_TIMEx_DirectionChangeCallback
 .text.HAL_TIMEx_IndexErrorCallback
                0x0800824c       0x14 ./Drivers/STM32U5xx_HAL_Driver/Src/stm32u5xx_hal_tim_ex.o
                0x0800824c                HAL_TIMEx_IndexErrorCallback
 .text.HAL_TIMEx_TransitionErrorCallback
                0x08008260       0x14 ./Drivers/STM32U5xx_HAL_Driver/Src/stm32u5xx_hal_tim_ex.o
                0x08008260                HAL_TIMEx_TransitionErrorCallback
 .text.memset   0x08008274       0x10 E:/ST/STM32CubeIDE_1.16.1/STM32CubeIDE/plugins/com.st.stm32cube.ide.mcu.externaltools.gnu-tools-for-stm32.12.3.rel1.win32_1.0.200.202406191623/tools/bin/../lib/gcc/arm-none-eabi/12.3.1/../../../../arm-none-eabi/lib/thumb/v8-m.main+fp/hard\libc_nano.a(libc_a-memset.o)
                0x08008274                memset
 .text.__libc_init_array
                0x08008284       0x48 E:/ST/STM32CubeIDE_1.16.1/STM32CubeIDE/plugins/com.st.stm32cube.ide.mcu.externaltools.gnu-tools-for-stm32.12.3.rel1.win32_1.0.200.202406191623/tools/bin/../lib/gcc/arm-none-eabi/12.3.1/../../../../arm-none-eabi/lib/thumb/v8-m.main+fp/hard\libc_nano.a(libc_a-init.o)
                0x08008284                __libc_init_array
 *(.glue_7)
 .glue_7        0x080082cc        0x0 linker stubs
 *(.glue_7t)
 .glue_7t       0x080082cc        0x0 linker stubs
 *(.eh_frame)
 .eh_frame      0x080082cc        0x0 E:/ST/STM32CubeIDE_1.16.1/STM32CubeIDE/plugins/com.st.stm32cube.ide.mcu.externaltools.gnu-tools-for-stm32.12.3.rel1.win32_1.0.200.202406191623/tools/bin/../lib/gcc/arm-none-eabi/12.3.1/thumb/v8-m.main+fp/hard/crtbegin.o
 *(.init)
 .init          0x080082cc        0x4 E:/ST/STM32CubeIDE_1.16.1/STM32CubeIDE/plugins/com.st.stm32cube.ide.mcu.externaltools.gnu-tools-for-stm32.12.3.rel1.win32_1.0.200.202406191623/tools/bin/../lib/gcc/arm-none-eabi/12.3.1/thumb/v8-m.main+fp/hard/crti.o
                0x080082cc                _init
 .init          0x080082d0        0x8 E:/ST/STM32CubeIDE_1.16.1/STM32CubeIDE/plugins/com.st.stm32cube.ide.mcu.externaltools.gnu-tools-for-stm32.12.3.rel1.win32_1.0.200.202406191623/tools/bin/../lib/gcc/arm-none-eabi/12.3.1/thumb/v8-m.main+fp/hard/crtn.o
 *(.fini)
 .fini          0x080082d8        0x4 E:/ST/STM32CubeIDE_1.16.1/STM32CubeIDE/plugins/com.st.stm32cube.ide.mcu.externaltools.gnu-tools-for-stm32.12.3.rel1.win32_1.0.200.202406191623/tools/bin/../lib/gcc/arm-none-eabi/12.3.1/thumb/v8-m.main+fp/hard/crti.o
                0x080082d8                _fini
 .fini          0x080082dc        0x8 E:/ST/STM32CubeIDE_1.16.1/STM32CubeIDE/plugins/com.st.stm32cube.ide.mcu.externaltools.gnu-tools-for-stm32.12.3.rel1.win32_1.0.200.202406191623/tools/bin/../lib/gcc/arm-none-eabi/12.3.1/thumb/v8-m.main+fp/hard/crtn.o
                0x080082e4                        _etext = .

.vfp11_veneer   0x080082e4        0x0
 .vfp11_veneer  0x080082e4        0x0 linker stubs

.v4_bx          0x080082e4        0x0
 .v4_bx         0x080082e4        0x0 linker stubs

.iplt           0x080082e4        0x0
 .iplt          0x080082e4        0x0 E:/ST/STM32CubeIDE_1.16.1/STM32CubeIDE/plugins/com.st.stm32cube.ide.mcu.externaltools.gnu-tools-for-stm32.12.3.rel1.win32_1.0.200.202406191623/tools/bin/../lib/gcc/arm-none-eabi/12.3.1/thumb/v8-m.main+fp/hard/crtbegin.o

.rodata         0x080082e4       0xd0
 *(.rodata)
 *(.rodata*)
 .rodata.AHBPrescTable
                0x080082e4       0x10 ./Core/Src/system_stm32u5xx.o
                0x080082e4                AHBPrescTable
 .rodata.MSIRangeTable
                0x080082f4       0x40 ./Core/Src/system_stm32u5xx.o
                0x080082f4                MSIRangeTable
 .rodata.LPGPIO_Map
                0x08008334       0x80 ./Drivers/STM32U5xx_HAL_Driver/Src/stm32u5xx_hal_gpio.o

.ARM.extab
 *(.ARM.extab* .gnu.linkonce.armextab.*)

.ARM            0x080083b4        0x0
                0x080083b4                        __exidx_start = .
 *(.ARM.exidx*)
                0x080083b4                        __exidx_end = .

.preinit_array  0x080083b4        0x0
                0x080083b4                        PROVIDE (__preinit_array_start = .)
 *(.preinit_array*)
                0x080083b4                        PROVIDE (__preinit_array_end = .)

.init_array     0x080083b4        0x4
                0x080083b4                        PROVIDE (__init_array_start = .)
 *(SORT_BY_NAME(.init_array.*))
 *(.init_array*)
 .init_array    0x080083b4        0x4 E:/ST/STM32CubeIDE_1.16.1/STM32CubeIDE/plugins/com.st.stm32cube.ide.mcu.externaltools.gnu-tools-for-stm32.12.3.rel1.win32_1.0.200.202406191623/tools/bin/../lib/gcc/arm-none-eabi/12.3.1/thumb/v8-m.main+fp/hard/crtbegin.o
                0x080083b8                        PROVIDE (__init_array_end = .)

.fini_array     0x080083b8        0x4
                [!provide]                        PROVIDE (__fini_array_start = .)
 *(SORT_BY_NAME(.fini_array.*))
 *(.fini_array*)
 .fini_array    0x080083b8        0x4 E:/ST/STM32CubeIDE_1.16.1/STM32CubeIDE/plugins/com.st.stm32cube.ide.mcu.externaltools.gnu-tools-for-stm32.12.3.rel1.win32_1.0.200.202406191623/tools/bin/../lib/gcc/arm-none-eabi/12.3.1/thumb/v8-m.main+fp/hard/crtbegin.o
                [!provide]                        PROVIDE (__fini_array_end = .)
                0x080083bc                        _sidata = LOADADDR (.data)

.rel.dyn        0x080083bc        0x0
 .rel.iplt      0x080083bc        0x0 E:/ST/STM32CubeIDE_1.16.1/STM32CubeIDE/plugins/com.st.stm32cube.ide.mcu.externaltools.gnu-tools-for-stm32.12.3.rel1.win32_1.0.200.202406191623/tools/bin/../lib/gcc/arm-none-eabi/12.3.1/thumb/v8-m.main+fp/hard/crtbegin.o

.data           0x20000000        0x9 load address 0x080083bc
                0x20000000                        _sdata = .
 *(.data)
 *(.data*)
 .data.SystemCoreClock
                0x20000000        0x4 ./Core/Src/system_stm32u5xx.o
                0x20000000                SystemCoreClock
 .data.uwTickPrio
                0x20000004        0x4 ./Drivers/STM32U5xx_HAL_Driver/Src/stm32u5xx_hal.o
                0x20000004                uwTickPrio
 .data.uwTickFreq
                0x20000008        0x1 ./Drivers/STM32U5xx_HAL_Driver/Src/stm32u5xx_hal.o
                0x20000008                uwTickFreq
 *(.RamFunc)
 *(.RamFunc*)
                0x20000009                        _edata = .

.igot.plt       0x2000000c        0x0 load address 0x080083c5
 .igot.plt      0x2000000c        0x0 E:/ST/STM32CubeIDE_1.16.1/STM32CubeIDE/plugins/com.st.stm32cube.ide.mcu.externaltools.gnu-tools-for-stm32.12.3.rel1.win32_1.0.200.202406191623/tools/bin/../lib/gcc/arm-none-eabi/12.3.1/thumb/v8-m.main+fp/hard/crtbegin.o

.bss            0x2000000c      0x2c0 load address 0x080083c5
                0x2000000c                        _sbss = .
                0x2000000c                        __bss_start__ = _sbss
 *(.bss)
 .bss           0x2000000c       0x1c E:/ST/STM32CubeIDE_1.16.1/STM32CubeIDE/plugins/com.st.stm32cube.ide.mcu.externaltools.gnu-tools-for-stm32.12.3.rel1.win32_1.0.200.202406191623/tools/bin/../lib/gcc/arm-none-eabi/12.3.1/thumb/v8-m.main+fp/hard/crtbegin.o
 *(.bss*)
 .bss.hadc1     0x20000028       0x8c ./Core/Src/adc.o
                0x20000028                hadc1
 .bss.hadc4     0x200000b4       0x8c ./Core/Src/adc.o
                0x200000b4                hadc4
 .bss.hfdcan1   0x20000140       0x64 ./Core/Src/fdcan.o
                0x20000140                hfdcan1
 .bss.adcData1  0x200001a4       0x20 ./Core/Src/main.o
                0x200001a4                adcData1
 .bss.adcV1     0x200001c4       0x40 ./Core/Src/main.o
                0x200001c4                adcV1
 .bss.channelCounter
                0x20000204        0x1 ./Core/Src/main.o
 *fill*         0x20000205        0x3 
 .bss.millisLedBlink.3
                0x20000208        0x4 ./Core/Src/main.o
 .bss.pippoCounter.2
                0x2000020c        0x2 ./Core/Src/main.o
 .bss.initFlag.1
                0x2000020e        0x1 ./Core/Src/main.o
 *fill*         0x2000020f        0x1 
 .bss.sConfig.0
                0x20000210       0x20 ./Core/Src/main.o
 .bss.htim2     0x20000230       0x4c ./Core/Src/tim.o
                0x20000230                htim2
 .bss.htim7     0x2000027c       0x4c ./Core/Src/tim.o
                0x2000027c                htim7
 .bss.uwTick    0x200002c8        0x4 ./Drivers/STM32U5xx_HAL_Driver/Src/stm32u5xx_hal.o
                0x200002c8                uwTick
 *(COMMON)
                0x200002cc                        _ebss = .
                0x200002cc                        __bss_end__ = _ebss

._user_heap_stack
                0x200002cc      0x604 load address 0x080083c5
                0x200002d0                        . = ALIGN (0x8)
 *fill*         0x200002cc        0x4 
                [!provide]                        PROVIDE (end = .)
                0x200002d0                        PROVIDE (_end = .)
                0x200004d0                        . = (. + _Min_Heap_Size)
 *fill*         0x200002d0      0x200 
                0x200008d0                        . = (. + _Min_Stack_Size)
 *fill*         0x200004d0      0x400 
                0x200008d0                        . = ALIGN (0x8)

/DISCARD/
 libc.a(*)
 libm.a(*)
 libgcc.a(*)

.ARM.attributes
                0x00000000       0x36
 *(.ARM.attributes)
 .ARM.attributes
                0x00000000       0x26 E:/ST/STM32CubeIDE_1.16.1/STM32CubeIDE/plugins/com.st.stm32cube.ide.mcu.externaltools.gnu-tools-for-stm32.12.3.rel1.win32_1.0.200.202406191623/tools/bin/../lib/gcc/arm-none-eabi/12.3.1/thumb/v8-m.main+fp/hard/crti.o
 .ARM.attributes
                0x00000026       0x38 E:/ST/STM32CubeIDE_1.16.1/STM32CubeIDE/plugins/com.st.stm32cube.ide.mcu.externaltools.gnu-tools-for-stm32.12.3.rel1.win32_1.0.200.202406191623/tools/bin/../lib/gcc/arm-none-eabi/12.3.1/thumb/v8-m.main+fp/hard/crtbegin.o
 .ARM.attributes
                0x0000005e       0x3a ./Core/Src/adc.o
 .ARM.attributes
                0x00000098       0x3a ./Core/Src/fdcan.o
 .ARM.attributes
                0x000000d2       0x3a ./Core/Src/gpio.o
 .ARM.attributes
                0x0000010c       0x3a ./Core/Src/icache.o
 .ARM.attributes
                0x00000146       0x3a ./Core/Src/main.o
 .ARM.attributes
                0x00000180       0x3a ./Core/Src/stm32u5xx_hal_msp.o
 .ARM.attributes
                0x000001ba       0x3a ./Core/Src/stm32u5xx_it.o
 .ARM.attributes
                0x000001f4       0x3a ./Core/Src/system_stm32u5xx.o
 .ARM.attributes
                0x0000022e       0x3a ./Core/Src/tim.o
 .ARM.attributes
                0x00000268       0x24 ./Core/Startup/startup_stm32u535ceux.o
 .ARM.attributes
                0x0000028c       0x3a ./Drivers/STM32U5xx_HAL_Driver/Src/stm32u5xx_hal.o
 .ARM.attributes
                0x000002c6       0x3a ./Drivers/STM32U5xx_HAL_Driver/Src/stm32u5xx_hal_adc.o
 .ARM.attributes
                0x00000300       0x3a ./Drivers/STM32U5xx_HAL_Driver/Src/stm32u5xx_hal_adc_ex.o
 .ARM.attributes
                0x0000033a       0x3a ./Drivers/STM32U5xx_HAL_Driver/Src/stm32u5xx_hal_cortex.o
 .ARM.attributes
                0x00000374       0x3a ./Drivers/STM32U5xx_HAL_Driver/Src/stm32u5xx_hal_fdcan.o
 .ARM.attributes
                0x000003ae       0x3a ./Drivers/STM32U5xx_HAL_Driver/Src/stm32u5xx_hal_gpio.o
 .ARM.attributes
                0x000003e8       0x3a ./Drivers/STM32U5xx_HAL_Driver/Src/stm32u5xx_hal_icache.o
 .ARM.attributes
                0x00000422       0x3a ./Drivers/STM32U5xx_HAL_Driver/Src/stm32u5xx_hal_pwr_ex.o
 .ARM.attributes
                0x0000045c       0x3a ./Drivers/STM32U5xx_HAL_Driver/Src/stm32u5xx_hal_rcc.o
 .ARM.attributes
                0x00000496       0x3a ./Drivers/STM32U5xx_HAL_Driver/Src/stm32u5xx_hal_rcc_ex.o
 .ARM.attributes
                0x000004d0       0x3a ./Drivers/STM32U5xx_HAL_Driver/Src/stm32u5xx_hal_tim.o
 .ARM.attributes
                0x0000050a       0x3a ./Drivers/STM32U5xx_HAL_Driver/Src/stm32u5xx_hal_tim_ex.o
 .ARM.attributes
                0x00000544       0x38 E:/ST/STM32CubeIDE_1.16.1/STM32CubeIDE/plugins/com.st.stm32cube.ide.mcu.externaltools.gnu-tools-for-stm32.12.3.rel1.win32_1.0.200.202406191623/tools/bin/../lib/gcc/arm-none-eabi/12.3.1/../../../../arm-none-eabi/lib/thumb/v8-m.main+fp/hard\libc_nano.a(libc_a-memset.o)
 .ARM.attributes
                0x0000057c       0x38 E:/ST/STM32CubeIDE_1.16.1/STM32CubeIDE/plugins/com.st.stm32cube.ide.mcu.externaltools.gnu-tools-for-stm32.12.3.rel1.win32_1.0.200.202406191623/tools/bin/../lib/gcc/arm-none-eabi/12.3.1/../../../../arm-none-eabi/lib/thumb/v8-m.main+fp/hard\libc_nano.a(libc_a-init.o)
 .ARM.attributes
                0x000005b4       0x26 E:/ST/STM32CubeIDE_1.16.1/STM32CubeIDE/plugins/com.st.stm32cube.ide.mcu.externaltools.gnu-tools-for-stm32.12.3.rel1.win32_1.0.200.202406191623/tools/bin/../lib/gcc/arm-none-eabi/12.3.1/thumb/v8-m.main+fp/hard\libgcc.a(_arm_addsubdf3.o)
 .ARM.attributes
                0x000005da       0x26 E:/ST/STM32CubeIDE_1.16.1/STM32CubeIDE/plugins/com.st.stm32cube.ide.mcu.externaltools.gnu-tools-for-stm32.12.3.rel1.win32_1.0.200.202406191623/tools/bin/../lib/gcc/arm-none-eabi/12.3.1/thumb/v8-m.main+fp/hard\libgcc.a(_arm_muldivdf3.o)
 .ARM.attributes
                0x00000600       0x26 E:/ST/STM32CubeIDE_1.16.1/STM32CubeIDE/plugins/com.st.stm32cube.ide.mcu.externaltools.gnu-tools-for-stm32.12.3.rel1.win32_1.0.200.202406191623/tools/bin/../lib/gcc/arm-none-eabi/12.3.1/thumb/v8-m.main+fp/hard\libgcc.a(_arm_truncdfsf2.o)
 .ARM.attributes
                0x00000626       0x26 E:/ST/STM32CubeIDE_1.16.1/STM32CubeIDE/plugins/com.st.stm32cube.ide.mcu.externaltools.gnu-tools-for-stm32.12.3.rel1.win32_1.0.200.202406191623/tools/bin/../lib/gcc/arm-none-eabi/12.3.1/thumb/v8-m.main+fp/hard/crtn.o
OUTPUT(AE_PROJECT.elf elf32-littlearm)
LOAD linker stubs
LOAD E:/ST/STM32CubeIDE_1.16.1/STM32CubeIDE/plugins/com.st.stm32cube.ide.mcu.externaltools.gnu-tools-for-stm32.12.3.rel1.win32_1.0.200.202406191623/tools/bin/../lib/gcc/arm-none-eabi/12.3.1/../../../../arm-none-eabi/lib/thumb/v8-m.main+fp/hard\libc.a
LOAD E:/ST/STM32CubeIDE_1.16.1/STM32CubeIDE/plugins/com.st.stm32cube.ide.mcu.externaltools.gnu-tools-for-stm32.12.3.rel1.win32_1.0.200.202406191623/tools/bin/../lib/gcc/arm-none-eabi/12.3.1/../../../../arm-none-eabi/lib/thumb/v8-m.main+fp/hard\libm.a
LOAD E:/ST/STM32CubeIDE_1.16.1/STM32CubeIDE/plugins/com.st.stm32cube.ide.mcu.externaltools.gnu-tools-for-stm32.12.3.rel1.win32_1.0.200.202406191623/tools/bin/../lib/gcc/arm-none-eabi/12.3.1/thumb/v8-m.main+fp/hard\libgcc.a

.debug_info     0x00000000    0x185fb
 .debug_info    0x00000000     0x1794 ./Core/Src/adc.o
 .debug_info    0x00001794      0xea4 ./Core/Src/fdcan.o
 .debug_info    0x00002638      0x60c ./Core/Src/gpio.o
 .debug_info    0x00002c44      0x114 ./Core/Src/icache.o
 .debug_info    0x00002d58     0x15a5 ./Core/Src/main.o
 .debug_info    0x000042fd      0x40c ./Core/Src/stm32u5xx_hal_msp.o
 .debug_info    0x00004709      0xecc ./Core/Src/stm32u5xx_it.o
 .debug_info    0x000055d5      0x929 ./Core/Src/system_stm32u5xx.o
 .debug_info    0x00005efe     0x141f ./Core/Src/tim.o
 .debug_info    0x0000731d       0x30 ./Core/Startup/startup_stm32u535ceux.o
 .debug_info    0x0000734d     0x10f5 ./Drivers/STM32U5xx_HAL_Driver/Src/stm32u5xx_hal.o
 .debug_info    0x00008442     0x2669 ./Drivers/STM32U5xx_HAL_Driver/Src/stm32u5xx_hal_adc.o
 .debug_info    0x0000aaab     0x1d31 ./Drivers/STM32U5xx_HAL_Driver/Src/stm32u5xx_hal_adc_ex.o
 .debug_info    0x0000c7dc     0x15f8 ./Drivers/STM32U5xx_HAL_Driver/Src/stm32u5xx_hal_cortex.o
 .debug_info    0x0000ddd4     0x1920 ./Drivers/STM32U5xx_HAL_Driver/Src/stm32u5xx_hal_fdcan.o
 .debug_info    0x0000f6f4      0x859 ./Drivers/STM32U5xx_HAL_Driver/Src/stm32u5xx_hal_gpio.o
 .debug_info    0x0000ff4d      0x4d6 ./Drivers/STM32U5xx_HAL_Driver/Src/stm32u5xx_hal_icache.o
 .debug_info    0x00010423      0xddc ./Drivers/STM32U5xx_HAL_Driver/Src/stm32u5xx_hal_pwr_ex.o
 .debug_info    0x000111ff     0x114d ./Drivers/STM32U5xx_HAL_Driver/Src/stm32u5xx_hal_rcc.o
 .debug_info    0x0001234c     0x155d ./Drivers/STM32U5xx_HAL_Driver/Src/stm32u5xx_hal_rcc_ex.o
 .debug_info    0x000138a9     0x2e54 ./Drivers/STM32U5xx_HAL_Driver/Src/stm32u5xx_hal_tim.o
 .debug_info    0x000166fd     0x1efe ./Drivers/STM32U5xx_HAL_Driver/Src/stm32u5xx_hal_tim_ex.o

.debug_abbrev   0x00000000     0x2ec6
 .debug_abbrev  0x00000000      0x239 ./Core/Src/adc.o
 .debug_abbrev  0x00000239      0x1f5 ./Core/Src/fdcan.o
 .debug_abbrev  0x0000042e      0x179 ./Core/Src/gpio.o
 .debug_abbrev  0x000005a7       0xb6 ./Core/Src/icache.o
 .debug_abbrev  0x0000065d      0x360 ./Core/Src/main.o
 .debug_abbrev  0x000009bd       0xde ./Core/Src/stm32u5xx_hal_msp.o
 .debug_abbrev  0x00000a9b      0x1c6 ./Core/Src/stm32u5xx_it.o
 .debug_abbrev  0x00000c61      0x129 ./Core/Src/system_stm32u5xx.o
 .debug_abbrev  0x00000d8a      0x262 ./Core/Src/tim.o
 .debug_abbrev  0x00000fec       0x24 ./Core/Startup/startup_stm32u535ceux.o
 .debug_abbrev  0x00001010      0x2b8 ./Drivers/STM32U5xx_HAL_Driver/Src/stm32u5xx_hal.o
 .debug_abbrev  0x000012c8      0x2ce ./Drivers/STM32U5xx_HAL_Driver/Src/stm32u5xx_hal_adc.o
 .debug_abbrev  0x00001596      0x2f3 ./Drivers/STM32U5xx_HAL_Driver/Src/stm32u5xx_hal_adc_ex.o
 .debug_abbrev  0x00001889      0x311 ./Drivers/STM32U5xx_HAL_Driver/Src/stm32u5xx_hal_cortex.o
 .debug_abbrev  0x00001b9a      0x20b ./Drivers/STM32U5xx_HAL_Driver/Src/stm32u5xx_hal_fdcan.o
 .debug_abbrev  0x00001da5      0x25a ./Drivers/STM32U5xx_HAL_Driver/Src/stm32u5xx_hal_gpio.o
 .debug_abbrev  0x00001fff      0x228 ./Drivers/STM32U5xx_HAL_Driver/Src/stm32u5xx_hal_icache.o
 .debug_abbrev  0x00002227      0x215 ./Drivers/STM32U5xx_HAL_Driver/Src/stm32u5xx_hal_pwr_ex.o
 .debug_abbrev  0x0000243c      0x2c9 ./Drivers/STM32U5xx_HAL_Driver/Src/stm32u5xx_hal_rcc.o
 .debug_abbrev  0x00002705      0x23d ./Drivers/STM32U5xx_HAL_Driver/Src/stm32u5xx_hal_rcc_ex.o
 .debug_abbrev  0x00002942      0x2bd ./Drivers/STM32U5xx_HAL_Driver/Src/stm32u5xx_hal_tim.o
 .debug_abbrev  0x00002bff      0x2c7 ./Drivers/STM32U5xx_HAL_Driver/Src/stm32u5xx_hal_tim_ex.o

.debug_aranges  0x00000000     0x15c0
 .debug_aranges
                0x00000000       0x38 ./Core/Src/adc.o
 .debug_aranges
                0x00000038       0x30 ./Core/Src/fdcan.o
 .debug_aranges
                0x00000068       0x20 ./Core/Src/gpio.o
 .debug_aranges
                0x00000088       0x20 ./Core/Src/icache.o
 .debug_aranges
                0x000000a8       0x40 ./Core/Src/main.o
 .debug_aranges
                0x000000e8       0x20 ./Core/Src/stm32u5xx_hal_msp.o
 .debug_aranges
                0x00000108       0x70 ./Core/Src/stm32u5xx_it.o
 .debug_aranges
                0x00000178       0x28 ./Core/Src/system_stm32u5xx.o
 .debug_aranges
                0x000001a0       0x40 ./Core/Src/tim.o
 .debug_aranges
                0x000001e0       0x28 ./Core/Startup/startup_stm32u535ceux.o
 .debug_aranges
                0x00000208      0x148 ./Drivers/STM32U5xx_HAL_Driver/Src/stm32u5xx_hal.o
 .debug_aranges
                0x00000350      0x270 ./Drivers/STM32U5xx_HAL_Driver/Src/stm32u5xx_hal_adc.o
 .debug_aranges
                0x000005c0      0x178 ./Drivers/STM32U5xx_HAL_Driver/Src/stm32u5xx_hal_adc_ex.o
 .debug_aranges
                0x00000738      0x140 ./Drivers/STM32U5xx_HAL_Driver/Src/stm32u5xx_hal_cortex.o
 .debug_aranges
                0x00000878      0x208 ./Drivers/STM32U5xx_HAL_Driver/Src/stm32u5xx_hal_fdcan.o
 .debug_aranges
                0x00000a80       0x78 ./Drivers/STM32U5xx_HAL_Driver/Src/stm32u5xx_hal_gpio.o
 .debug_aranges
                0x00000af8       0xa8 ./Drivers/STM32U5xx_HAL_Driver/Src/stm32u5xx_hal_icache.o
 .debug_aranges
                0x00000ba0      0x1e0 ./Drivers/STM32U5xx_HAL_Driver/Src/stm32u5xx_hal_pwr_ex.o
 .debug_aranges
                0x00000d80       0xa8 ./Drivers/STM32U5xx_HAL_Driver/Src/stm32u5xx_hal_rcc.o
 .debug_aranges
                0x00000e28      0x160 ./Drivers/STM32U5xx_HAL_Driver/Src/stm32u5xx_hal_rcc_ex.o
 .debug_aranges
                0x00000f88      0x3e8 ./Drivers/STM32U5xx_HAL_Driver/Src/stm32u5xx_hal_tim.o
 .debug_aranges
                0x00001370      0x250 ./Drivers/STM32U5xx_HAL_Driver/Src/stm32u5xx_hal_tim_ex.o

.debug_rnglists
                0x00000000     0x10a9
 .debug_rnglists
                0x00000000       0x28 ./Core/Src/adc.o
 .debug_rnglists
                0x00000028       0x21 ./Core/Src/fdcan.o
 .debug_rnglists
                0x00000049       0x14 ./Core/Src/gpio.o
 .debug_rnglists
                0x0000005d       0x13 ./Core/Src/icache.o
 .debug_rnglists
                0x00000070       0x2e ./Core/Src/main.o
 .debug_rnglists
                0x0000009e       0x13 ./Core/Src/stm32u5xx_hal_msp.o
 .debug_rnglists
                0x000000b1       0x4f ./Core/Src/stm32u5xx_it.o
 .debug_rnglists
                0x00000100       0x1a ./Core/Src/system_stm32u5xx.o
 .debug_rnglists
                0x0000011a       0x2c ./Core/Src/tim.o
 .debug_rnglists
                0x00000146       0x19 ./Core/Startup/startup_stm32u535ceux.o
 .debug_rnglists
                0x0000015f       0xf3 ./Drivers/STM32U5xx_HAL_Driver/Src/stm32u5xx_hal.o
 .debug_rnglists
                0x00000252      0x1e2 ./Drivers/STM32U5xx_HAL_Driver/Src/stm32u5xx_hal_adc.o
 .debug_rnglists
                0x00000434      0x124 ./Drivers/STM32U5xx_HAL_Driver/Src/stm32u5xx_hal_adc_ex.o
 .debug_rnglists
                0x00000558       0xec ./Drivers/STM32U5xx_HAL_Driver/Src/stm32u5xx_hal_cortex.o
 .debug_rnglists
                0x00000644      0x18d ./Drivers/STM32U5xx_HAL_Driver/Src/stm32u5xx_hal_fdcan.o
 .debug_rnglists
                0x000007d1       0x5a ./Drivers/STM32U5xx_HAL_Driver/Src/stm32u5xx_hal_gpio.o
 .debug_rnglists
                0x0000082b       0x7a ./Drivers/STM32U5xx_HAL_Driver/Src/stm32u5xx_hal_icache.o
 .debug_rnglists
                0x000008a5      0x16e ./Drivers/STM32U5xx_HAL_Driver/Src/stm32u5xx_hal_pwr_ex.o
 .debug_rnglists
                0x00000a13       0x7f ./Drivers/STM32U5xx_HAL_Driver/Src/stm32u5xx_hal_rcc.o
 .debug_rnglists
                0x00000a92      0x113 ./Drivers/STM32U5xx_HAL_Driver/Src/stm32u5xx_hal_rcc_ex.o
 .debug_rnglists
                0x00000ba5      0x32e ./Drivers/STM32U5xx_HAL_Driver/Src/stm32u5xx_hal_tim.o
 .debug_rnglists
                0x00000ed3      0x1d6 ./Drivers/STM32U5xx_HAL_Driver/Src/stm32u5xx_hal_tim_ex.o

.debug_macro    0x00000000    0x2f8bf
 .debug_macro   0x00000000      0x2aa ./Core/Src/adc.o
 .debug_macro   0x000002aa      0xaba ./Core/Src/adc.o
 .debug_macro   0x00000d64      0x1f2 ./Core/Src/adc.o
 .debug_macro   0x00000f56       0x2e ./Core/Src/adc.o
 .debug_macro   0x00000f84       0x42 ./Core/Src/adc.o
 .debug_macro   0x00000fc6       0x22 ./Core/Src/adc.o
 .debug_macro   0x00000fe8       0x8e ./Core/Src/adc.o
 .debug_macro   0x00001076       0x51 ./Core/Src/adc.o
 .debug_macro   0x000010c7      0x103 ./Core/Src/adc.o
 .debug_macro   0x000011ca       0x6a ./Core/Src/adc.o
 .debug_macro   0x00001234      0x1df ./Core/Src/adc.o
 .debug_macro   0x00001413       0x1c ./Core/Src/adc.o
 .debug_macro   0x0000142f       0x29 ./Core/Src/adc.o
 .debug_macro   0x00001458       0xfb ./Core/Src/adc.o
 .debug_macro   0x00001553     0x1685 ./Core/Src/adc.o
 .debug_macro   0x00002bd8       0x5e ./Core/Src/adc.o
 .debug_macro   0x00002c36    0x1d34f ./Core/Src/adc.o
 .debug_macro   0x0001ff85       0x6d ./Core/Src/adc.o
 .debug_macro   0x0001fff2     0x3873 ./Core/Src/adc.o
 .debug_macro   0x00023865      0x189 ./Core/Src/adc.o
 .debug_macro   0x000239ee       0x61 ./Core/Src/adc.o
 .debug_macro   0x00023a4f       0x2a ./Core/Src/adc.o
 .debug_macro   0x00023a79       0x43 ./Core/Src/adc.o
 .debug_macro   0x00023abc       0x34 ./Core/Src/adc.o
 .debug_macro   0x00023af0       0x16 ./Core/Src/adc.o
 .debug_macro   0x00023b06       0x43 ./Core/Src/adc.o
 .debug_macro   0x00023b49       0x34 ./Core/Src/adc.o
 .debug_macro   0x00023b7d       0x10 ./Core/Src/adc.o
 .debug_macro   0x00023b8d       0x58 ./Core/Src/adc.o
 .debug_macro   0x00023be5       0x8e ./Core/Src/adc.o
 .debug_macro   0x00023c73       0x1c ./Core/Src/adc.o
 .debug_macro   0x00023c8f      0x177 ./Core/Src/adc.o
 .debug_macro   0x00023e06      0x369 ./Core/Src/adc.o
 .debug_macro   0x0002416f      0x19b ./Core/Src/adc.o
 .debug_macro   0x0002430a       0x5d ./Core/Src/adc.o
 .debug_macro   0x00024367     0x1853 ./Core/Src/adc.o
 .debug_macro   0x00025bba      0x773 ./Core/Src/adc.o
 .debug_macro   0x0002632d      0x166 ./Core/Src/adc.o
 .debug_macro   0x00026493      0x250 ./Core/Src/adc.o
 .debug_macro   0x000266e3       0xc9 ./Core/Src/adc.o
 .debug_macro   0x000267ac      0x574 ./Core/Src/adc.o
 .debug_macro   0x00026d20      0x440 ./Core/Src/adc.o
 .debug_macro   0x00027160       0xd6 ./Core/Src/adc.o
 .debug_macro   0x00027236      0x1cd ./Core/Src/adc.o
 .debug_macro   0x00027403     0x1415 ./Core/Src/adc.o
 .debug_macro   0x00028818      0x950 ./Core/Src/adc.o
 .debug_macro   0x00029168      0x2cd ./Core/Src/adc.o
 .debug_macro   0x00029435      0x42b ./Core/Src/adc.o
 .debug_macro   0x00029860       0x95 ./Core/Src/adc.o
 .debug_macro   0x000298f5      0x11c ./Core/Src/adc.o
 .debug_macro   0x00029a11      0x525 ./Core/Src/adc.o
 .debug_macro   0x00029f36      0x448 ./Core/Src/adc.o
 .debug_macro   0x0002a37e      0xbc5 ./Core/Src/adc.o
 .debug_macro   0x0002af43      0x45f ./Core/Src/adc.o
 .debug_macro   0x0002b3a2      0x1b8 ./Core/Src/adc.o
 .debug_macro   0x0002b55a      0x6bd ./Core/Src/adc.o
 .debug_macro   0x0002bc17      0x361 ./Core/Src/adc.o
 .debug_macro   0x0002bf78       0xe8 ./Core/Src/adc.o
 .debug_macro   0x0002c060      0x2aa ./Core/Src/fdcan.o
 .debug_macro   0x0002c30a      0x2aa ./Core/Src/gpio.o
 .debug_macro   0x0002c5b4      0x2aa ./Core/Src/icache.o
 .debug_macro   0x0002c85e      0x2e0 ./Core/Src/main.o
 .debug_macro   0x0002cb3e      0x2a0 ./Core/Src/stm32u5xx_hal_msp.o
 .debug_macro   0x0002cdde      0x2aa ./Core/Src/stm32u5xx_it.o
 .debug_macro   0x0002d088      0x298 ./Core/Src/system_stm32u5xx.o
 .debug_macro   0x0002d320      0x2aa ./Core/Src/tim.o
 .debug_macro   0x0002d5ca      0x2b5 ./Drivers/STM32U5xx_HAL_Driver/Src/stm32u5xx_hal.o
 .debug_macro   0x0002d87f      0x2b5 ./Drivers/STM32U5xx_HAL_Driver/Src/stm32u5xx_hal_adc.o
 .debug_macro   0x0002db34      0x29d ./Drivers/STM32U5xx_HAL_Driver/Src/stm32u5xx_hal_adc_ex.o
 .debug_macro   0x0002ddd1      0x291 ./Drivers/STM32U5xx_HAL_Driver/Src/stm32u5xx_hal_cortex.o
 .debug_macro   0x0002e062      0x3a3 ./Drivers/STM32U5xx_HAL_Driver/Src/stm32u5xx_hal_fdcan.o
 .debug_macro   0x0002e405      0x2c6 ./Drivers/STM32U5xx_HAL_Driver/Src/stm32u5xx_hal_gpio.o
 .debug_macro   0x0002e6cb      0x2c3 ./Drivers/STM32U5xx_HAL_Driver/Src/stm32u5xx_hal_icache.o
 .debug_macro   0x0002e98e      0x2bc ./Drivers/STM32U5xx_HAL_Driver/Src/stm32u5xx_hal_pwr_ex.o
 .debug_macro   0x0002ec4a      0x397 ./Drivers/STM32U5xx_HAL_Driver/Src/stm32u5xx_hal_rcc.o
 .debug_macro   0x0002efe1      0x3ae ./Drivers/STM32U5xx_HAL_Driver/Src/stm32u5xx_hal_rcc_ex.o
 .debug_macro   0x0002f38f      0x299 ./Drivers/STM32U5xx_HAL_Driver/Src/stm32u5xx_hal_tim.o
 .debug_macro   0x0002f628      0x297 ./Drivers/STM32U5xx_HAL_Driver/Src/stm32u5xx_hal_tim_ex.o

.debug_line     0x00000000    0x19ea9
 .debug_line    0x00000000      0xa21 ./Core/Src/adc.o
 .debug_line    0x00000a21      0x960 ./Core/Src/fdcan.o
 .debug_line    0x00001381      0x931 ./Core/Src/gpio.o
 .debug_line    0x00001cb2      0x8dc ./Core/Src/icache.o
 .debug_line    0x0000258e      0xa98 ./Core/Src/main.o
 .debug_line    0x00003026      0x8cb ./Core/Src/stm32u5xx_hal_msp.o
 .debug_line    0x000038f1      0x9be ./Core/Src/stm32u5xx_it.o
 .debug_line    0x000042af      0x9cd ./Core/Src/system_stm32u5xx.o
 .debug_line    0x00004c7c      0xa07 ./Core/Src/tim.o
 .debug_line    0x00005683       0x7b ./Core/Startup/startup_stm32u535ceux.o
 .debug_line    0x000056fe      0xd4a ./Drivers/STM32U5xx_HAL_Driver/Src/stm32u5xx_hal.o
 .debug_line    0x00006448     0x2877 ./Drivers/STM32U5xx_HAL_Driver/Src/stm32u5xx_hal_adc.o
 .debug_line    0x00008cbf     0x1913 ./Drivers/STM32U5xx_HAL_Driver/Src/stm32u5xx_hal_adc_ex.o
 .debug_line    0x0000a5d2      0xf3c ./Drivers/STM32U5xx_HAL_Driver/Src/stm32u5xx_hal_cortex.o
 .debug_line    0x0000b50e     0x1acf ./Drivers/STM32U5xx_HAL_Driver/Src/stm32u5xx_hal_fdcan.o
 .debug_line    0x0000cfdd      0xe5b ./Drivers/STM32U5xx_HAL_Driver/Src/stm32u5xx_hal_gpio.o
 .debug_line    0x0000de38      0xbb1 ./Drivers/STM32U5xx_HAL_Driver/Src/stm32u5xx_hal_icache.o
 .debug_line    0x0000e9e9     0x11af ./Drivers/STM32U5xx_HAL_Driver/Src/stm32u5xx_hal_pwr_ex.o
 .debug_line    0x0000fb98     0x15f5 ./Drivers/STM32U5xx_HAL_Driver/Src/stm32u5xx_hal_rcc.o
 .debug_line    0x0001118d     0x22c3 ./Drivers/STM32U5xx_HAL_Driver/Src/stm32u5xx_hal_rcc_ex.o
 .debug_line    0x00013450     0x4647 ./Drivers/STM32U5xx_HAL_Driver/Src/stm32u5xx_hal_tim.o
 .debug_line    0x00017a97     0x2412 ./Drivers/STM32U5xx_HAL_Driver/Src/stm32u5xx_hal_tim_ex.o

.debug_str      0x00000000   0x13756b
 .debug_str     0x00000000   0x12d46c ./Core/Src/adc.o
                             0x12e31a (size before relaxing)
 .debug_str     0x0012d46c      0x34b ./Core/Src/fdcan.o
                             0x12d814 (size before relaxing)
 .debug_str     0x0012d7b7       0x68 ./Core/Src/gpio.o
                             0x12d14e (size before relaxing)
 .debug_str     0x0012d81f       0x67 ./Core/Src/icache.o
                             0x12ceb0 (size before relaxing)
 .debug_str     0x0012d886      0x653 ./Core/Src/main.o
                             0x12de59 (size before relaxing)
 .debug_str     0x0012ded9       0x2c ./Core/Src/stm32u5xx_hal_msp.o
                             0x12d06b (size before relaxing)
 .debug_str     0x0012df05      0x10f ./Core/Src/stm32u5xx_it.o
                             0x12d973 (size before relaxing)
 .debug_str     0x0012e014      0x1c9 ./Core/Src/system_stm32u5xx.o
                             0x12cdaa (size before relaxing)
 .debug_str     0x0012e1dd      0x1f0 ./Core/Src/tim.o
                             0x12e0c8 (size before relaxing)
 .debug_str     0x0012e3cd       0x44 ./Core/Startup/startup_stm32u535ceux.o
                                 0x89 (size before relaxing)
 .debug_str     0x0012e411      0x76b ./Drivers/STM32U5xx_HAL_Driver/Src/stm32u5xx_hal.o
                             0x12db27 (size before relaxing)
 .debug_str     0x0012eb7c      0xdbb ./Drivers/STM32U5xx_HAL_Driver/Src/stm32u5xx_hal_adc.o
                             0x12e09a (size before relaxing)
 .debug_str     0x0012f937      0x64d ./Drivers/STM32U5xx_HAL_Driver/Src/stm32u5xx_hal_adc_ex.o
                             0x12dbf1 (size before relaxing)
 .debug_str     0x0012ff84      0x3cb ./Drivers/STM32U5xx_HAL_Driver/Src/stm32u5xx_hal_cortex.o
                             0x12d961 (size before relaxing)
 .debug_str     0x0013034f     0x1335 ./Drivers/STM32U5xx_HAL_Driver/Src/stm32u5xx_hal_fdcan.o
                             0x12e19e (size before relaxing)
 .debug_str     0x00131684      0x2c4 ./Drivers/STM32U5xx_HAL_Driver/Src/stm32u5xx_hal_gpio.o
                             0x12cdcf (size before relaxing)
 .debug_str     0x00131948      0x673 ./Drivers/STM32U5xx_HAL_Driver/Src/stm32u5xx_hal_icache.o
                             0x12d0cc (size before relaxing)
 .debug_str     0x00131fbb      0x78a ./Drivers/STM32U5xx_HAL_Driver/Src/stm32u5xx_hal_pwr_ex.o
                             0x12d44a (size before relaxing)
 .debug_str     0x00132745     0x1301 ./Drivers/STM32U5xx_HAL_Driver/Src/stm32u5xx_hal_rcc.o
                             0x12e40f (size before relaxing)
 .debug_str     0x00133a46     0x239c ./Drivers/STM32U5xx_HAL_Driver/Src/stm32u5xx_hal_rcc_ex.o
                             0x12f4ed (size before relaxing)
 .debug_str     0x00135de2      0xe5c ./Drivers/STM32U5xx_HAL_Driver/Src/stm32u5xx_hal_tim.o
                             0x12e1ed (size before relaxing)
 .debug_str     0x00136c3e      0x92d ./Drivers/STM32U5xx_HAL_Driver/Src/stm32u5xx_hal_tim_ex.o
                             0x12de44 (size before relaxing)

.comment        0x00000000       0x43
 .comment       0x00000000       0x43 ./Core/Src/adc.o
                                 0x44 (size before relaxing)
 .comment       0x00000043       0x44 ./Core/Src/fdcan.o
 .comment       0x00000043       0x44 ./Core/Src/gpio.o
 .comment       0x00000043       0x44 ./Core/Src/icache.o
 .comment       0x00000043       0x44 ./Core/Src/main.o
 .comment       0x00000043       0x44 ./Core/Src/stm32u5xx_hal_msp.o
 .comment       0x00000043       0x44 ./Core/Src/stm32u5xx_it.o
 .comment       0x00000043       0x44 ./Core/Src/system_stm32u5xx.o
 .comment       0x00000043       0x44 ./Core/Src/tim.o
 .comment       0x00000043       0x44 ./Drivers/STM32U5xx_HAL_Driver/Src/stm32u5xx_hal.o
 .comment       0x00000043       0x44 ./Drivers/STM32U5xx_HAL_Driver/Src/stm32u5xx_hal_adc.o
 .comment       0x00000043       0x44 ./Drivers/STM32U5xx_HAL_Driver/Src/stm32u5xx_hal_adc_ex.o
 .comment       0x00000043       0x44 ./Drivers/STM32U5xx_HAL_Driver/Src/stm32u5xx_hal_cortex.o
 .comment       0x00000043       0x44 ./Drivers/STM32U5xx_HAL_Driver/Src/stm32u5xx_hal_fdcan.o
 .comment       0x00000043       0x44 ./Drivers/STM32U5xx_HAL_Driver/Src/stm32u5xx_hal_gpio.o
 .comment       0x00000043       0x44 ./Drivers/STM32U5xx_HAL_Driver/Src/stm32u5xx_hal_icache.o
 .comment       0x00000043       0x44 ./Drivers/STM32U5xx_HAL_Driver/Src/stm32u5xx_hal_pwr_ex.o
 .comment       0x00000043       0x44 ./Drivers/STM32U5xx_HAL_Driver/Src/stm32u5xx_hal_rcc.o
 .comment       0x00000043       0x44 ./Drivers/STM32U5xx_HAL_Driver/Src/stm32u5xx_hal_rcc_ex.o
 .comment       0x00000043       0x44 ./Drivers/STM32U5xx_HAL_Driver/Src/stm32u5xx_hal_tim.o
 .comment       0x00000043       0x44 ./Drivers/STM32U5xx_HAL_Driver/Src/stm32u5xx_hal_tim_ex.o

.debug_frame    0x00000000     0x5e74
 .debug_frame   0x00000000       0xa4 ./Core/Src/adc.o
 .debug_frame   0x000000a4       0x78 ./Core/Src/fdcan.o
 .debug_frame   0x0000011c       0x34 ./Core/Src/gpio.o
 .debug_frame   0x00000150       0x2c ./Core/Src/icache.o
 .debug_frame   0x0000017c       0xbc ./Core/Src/main.o
 .debug_frame   0x00000238       0x38 ./Core/Src/stm32u5xx_hal_msp.o
 .debug_frame   0x00000270      0x13c ./Core/Src/stm32u5xx_it.o
 .debug_frame   0x000003ac       0x58 ./Core/Src/system_stm32u5xx.o
 .debug_frame   0x00000404       0xc4 ./Core/Src/tim.o
 .debug_frame   0x000004c8      0x500 ./Drivers/STM32U5xx_HAL_Driver/Src/stm32u5xx_hal.o
 .debug_frame   0x000009c8      0xb94 ./Drivers/STM32U5xx_HAL_Driver/Src/stm32u5xx_hal_adc.o
 .debug_frame   0x0000155c      0x6b8 ./Drivers/STM32U5xx_HAL_Driver/Src/stm32u5xx_hal_adc_ex.o
 .debug_frame   0x00001c14      0x560 ./Drivers/STM32U5xx_HAL_Driver/Src/stm32u5xx_hal_cortex.o
 .debug_frame   0x00002174      0x9b0 ./Drivers/STM32U5xx_HAL_Driver/Src/stm32u5xx_hal_fdcan.o
 .debug_frame   0x00002b24      0x1ec ./Drivers/STM32U5xx_HAL_Driver/Src/stm32u5xx_hal_gpio.o
 .debug_frame   0x00002d10      0x298 ./Drivers/STM32U5xx_HAL_Driver/Src/stm32u5xx_hal_icache.o
 .debug_frame   0x00002fa8      0x7cc ./Drivers/STM32U5xx_HAL_Driver/Src/stm32u5xx_hal_pwr_ex.o
 .debug_frame   0x00003774      0x288 ./Drivers/STM32U5xx_HAL_Driver/Src/stm32u5xx_hal_rcc.o
 .debug_frame   0x000039fc      0x5f0 ./Drivers/STM32U5xx_HAL_Driver/Src/stm32u5xx_hal_rcc_ex.o
 .debug_frame   0x00003fec     0x125c ./Drivers/STM32U5xx_HAL_Driver/Src/stm32u5xx_hal_tim.o
 .debug_frame   0x00005248      0xac0 ./Drivers/STM32U5xx_HAL_Driver/Src/stm32u5xx_hal_tim_ex.o
 .debug_frame   0x00005d08       0x20 E:/ST/STM32CubeIDE_1.16.1/STM32CubeIDE/plugins/com.st.stm32cube.ide.mcu.externaltools.gnu-tools-for-stm32.12.3.rel1.win32_1.0.200.202406191623/tools/bin/../lib/gcc/arm-none-eabi/12.3.1/../../../../arm-none-eabi/lib/thumb/v8-m.main+fp/hard\libc_nano.a(libc_a-memset.o)
 .debug_frame   0x00005d28       0x2c E:/ST/STM32CubeIDE_1.16.1/STM32CubeIDE/plugins/com.st.stm32cube.ide.mcu.externaltools.gnu-tools-for-stm32.12.3.rel1.win32_1.0.200.202406191623/tools/bin/../lib/gcc/arm-none-eabi/12.3.1/../../../../arm-none-eabi/lib/thumb/v8-m.main+fp/hard\libc_nano.a(libc_a-init.o)
 .debug_frame   0x00005d54       0xac E:/ST/STM32CubeIDE_1.16.1/STM32CubeIDE/plugins/com.st.stm32cube.ide.mcu.externaltools.gnu-tools-for-stm32.12.3.rel1.win32_1.0.200.202406191623/tools/bin/../lib/gcc/arm-none-eabi/12.3.1/thumb/v8-m.main+fp/hard\libgcc.a(_arm_addsubdf3.o)
 .debug_frame   0x00005e00       0x50 E:/ST/STM32CubeIDE_1.16.1/STM32CubeIDE/plugins/com.st.stm32cube.ide.mcu.externaltools.gnu-tools-for-stm32.12.3.rel1.win32_1.0.200.202406191623/tools/bin/../lib/gcc/arm-none-eabi/12.3.1/thumb/v8-m.main+fp/hard\libgcc.a(_arm_muldivdf3.o)
 .debug_frame   0x00005e50       0x24 E:/ST/STM32CubeIDE_1.16.1/STM32CubeIDE/plugins/com.st.stm32cube.ide.mcu.externaltools.gnu-tools-for-stm32.12.3.rel1.win32_1.0.200.202406191623/tools/bin/../lib/gcc/arm-none-eabi/12.3.1/thumb/v8-m.main+fp/hard\libgcc.a(_arm_truncdfsf2.o)

.debug_line_str
                0x00000000       0x6d
 .debug_line_str
                0x00000000       0x6d ./Core/Startup/startup_stm32u535ceux.o
