22:00:15 **** Incremental Build of configuration Debug for project USB2CAN ****
make -j4 all 
arm-none-eabi-gcc "../Core/Src/fdcan.c" -mcpu=cortex-m4 -std=gnu11 -g3 -DDEBUG -DUSE_HAL_DRIVER -DSTM32G431xx -c -I../Core/Inc -I../Drivers/STM32G4xx_HAL_Driver/Inc -I../Drivers/STM32G4xx_HAL_Driver/Inc/Legacy -I../Drivers/CMSIS/Device/ST/STM32G4xx/Include -I../Drivers/CMSIS/Include -I../USB_Device/App -I../USB_Device/Target -I../Middlewares/ST/STM32_USB_Device_Library/Core/Inc -I../Middlewares/ST/STM32_USB_Device_Library/Class/CDC/Inc -O0 -ffunction-sections -fdata-sections -Wall -fstack-usage -fcyclomatic-complexity -MMD -MP -MF"Core/Src/fdcan.d" -MT"Core/Src/fdcan.o" --specs=nano.specs -mfpu=fpv4-sp-d16 -mfloat-abi=hard -mthumb -o "Core/Src/fdcan.o"
../Core/Src/fdcan.c: In function 'HAL_FDCAN_RxFifo0Callback':
../Core/Src/fdcan.c:153:34: warning: passing argument 2 of 'memcpy' makes pointer from integer without a cast [-Wint-conversion]
  153 |         memcpy(msg + sizeof(id), dataLength, sizeof(dataLength));
      |                                  ^~~~~~~~~~
      |                                  |
      |                                  uint8_t {aka unsigned char}
In file included from ../USB_Device/Target/usbd_conf.h:32,
                 from ../Middlewares/ST/STM32_USB_Device_Library/Core/Inc/usbd_def.h:29,
                 from ../Middlewares/ST/STM32_USB_Device_Library/Core/Inc/usbd_ioreq.h:29,
                 from ../Middlewares/ST/STM32_USB_Device_Library/Class/CDC/Inc/usbd_cdc.h:29,
                 from ../Core/Src/fdcan.c:24:
C:\ST\STM32CubeIDE_1.16.1\STM32CubeIDE\plugins\com.st.stm32cube.ide.mcu.externaltools.gnu-tools-for-stm32.12.3.rel1.win32_1.0.200.202406191623\tools\bin/../lib/gcc/arm-none-eabi/12.3.1/../../../../arm-none-eabi/include/string.h:31:36: note: expected 'const void * restrict' but argument is of type 'uint8_t' {aka 'unsigned char'}
   31 | void *   memcpy (void *__restrict, const void *__restrict, size_t);
      |                                    ^
arm-none-eabi-gcc -o "USB2CAN.elf" @"objects.list"   -mcpu=cortex-m4 -T"C:\Users\leona\Documents\UBM\GitLab\Precharge_Control\ST\USB2CAN\STM32G431CBUX_FLASH.ld" --specs=nosys.specs -Wl,-Map="USB2CAN.map" -Wl,--gc-sections -static --specs=nano.specs -mfpu=fpv4-sp-d16 -mfloat-abi=hard -mthumb -Wl,--start-group -lc -lm -Wl,--end-group
Finished building target: USB2CAN.elf
 
arm-none-eabi-size  USB2CAN.elf 
arm-none-eabi-objdump -h -S USB2CAN.elf  > "USB2CAN.list"
   text	   data	    bss	    dec	    hex	filename
  32528	    388	   6228	  39144	   98e8	USB2CAN.elf
Finished building: default.size.stdout
 
Finished building: USB2CAN.list
 

22:00:17 Build Finished. 0 errors, 1 warnings. (took 1s.984ms)

