../USB_Device/App/usbd_cdc_if.c:67:6:decomponi	24	static
../USB_Device/App/usbd_cdc_if.c:78:6:fill_output_buffer	32	static
../USB_Device/App/usbd_cdc_if.c:157:6:dummyCOM	296	static
../USB_Device/App/usbd_cdc_if.c:199:15:CDC_Init_FS	8	static
../USB_Device/App/usbd_cdc_if.c:213:15:CDC_DeInit_FS	4	static
../USB_Device/App/usbd_cdc_if.c:227:15:CDC_Control_FS	16	static
../USB_Device/App/usbd_cdc_if.c:308:15:CDC_Receive_FS	24	static
../USB_Device/App/usbd_cdc_if.c:349:9:CDC_Transmit_FS	24	static
../USB_Device/App/usbd_cdc_if.c:375:15:CDC_TransmitCplt_FS	32	static
