Archive member included to satisfy reference by file (symbol)

E:/ST/STM32CubeIDE_1.16.1/STM32CubeIDE/plugins/com.st.stm32cube.ide.mcu.externaltools.gnu-tools-for-stm32.12.3.rel1.win32_1.0.200.202406191623/tools/bin/../lib/gcc/arm-none-eabi/12.3.1/../../../../arm-none-eabi/lib/thumb/v7e-m+fp/hard\libc_nano.a(libc_a-exit.o)
                              E:/ST/STM32CubeIDE_1.16.1/STM32CubeIDE/plugins/com.st.stm32cube.ide.mcu.externaltools.gnu-tools-for-stm32.12.3.rel1.win32_1.0.200.202406191623/tools/bin/../lib/gcc/arm-none-eabi/12.3.1/../../../../arm-none-eabi/lib/thumb/v7e-m+fp/hard/crt0.o (exit)
E:/ST/STM32CubeIDE_1.16.1/STM32CubeIDE/plugins/com.st.stm32cube.ide.mcu.externaltools.gnu-tools-for-stm32.12.3.rel1.win32_1.0.200.202406191623/tools/bin/../lib/gcc/arm-none-eabi/12.3.1/../../../../arm-none-eabi/lib/thumb/v7e-m+fp/hard\libc_nano.a(libc_a-findfp.o)
                              E:/ST/STM32CubeIDE_1.16.1/STM32CubeIDE/plugins/com.st.stm32cube.ide.mcu.externaltools.gnu-tools-for-stm32.12.3.rel1.win32_1.0.200.202406191623/tools/bin/../lib/gcc/arm-none-eabi/12.3.1/../../../../arm-none-eabi/lib/thumb/v7e-m+fp/hard\libc_nano.a(libc_a-exit.o) (__stdio_exit_handler)
E:/ST/STM32CubeIDE_1.16.1/STM32CubeIDE/plugins/com.st.stm32cube.ide.mcu.externaltools.gnu-tools-for-stm32.12.3.rel1.win32_1.0.200.202406191623/tools/bin/../lib/gcc/arm-none-eabi/12.3.1/../../../../arm-none-eabi/lib/thumb/v7e-m+fp/hard\libc_nano.a(libc_a-fwalk.o)
                              E:/ST/STM32CubeIDE_1.16.1/STM32CubeIDE/plugins/com.st.stm32cube.ide.mcu.externaltools.gnu-tools-for-stm32.12.3.rel1.win32_1.0.200.202406191623/tools/bin/../lib/gcc/arm-none-eabi/12.3.1/../../../../arm-none-eabi/lib/thumb/v7e-m+fp/hard\libc_nano.a(libc_a-findfp.o) (_fwalk_sglue)
E:/ST/STM32CubeIDE_1.16.1/STM32CubeIDE/plugins/com.st.stm32cube.ide.mcu.externaltools.gnu-tools-for-stm32.12.3.rel1.win32_1.0.200.202406191623/tools/bin/../lib/gcc/arm-none-eabi/12.3.1/../../../../arm-none-eabi/lib/thumb/v7e-m+fp/hard\libc_nano.a(libc_a-stdio.o)
                              E:/ST/STM32CubeIDE_1.16.1/STM32CubeIDE/plugins/com.st.stm32cube.ide.mcu.externaltools.gnu-tools-for-stm32.12.3.rel1.win32_1.0.200.202406191623/tools/bin/../lib/gcc/arm-none-eabi/12.3.1/../../../../arm-none-eabi/lib/thumb/v7e-m+fp/hard\libc_nano.a(libc_a-findfp.o) (__sread)
E:/ST/STM32CubeIDE_1.16.1/STM32CubeIDE/plugins/com.st.stm32cube.ide.mcu.externaltools.gnu-tools-for-stm32.12.3.rel1.win32_1.0.200.202406191623/tools/bin/../lib/gcc/arm-none-eabi/12.3.1/../../../../arm-none-eabi/lib/thumb/v7e-m+fp/hard\libc_nano.a(libc_a-memset.o)
                              E:/ST/STM32CubeIDE_1.16.1/STM32CubeIDE/plugins/com.st.stm32cube.ide.mcu.externaltools.gnu-tools-for-stm32.12.3.rel1.win32_1.0.200.202406191623/tools/bin/../lib/gcc/arm-none-eabi/12.3.1/../../../../arm-none-eabi/lib/thumb/v7e-m+fp/hard/crt0.o (memset)
E:/ST/STM32CubeIDE_1.16.1/STM32CubeIDE/plugins/com.st.stm32cube.ide.mcu.externaltools.gnu-tools-for-stm32.12.3.rel1.win32_1.0.200.202406191623/tools/bin/../lib/gcc/arm-none-eabi/12.3.1/../../../../arm-none-eabi/lib/thumb/v7e-m+fp/hard\libc_nano.a(libc_a-closer.o)
                              E:/ST/STM32CubeIDE_1.16.1/STM32CubeIDE/plugins/com.st.stm32cube.ide.mcu.externaltools.gnu-tools-for-stm32.12.3.rel1.win32_1.0.200.202406191623/tools/bin/../lib/gcc/arm-none-eabi/12.3.1/../../../../arm-none-eabi/lib/thumb/v7e-m+fp/hard\libc_nano.a(libc_a-stdio.o) (_close_r)
E:/ST/STM32CubeIDE_1.16.1/STM32CubeIDE/plugins/com.st.stm32cube.ide.mcu.externaltools.gnu-tools-for-stm32.12.3.rel1.win32_1.0.200.202406191623/tools/bin/../lib/gcc/arm-none-eabi/12.3.1/../../../../arm-none-eabi/lib/thumb/v7e-m+fp/hard\libc_nano.a(libc_a-reent.o)
                              E:/ST/STM32CubeIDE_1.16.1/STM32CubeIDE/plugins/com.st.stm32cube.ide.mcu.externaltools.gnu-tools-for-stm32.12.3.rel1.win32_1.0.200.202406191623/tools/bin/../lib/gcc/arm-none-eabi/12.3.1/../../../../arm-none-eabi/lib/thumb/v7e-m+fp/hard\libc_nano.a(libc_a-closer.o) (errno)
E:/ST/STM32CubeIDE_1.16.1/STM32CubeIDE/plugins/com.st.stm32cube.ide.mcu.externaltools.gnu-tools-for-stm32.12.3.rel1.win32_1.0.200.202406191623/tools/bin/../lib/gcc/arm-none-eabi/12.3.1/../../../../arm-none-eabi/lib/thumb/v7e-m+fp/hard\libc_nano.a(libc_a-impure.o)
                              E:/ST/STM32CubeIDE_1.16.1/STM32CubeIDE/plugins/com.st.stm32cube.ide.mcu.externaltools.gnu-tools-for-stm32.12.3.rel1.win32_1.0.200.202406191623/tools/bin/../lib/gcc/arm-none-eabi/12.3.1/../../../../arm-none-eabi/lib/thumb/v7e-m+fp/hard\libc_nano.a(libc_a-reent.o) (_impure_ptr)
E:/ST/STM32CubeIDE_1.16.1/STM32CubeIDE/plugins/com.st.stm32cube.ide.mcu.externaltools.gnu-tools-for-stm32.12.3.rel1.win32_1.0.200.202406191623/tools/bin/../lib/gcc/arm-none-eabi/12.3.1/../../../../arm-none-eabi/lib/thumb/v7e-m+fp/hard\libc_nano.a(libc_a-lseekr.o)
[...]
Memory Configuration

Name             Origin             Length             Attributes
RAM              0x20000000         0x00008000         xrw
FLASH            0x08000000         0x00020000         xr
*default*        0x00000000         0xffffffff

Linker script and memory map

LOAD E:/ST/STM32CubeIDE_1.16.1/STM32CubeIDE/plugins/com.st.stm32cube.ide.mcu.externaltools.gnu-tools-for-stm32.12.3.rel1.win32_1.0.200.202406191623/tools/bin/../lib/gcc/arm-none-eabi/12.3.1/thumb/v7e-m+fp/hard/crti.o
LOAD E:/ST/STM32CubeIDE_1.16.1/STM32CubeIDE/plugins/com.st.stm32cube.ide.mcu.externaltools.gnu-tools-for-stm32.12.3.rel1.win32_1.0.200.202406191623/tools/bin/../lib/gcc/arm-none-eabi/12.3.1/thumb/v7e-m+fp/hard/crtbegin.o
LOAD E:/ST/STM32CubeIDE_1.16.1/STM32CubeIDE/plugins/com.st.stm32cube.ide.mcu.externaltools.gnu-tools-for-stm32.12.3.rel1.win32_1.0.200.202406191623/tools/bin/../lib/gcc/arm-none-eabi/12.3.1/../../../../arm-none-eabi/lib/thumb/v7e-m+fp/hard/crt0.o
LOAD ./Core/Src/fdcan.o
LOAD ./Core/Src/gpio.o
LOAD ./Core/Src/main.o
LOAD ./Core/Src/stm32g4xx_hal_msp.o
LOAD ./Core/Src/stm32g4xx_it.o
LOAD ./Core/Src/syscalls.o
LOAD ./Core/Src/sysmem.o
LOAD ./Core/Src/system_stm32g4xx.o
LOAD ./Core/Startup/startup_stm32g431cbux.o
LOAD ./Drivers/STM32G4xx_HAL_Driver/Src/stm32g4xx_hal.o
LOAD ./Drivers/STM32G4xx_HAL_Driver/Src/stm32g4xx_hal_cortex.o
LOAD ./Drivers/STM32G4xx_HAL_Driver/Src/stm32g4xx_hal_dma.o
LOAD ./Drivers/STM32G4xx_HAL_Driver/Src/stm32g4xx_hal_dma_ex.o
LOAD ./Drivers/STM32G4xx_HAL_Driver/Src/stm32g4xx_hal_exti.o
LOAD ./Drivers/STM32G4xx_HAL_Driver/Src/stm32g4xx_hal_fdcan.o
LOAD ./Drivers/STM32G4xx_HAL_Driver/Src/stm32g4xx_hal_flash.o
LOAD ./Drivers/STM32G4xx_HAL_Driver/Src/stm32g4xx_hal_flash_ex.o
LOAD ./Drivers/STM32G4xx_HAL_Driver/Src/stm32g4xx_hal_flash_ramfunc.o
LOAD ./Drivers/STM32G4xx_HAL_Driver/Src/stm32g4xx_hal_gpio.o
LOAD ./Drivers/STM32G4xx_HAL_Driver/Src/stm32g4xx_hal_pcd.o
LOAD ./Drivers/STM32G4xx_HAL_Driver/Src/stm32g4xx_hal_pcd_ex.o
LOAD ./Drivers/STM32G4xx_HAL_Driver/Src/stm32g4xx_hal_pwr.o
LOAD ./Drivers/STM32G4xx_HAL_Driver/Src/stm32g4xx_hal_pwr_ex.o
LOAD ./Drivers/STM32G4xx_HAL_Driver/Src/stm32g4xx_hal_rcc.o
LOAD ./Drivers/STM32G4xx_HAL_Driver/Src/stm32g4xx_hal_rcc_ex.o
LOAD ./Drivers/STM32G4xx_HAL_Driver/Src/stm32g4xx_hal_tim.o
LOAD ./Drivers/STM32G4xx_HAL_Driver/Src/stm32g4xx_hal_tim_ex.o
LOAD ./Drivers/STM32G4xx_HAL_Driver/Src/stm32g4xx_ll_usb.o
LOAD ./Middlewares/ST/STM32_USB_Device_Library/Class/CDC/Src/usbd_cdc.o
LOAD ./Middlewares/ST/STM32_USB_Device_Library/Core/Src/usbd_core.o
LOAD ./Middlewares/ST/STM32_USB_Device_Library/Core/Src/usbd_ctlreq.o
LOAD ./Middlewares/ST/STM32_USB_Device_Library/Core/Src/usbd_ioreq.o
LOAD ./USB_Device/App/usb_device.o
LOAD ./USB_Device/App/usbd_cdc_if.o
LOAD ./USB_Device/App/usbd_desc.o
LOAD ./USB_Device/Target/usbd_conf.o
START GROUP
LOAD E:/ST/STM32CubeIDE_1.16.1/STM32CubeIDE/plugins/com.st.stm32cube.ide.mcu.externaltools.gnu-tools-for-stm32.12.3.rel1.win32_1.0.200.202406191623/tools/bin/../lib/gcc/arm-none-eabi/12.3.1/../../../../arm-none-eabi/lib/thumb/v7e-m+fp/hard\libc_nano.a
LOAD E:/ST/STM32CubeIDE_1.16.1/STM32CubeIDE/plugins/com.st.stm32cube.ide.mcu.externaltools.gnu-tools-for-stm32.12.3.rel1.win32_1.0.200.202406191623/tools/bin/../lib/gcc/arm-none-eabi/12.3.1/../../../../arm-none-eabi/lib/thumb/v7e-m+fp/hard\libm.a
END GROUP
START GROUP
LOAD E:/ST/STM32CubeIDE_1.16.1/STM32CubeIDE/plugins/com.st.stm32cube.ide.mcu.externaltools.gnu-tools-for-stm32.12.3.rel1.win32_1.0.200.202406191623/tools/bin/../lib/gcc/arm-none-eabi/12.3.1/thumb/v7e-m+fp/hard\libgcc.a
LOAD E:/ST/STM32CubeIDE_1.16.1/STM32CubeIDE/plugins/com.st.stm32cube.ide.mcu.externaltools.gnu-tools-for-stm32.12.3.rel1.win32_1.0.200.202406191623/tools/bin/../lib/gcc/arm-none-eabi/12.3.1/../../../../arm-none-eabi/lib/thumb/v7e-m+fp/hard\libc_nano.a
END GROUP
START GROUP
LOAD E:/ST/STM32CubeIDE_1.16.1/STM32CubeIDE/plugins/com.st.stm32cube.ide.mcu.externaltools.gnu-tools-for-stm32.12.3.rel1.win32_1.0.200.202406191623/tools/bin/../lib/gcc/arm-none-eabi/12.3.1/thumb/v7e-m+fp/hard\libgcc.a
LOAD E:/ST/STM32CubeIDE_1.16.1/STM32CubeIDE/plugins/com.st.stm32cube.ide.mcu.externaltools.gnu-tools-for-stm32.12.3.rel1.win32_1.0.200.202406191623/tools/bin/../lib/gcc/arm-none-eabi/12.3.1/../../../../arm-none-eabi/lib/thumb/v7e-m+fp/hard\libc_nano.a
LOAD E:/ST/STM32CubeIDE_1.16.1/STM32CubeIDE/plugins/com.st.stm32cube.ide.mcu.externaltools.gnu-tools-for-stm32.12.3.rel1.win32_1.0.200.202406191623/tools/bin/../lib/gcc/arm-none-eabi/12.3.1/../../../../arm-none-eabi/lib/thumb/v7e-m+fp/hard\libnosys.a
END GROUP
START GROUP
LOAD E:/ST/STM32CubeIDE_1.16.1/STM32CubeIDE/plugins/com.st.stm32cube.ide.mcu.externaltools.gnu-tools-for-stm32.12.3.rel1.win32_1.0.200.202406191623/tools/bin/../lib/gcc/arm-none-eabi/12.3.1/thumb/v7e-m+fp/hard\libgcc.a
LOAD E:/ST/STM32CubeIDE_1.16.1/STM32CubeIDE/plugins/com.st.stm32cube.ide.mcu.externaltools.gnu-tools-for-stm32.12.3.rel1.win32_1.0.200.202406191623/tools/bin/../lib/gcc/arm-none-eabi/12.3.1/../../../../arm-none-eabi/lib/thumb/v7e-m+fp/hard\libc_nano.a
LOAD E:/ST/STM32CubeIDE_1.16.1/STM32CubeIDE/plugins/com.st.stm32cube.ide.mcu.externaltools.gnu-tools-for-stm32.12.3.rel1.win32_1.0.200.202406191623/tools/bin/../lib/gcc/arm-none-eabi/12.3.1/../../../../arm-none-eabi/lib/thumb/v7e-m+fp/hard\libnosys.a
END GROUP
LOAD E:/ST/STM32CubeIDE_1.16.1/STM32CubeIDE/plugins/com.st.stm32cube.ide.mcu.externaltools.gnu-tools-for-stm32.12.3.rel1.win32_1.0.200.202406191623/tools/bin/../lib/gcc/arm-none-eabi/12.3.1/thumb/v7e-m+fp/hard/crtend.o
LOAD E:/ST/STM32CubeIDE_1.16.1/STM32CubeIDE/plugins/com.st.stm32cube.ide.mcu.externaltools.gnu-tools-for-stm32.12.3.rel1.win32_1.0.200.202406191623/tools/bin/../lib/gcc/arm-none-eabi/12.3.1/thumb/v7e-m+fp/hard/crtn.o
                0x20008000                        _estack = (ORIGIN (RAM) + LENGTH (RAM))
                0x00000200                        _Min_Heap_Size = 0x200
                0x00000400                        _Min_Stack_Size = 0x400

.isr_vector     0x08000000      0x1d8
                0x08000000                        . = ALIGN (0x4)
 *(.isr_vector)
 .isr_vector    0x08000000      0x1d8 ./Core/Startup/startup_stm32g431cbux.o
                0x08000000                g_pfnVectors
                0x080001d8                        . = ALIGN (0x4)

.text           0x080001d8     0x8290
                0x080001d8                        . = ALIGN (0x4)
 *(.text)
 .text          0x080001d8       0x40 E:/ST/STM32CubeIDE_1.16.1/STM32CubeIDE/plugins/com.st.stm32cube.ide.mcu.externaltools.gnu-tools-for-stm32.12.3.rel1.win32_1.0.200.202406191623/tools/bin/../lib/gcc/arm-none-eabi/12.3.1/thumb/v7e-m+fp/hard/crtbegin.o
 *(.text*)
 .text.MX_FDCAN1_Init
                0x08000218       0xc0 ./Core/Src/fdcan.o
                0x08000218                MX_FDCAN1_Init
 .text.HAL_FDCAN_MspInit
                0x080002d8       0xc8 ./Core/Src/fdcan.o
                0x080002d8                HAL_FDCAN_MspInit
 .text.concatena
                0x080003a0       0x74 ./Core/Src/fdcan.o
                0x080003a0                concatena
 .text.HAL_FDCAN_RxFifo0Callback
                0x08000414       0x80 ./Core/Src/fdcan.o
                0x08000414                HAL_FDCAN_RxFifo0Callback
 .text.MX_GPIO_Init
                0x08000494       0x60 ./Core/Src/gpio.o
                0x08000494                MX_GPIO_Init
 .text.main     0x080004f4       0x7c ./Core/Src/main.o
                0x080004f4                main
 .text.SystemClock_Config
                0x08000570       0x84 ./Core/Src/main.o
                0x08000570                SystemClock_Config
 .text.Error_Handler
                0x080005f4        0xc ./Core/Src/main.o
                0x080005f4                Error_Handler
 .text.HAL_MspInit
                0x08000600       0x48 ./Core/Src/stm32g4xx_hal_msp.o
                0x08000600                HAL_MspInit
 .text.NMI_Handler
                0x08000648        0x8 ./Core/Src/stm32g4xx_it.o
                0x08000648                NMI_Handler
 .text.HardFault_Handler
                0x08000650        0x8 ./Core/Src/stm32g4xx_it.o
                0x08000650                HardFault_Handler
 .text.MemManage_Handler
                0x08000658        0x8 ./Core/Src/stm32g4xx_it.o
                0x08000658                MemManage_Handler
 .text.BusFault_Handler
                0x08000660        0x8 ./Core/Src/stm32g4xx_it.o
                0x08000660                BusFault_Handler
 .text.UsageFault_Handler
                0x08000668        0x8 ./Core/Src/stm32g4xx_it.o
                0x08000668                UsageFault_Handler
 .text.SVC_Handler
                0x08000670        0xe ./Core/Src/stm32g4xx_it.o
                0x08000670                SVC_Handler
 .text.DebugMon_Handler
                0x0800067e        0xe ./Core/Src/stm32g4xx_it.o
                0x0800067e                DebugMon_Handler
 .text.PendSV_Handler
                0x0800068c        0xe ./Core/Src/stm32g4xx_it.o
                0x0800068c                PendSV_Handler
 .text.SysTick_Handler
                0x0800069a        0xc ./Core/Src/stm32g4xx_it.o
                0x0800069a                SysTick_Handler
 *fill*         0x080006a6        0x2 
 .text.USB_HP_IRQHandler
                0x080006a8       0x14 ./Core/Src/stm32g4xx_it.o
                0x080006a8                USB_HP_IRQHandler
 .text.USB_LP_IRQHandler
                0x080006bc       0x14 ./Core/Src/stm32g4xx_it.o
                0x080006bc                USB_LP_IRQHandler
 .text.FDCAN1_IT0_IRQHandler
                0x080006d0       0x14 ./Core/Src/stm32g4xx_it.o
                0x080006d0                FDCAN1_IT0_IRQHandler
 .text.SystemInit
                0x080006e4       0x24 ./Core/Src/system_stm32g4xx.o
                0x080006e4                SystemInit
 .text.Reset_Handler
                0x08000708       0x50 ./Core/Startup/startup_stm32g431cbux.o
                0x08000708                Reset_Handler
 .text.Default_Handler
                0x08000758        0x2 ./Core/Startup/startup_stm32g431cbux.o
                0x08000758                RTC_Alarm_IRQHandler
                0x08000758                EXTI2_IRQHandler
                0x08000758                TIM8_TRG_COM_IRQHandler
                0x08000758                TIM8_CC_IRQHandler
                0x08000758                TIM1_CC_IRQHandler
                0x08000758                CORDIC_IRQHandler
                0x08000758                EXTI3_IRQHandler
                0x08000758                I2C3_ER_IRQHandler
                0x08000758                EXTI0_IRQHandler
                0x08000758                I2C2_EV_IRQHandler
                0x08000758                FPU_IRQHandler
                0x08000758                FDCAN1_IT1_IRQHandler
                0x08000758                TIM1_UP_TIM16_IRQHandler
                0x08000758                ADC1_2_IRQHandler
                0x08000758                SPI1_IRQHandler
                0x08000758                TIM6_DAC_IRQHandler
                0x08000758                TIM8_UP_IRQHandler
                0x08000758                DMA2_Channel2_IRQHandler
                0x08000758                DMA1_Channel4_IRQHandler
                0x08000758                USART3_IRQHandler
                0x08000758                TIM4_IRQHandler
                0x08000758                DMA2_Channel1_IRQHandler
                0x08000758                I2C1_EV_IRQHandler
                0x08000758                DMA1_Channel6_IRQHandler
                0x08000758                UART4_IRQHandler
                0x08000758                DMA2_Channel4_IRQHandler
                0x08000758                TIM3_IRQHandler
                0x08000758                RCC_IRQHandler
                0x08000758                DMA1_Channel1_IRQHandler
                0x08000758                Default_Handler
                0x08000758                RTC_TAMP_LSECSS_IRQHandler
                0x08000758                FMAC_IRQHandler
                0x08000758                EXTI15_10_IRQHandler
                0x08000758                TIM7_IRQHandler
                0x08000758                UCPD1_IRQHandler
                0x08000758                I2C3_EV_IRQHandler
                0x08000758                EXTI9_5_IRQHandler
                0x08000758                RTC_WKUP_IRQHandler
                0x08000758                PVD_PVM_IRQHandler
                0x08000758                SPI2_IRQHandler
                0x08000758                DMA2_Channel5_IRQHandler
                0x08000758                CRS_IRQHandler
                0x08000758                DMA1_Channel5_IRQHandler
                0x08000758                EXTI4_IRQHandler
                0x08000758                RNG_IRQHandler
                0x08000758                TIM1_TRG_COM_TIM17_IRQHandler
                0x08000758                DMA1_Channel3_IRQHandler
                0x08000758                WWDG_IRQHandler
                0x08000758                LPUART1_IRQHandler
                0x08000758                DMA2_Channel6_IRQHandler
                0x08000758                TIM2_IRQHandler
                0x08000758                COMP1_2_3_IRQHandler
                0x08000758                EXTI1_IRQHandler
                0x08000758                USART2_IRQHandler
                0x08000758                I2C2_ER_IRQHandler
                0x08000758                DMA1_Channel2_IRQHandler
                0x08000758                TIM8_BRK_IRQHandler
                0x08000758                FLASH_IRQHandler
                0x08000758                USART1_IRQHandler
                0x08000758                SPI3_IRQHandler
                0x08000758                I2C1_ER_IRQHandler
                0x08000758                LPTIM1_IRQHandler
                0x08000758                DMAMUX_OVR_IRQHandler
                0x08000758                USBWakeUp_IRQHandler
                0x08000758                SAI1_IRQHandler
                0x08000758                DMA2_Channel3_IRQHandler
                0x08000758                COMP4_IRQHandler
                0x08000758                TIM1_BRK_TIM15_IRQHandler
 .text.HAL_Init
                0x0800075a       0x30 ./Drivers/STM32G4xx_HAL_Driver/Src/stm32g4xx_hal.o
                0x0800075a                HAL_Init
 *fill*         0x0800078a        0x2 
 .text.HAL_InitTick
                0x0800078c       0x74 ./Drivers/STM32G4xx_HAL_Driver/Src/stm32g4xx_hal.o
                0x0800078c                HAL_InitTick
 .text.HAL_IncTick
                0x08000800       0x24 ./Drivers/STM32G4xx_HAL_Driver/Src/stm32g4xx_hal.o
                0x08000800                HAL_IncTick
 .text.HAL_GetTick
                0x08000824       0x18 ./Drivers/STM32G4xx_HAL_Driver/Src/stm32g4xx_hal.o
                0x08000824                HAL_GetTick
 .text.__NVIC_SetPriorityGrouping
                0x0800083c       0x48 ./Drivers/STM32G4xx_HAL_Driver/Src/stm32g4xx_hal_cortex.o
 .text.__NVIC_GetPriorityGrouping
                0x08000884       0x1c ./Drivers/STM32G4xx_HAL_Driver/Src/stm32g4xx_hal_cortex.o
 .text.__NVIC_EnableIRQ
                0x080008a0       0x3c ./Drivers/STM32G4xx_HAL_Driver/Src/stm32g4xx_hal_cortex.o
 .text.__NVIC_SetPriority
                0x080008dc       0x54 ./Drivers/STM32G4xx_HAL_Driver/Src/stm32g4xx_hal_cortex.o
 .text.NVIC_EncodePriority
                0x08000930       0x66 ./Drivers/STM32G4xx_HAL_Driver/Src/stm32g4xx_hal_cortex.o
 *fill*         0x08000996        0x2 
 .text.SysTick_Config
                0x08000998       0x44 ./Drivers/STM32G4xx_HAL_Driver/Src/stm32g4xx_hal_cortex.o
 .text.HAL_NVIC_SetPriorityGrouping
                0x080009dc       0x16 ./Drivers/STM32G4xx_HAL_Driver/Src/stm32g4xx_hal_cortex.o
                0x080009dc                HAL_NVIC_SetPriorityGrouping
 .text.HAL_NVIC_SetPriority
                0x080009f2       0x34 ./Drivers/STM32G4xx_HAL_Driver/Src/stm32g4xx_hal_cortex.o
                0x080009f2                HAL_NVIC_SetPriority
 .text.HAL_NVIC_EnableIRQ
                0x08000a26       0x1c ./Drivers/STM32G4xx_HAL_Driver/Src/stm32g4xx_hal_cortex.o
                0x08000a26                HAL_NVIC_EnableIRQ
 .text.HAL_SYSTICK_Config
                0x08000a42       0x18 ./Drivers/STM32G4xx_HAL_Driver/Src/stm32g4xx_hal_cortex.o
                0x08000a42                HAL_SYSTICK_Config
 *fill*         0x08000a5a        0x2 
 .text.HAL_FDCAN_Init
                0x08000a5c      0x2b4 ./Drivers/STM32G4xx_HAL_Driver/Src/stm32g4xx_hal_fdcan.o
                0x08000a5c                HAL_FDCAN_Init
 .text.HAL_FDCAN_ConfigFilter
                0x08000d10       0xb4 ./Drivers/STM32G4xx_HAL_Driver/Src/stm32g4xx_hal_fdcan.o
                0x08000d10                HAL_FDCAN_ConfigFilter
 .text.HAL_FDCAN_Start
                0x08000dc4       0x50 ./Drivers/STM32G4xx_HAL_Driver/Src/stm32g4xx_hal_fdcan.o
                0x08000dc4                HAL_FDCAN_Start
 .text.HAL_FDCAN_AddMessageToTxFifoQ
                0x08000e14       0x88 ./Drivers/STM32G4xx_HAL_Driver/Src/stm32g4xx_hal_fdcan.o
                0x08000e14                HAL_FDCAN_AddMessageToTxFifoQ
 .text.HAL_FDCAN_GetRxMessage
                0x08000e9c      0x210 ./Drivers/STM32G4xx_HAL_Driver/Src/stm32g4xx_hal_fdcan.o
                0x08000e9c                HAL_FDCAN_GetRxMessage
 .text.HAL_FDCAN_ActivateNotification
                0x080010ac      0x1cc ./Drivers/STM32G4xx_HAL_Driver/Src/stm32g4xx_hal_fdcan.o
                0x080010ac                HAL_FDCAN_ActivateNotification
 .text.HAL_FDCAN_IRQHandler
                0x08001278      0x24a ./Drivers/STM32G4xx_HAL_Driver/Src/stm32g4xx_hal_fdcan.o
                0x08001278                HAL_FDCAN_IRQHandler
 .text.HAL_FDCAN_TxEventFifoCallback
                0x080014c2       0x16 ./Drivers/STM32G4xx_HAL_Driver/Src/stm32g4xx_hal_fdcan.o
                0x080014c2                HAL_FDCAN_TxEventFifoCallback
 .text.HAL_FDCAN_RxFifo1Callback
                0x080014d8       0x16 ./Drivers/STM32G4xx_HAL_Driver/Src/stm32g4xx_hal_fdcan.o
                0x080014d8                HAL_FDCAN_RxFifo1Callback
 .text.HAL_FDCAN_TxFifoEmptyCallback
                0x080014ee       0x14 ./Drivers/STM32G4xx_HAL_Driver/Src/stm32g4xx_hal_fdcan.o
                0x080014ee                HAL_FDCAN_TxFifoEmptyCallback
 .text.HAL_FDCAN_TxBufferCompleteCallback
                0x08001502       0x16 ./Drivers/STM32G4xx_HAL_Driver/Src/stm32g4xx_hal_fdcan.o
                0x08001502                HAL_FDCAN_TxBufferCompleteCallback
 .text.HAL_FDCAN_TxBufferAbortCallback
                0x08001518       0x16 ./Drivers/STM32G4xx_HAL_Driver/Src/stm32g4xx_hal_fdcan.o
                0x08001518                HAL_FDCAN_TxBufferAbortCallback
 .text.HAL_FDCAN_TimestampWraparoundCallback
                0x0800152e       0x14 ./Drivers/STM32G4xx_HAL_Driver/Src/stm32g4xx_hal_fdcan.o
                0x0800152e                HAL_FDCAN_TimestampWraparoundCallback
 .text.HAL_FDCAN_TimeoutOccurredCallback
                0x08001542       0x14 ./Drivers/STM32G4xx_HAL_Driver/Src/stm32g4xx_hal_fdcan.o
                0x08001542                HAL_FDCAN_TimeoutOccurredCallback
 .text.HAL_FDCAN_HighPriorityMessageCallback
                0x08001556       0x14 ./Drivers/STM32G4xx_HAL_Driver/Src/stm32g4xx_hal_fdcan.o
                0x08001556                HAL_FDCAN_HighPriorityMessageCallback
 .text.HAL_FDCAN_ErrorCallback
                0x0800156a       0x14 ./Drivers/STM32G4xx_HAL_Driver/Src/stm32g4xx_hal_fdcan.o
                0x0800156a                HAL_FDCAN_ErrorCallback
 .text.HAL_FDCAN_ErrorStatusCallback
                0x0800157e       0x16 ./Drivers/STM32G4xx_HAL_Driver/Src/stm32g4xx_hal_fdcan.o
                0x0800157e                HAL_FDCAN_ErrorStatusCallback
 .text.FDCAN_CalcultateRamBlockAddresses
                0x08001594       0xac ./Drivers/STM32G4xx_HAL_Driver/Src/stm32g4xx_hal_fdcan.o
 .text.FDCAN_CopyMessageToRAM
                0x08001640       0xf8 ./Drivers/STM32G4xx_HAL_Driver/Src/stm32g4xx_hal_fdcan.o
 .text.HAL_GPIO_Init
                0x08001738      0x304 ./Drivers/STM32G4xx_HAL_Driver/Src/stm32g4xx_hal_gpio.o
                0x08001738                HAL_GPIO_Init
 .text.HAL_PCD_Init
                0x08001a3c      0x19c ./Drivers/STM32G4xx_HAL_Driver/Src/stm32g4xx_hal_pcd.o
                0x08001a3c                HAL_PCD_Init
 .text.HAL_PCD_Start
                0x08001bd8       0x44 ./Drivers/STM32G4xx_HAL_Driver/Src/stm32g4xx_hal_pcd.o
                0x08001bd8                HAL_PCD_Start
 .text.HAL_PCD_IRQHandler
                0x08001c1c      0x24e ./Drivers/STM32G4xx_HAL_Driver/Src/stm32g4xx_hal_pcd.o
                0x08001c1c                HAL_PCD_IRQHandler
 .text.HAL_PCD_SetAddress
                0x08001e6a       0x48 ./Drivers/STM32G4xx_HAL_Driver/Src/stm32g4xx_hal_pcd.o
                0x08001e6a                HAL_PCD_SetAddress
 .text.HAL_PCD_EP_Open
                0x08001eb2       0xbe ./Drivers/STM32G4xx_HAL_Driver/Src/stm32g4xx_hal_pcd.o
                0x08001eb2                HAL_PCD_EP_Open
 .text.HAL_PCD_EP_Close
                0x08001f70       0x90 ./Drivers/STM32G4xx_HAL_Driver/Src/stm32g4xx_hal_pcd.o
                0x08001f70                HAL_PCD_EP_Close
 .text.HAL_PCD_EP_Receive
                0x08002000       0x62 ./Drivers/STM32G4xx_HAL_Driver/Src/stm32g4xx_hal_pcd.o
                0x08002000                HAL_PCD_EP_Receive
 .text.HAL_PCD_EP_GetRxCount
                0x08002062       0x30 ./Drivers/STM32G4xx_HAL_Driver/Src/stm32g4xx_hal_pcd.o
                0x08002062                HAL_PCD_EP_GetRxCount
 .text.HAL_PCD_EP_Transmit
                0x08002092       0x6e ./Drivers/STM32G4xx_HAL_Driver/Src/stm32g4xx_hal_pcd.o
                0x08002092                HAL_PCD_EP_Transmit
 .text.HAL_PCD_EP_SetStall
                0x08002100       0xa4 ./Drivers/STM32G4xx_HAL_Driver/Src/stm32g4xx_hal_pcd.o
                0x08002100                HAL_PCD_EP_SetStall
 .text.HAL_PCD_EP_ClrStall
                0x080021a4       0xa8 ./Drivers/STM32G4xx_HAL_Driver/Src/stm32g4xx_hal_pcd.o
                0x080021a4                HAL_PCD_EP_ClrStall
 .text.PCD_EP_ISR_Handler
                0x0800224c      0x68e ./Drivers/STM32G4xx_HAL_Driver/Src/stm32g4xx_hal_pcd.o
 .text.HAL_PCD_EP_DB_Receive
                0x080028da      0x212 ./Drivers/STM32G4xx_HAL_Driver/Src/stm32g4xx_hal_pcd.o
 .text.HAL_PCD_EP_DB_Transmit
                0x08002aec      0x878 ./Drivers/STM32G4xx_HAL_Driver/Src/stm32g4xx_hal_pcd.o
 .text.HAL_PCDEx_PMAConfig
                0x08003364       0x86 ./Drivers/STM32G4xx_HAL_Driver/Src/stm32g4xx_hal_pcd_ex.o
                0x08003364                HAL_PCDEx_PMAConfig
 .text.HAL_PCDEx_ActivateLPM
                0x080033ea       0x54 ./Drivers/STM32G4xx_HAL_Driver/Src/stm32g4xx_hal_pcd_ex.o
                0x080033ea                HAL_PCDEx_ActivateLPM
 *fill*         0x0800343e        0x2 
 .text.HAL_PWREx_ControlVoltageScaling
                0x08003440      0x148 ./Drivers/STM32G4xx_HAL_Driver/Src/stm32g4xx_hal_pwr_ex.o
                0x08003440                HAL_PWREx_ControlVoltageScaling
 .text.HAL_PWREx_DisableUCPDDeadBattery
                0x08003588       0x20 ./Drivers/STM32G4xx_HAL_Driver/Src/stm32g4xx_hal_pwr_ex.o
                0x08003588                HAL_PWREx_DisableUCPDDeadBattery
 .text.HAL_RCC_OscConfig
                0x080035a8      0x624 ./Drivers/STM32G4xx_HAL_Driver/Src/stm32g4xx_hal_rcc.o
                0x080035a8                HAL_RCC_OscConfig
 .text.HAL_RCC_ClockConfig
                0x08003bcc      0x278 ./Drivers/STM32G4xx_HAL_Driver/Src/stm32g4xx_hal_rcc.o
                0x08003bcc                HAL_RCC_ClockConfig
 .text.HAL_RCC_GetSysClockFreq
                0x08003e44       0xc4 ./Drivers/STM32G4xx_HAL_Driver/Src/stm32g4xx_hal_rcc.o
                0x08003e44                HAL_RCC_GetSysClockFreq
 .text.RCC_GetSysClockFreqFromPLLSource
                0x08003f08       0x8c ./Drivers/STM32G4xx_HAL_Driver/Src/stm32g4xx_hal_rcc.o
 .text.HAL_RCCEx_PeriphCLKConfig
                0x08003f94      0x3e0 ./Drivers/STM32G4xx_HAL_Driver/Src/stm32g4xx_hal_rcc_ex.o
                0x08003f94                HAL_RCCEx_PeriphCLKConfig
 .text.USB_EnableGlobalInt
                0x08004374       0x2e ./Drivers/STM32G4xx_HAL_Driver/Src/stm32g4xx_ll_usb.o
                0x08004374                USB_EnableGlobalInt
 .text.USB_DisableGlobalInt
                0x080043a2       0x36 ./Drivers/STM32G4xx_HAL_Driver/Src/stm32g4xx_ll_usb.o
                0x080043a2                USB_DisableGlobalInt
 .text.USB_DevInit
                0x080043d8       0x3c ./Drivers/STM32G4xx_HAL_Driver/Src/stm32g4xx_ll_usb.o
                0x080043d8                USB_DevInit
 .text.USB_ActivateEndpoint
                0x08004414      0x9d0 ./Drivers/STM32G4xx_HAL_Driver/Src/stm32g4xx_ll_usb.o
                0x08004414                USB_ActivateEndpoint
 .text.USB_DeactivateEndpoint
                0x08004de4      0x3da ./Drivers/STM32G4xx_HAL_Driver/Src/stm32g4xx_ll_usb.o
                0x08004de4                USB_DeactivateEndpoint
 .text.USB_EPStartXfer
                0x080051be      0xb5e ./Drivers/STM32G4xx_HAL_Driver/Src/stm32g4xx_ll_usb.o
                0x080051be                USB_EPStartXfer
 .text.USB_EPSetStall
                0x08005d1c       0xa2 ./Drivers/STM32G4xx_HAL_Driver/Src/stm32g4xx_ll_usb.o
                0x08005d1c                USB_EPSetStall
 .text.USB_EPClearStall
                0x08005dbe      0x152 ./Drivers/STM32G4xx_HAL_Driver/Src/stm32g4xx_ll_usb.o
                0x08005dbe                USB_EPClearStall
 .text.USB_SetDevAddress
                0x08005f10       0x28 ./Drivers/STM32G4xx_HAL_Driver/Src/stm32g4xx_ll_usb.o
                0x08005f10                USB_SetDevAddress
 .text.USB_DevConnect
                0x08005f38       0x2e ./Drivers/STM32G4xx_HAL_Driver/Src/stm32g4xx_ll_usb.o
                0x08005f38                USB_DevConnect
 .text.USB_ReadInterrupts
                0x08005f66       0x20 ./Drivers/STM32G4xx_HAL_Driver/Src/stm32g4xx_ll_usb.o
                0x08005f66                USB_ReadInterrupts
 .text.USB_WritePMA
                0x08005f86       0x84 ./Drivers/STM32G4xx_HAL_Driver/Src/stm32g4xx_ll_usb.o
                0x08005f86                USB_WritePMA
 .text.USB_ReadPMA
                0x0800600a       0x98 ./Drivers/STM32G4xx_HAL_Driver/Src/stm32g4xx_ll_usb.o
                0x0800600a                USB_ReadPMA
 .text.USBD_CDC_Init
                0x080060a2       0xfe ./Middlewares/ST/STM32_USB_Device_Library/Class/CDC/Src/usbd_cdc.o
 .text.USBD_CDC_DeInit
                0x080061a0       0x74 ./Middlewares/ST/STM32_USB_Device_Library/Class/CDC/Src/usbd_cdc.o
 .text.USBD_CDC_Setup
                0x08006214      0x190 ./Middlewares/ST/STM32_USB_Device_Library/Class/CDC/Src/usbd_cdc.o
 .text.USBD_CDC_DataIn
                0x080063a4       0xca ./Middlewares/ST/STM32_USB_Device_Library/Class/CDC/Src/usbd_cdc.o
 .text.USBD_CDC_DataOut
                0x0800646e       0x56 ./Middlewares/ST/STM32_USB_Device_Library/Class/CDC/Src/usbd_cdc.o
 .text.USBD_CDC_EP0_RxReady
                0x080064c4       0x58 ./Middlewares/ST/STM32_USB_Device_Library/Class/CDC/Src/usbd_cdc.o
 .text.USBD_CDC_GetFSCfgDesc
                0x0800651c       0x20 ./Middlewares/ST/STM32_USB_Device_Library/Class/CDC/Src/usbd_cdc.o
 .text.USBD_CDC_GetHSCfgDesc
                0x0800653c       0x20 ./Middlewares/ST/STM32_USB_Device_Library/Class/CDC/Src/usbd_cdc.o
 .text.USBD_CDC_GetOtherSpeedCfgDesc
                0x0800655c       0x20 ./Middlewares/ST/STM32_USB_Device_Library/Class/CDC/Src/usbd_cdc.o
 .text.USBD_CDC_GetDeviceQualifierDescriptor
                0x0800657c       0x20 ./Middlewares/ST/STM32_USB_Device_Library/Class/CDC/Src/usbd_cdc.o
                0x0800657c                USBD_CDC_GetDeviceQualifierDescriptor
 .text.USBD_CDC_RegisterInterface
                0x0800659c       0x2a ./Middlewares/ST/STM32_USB_Device_Library/Class/CDC/Src/usbd_cdc.o
                0x0800659c                USBD_CDC_RegisterInterface
 .text.USBD_CDC_SetTxBuffer
                0x080065c6       0x3c ./Middlewares/ST/STM32_USB_Device_Library/Class/CDC/Src/usbd_cdc.o
                0x080065c6                USBD_CDC_SetTxBuffer
 .text.USBD_CDC_SetRxBuffer
                0x08006602       0x32 ./Middlewares/ST/STM32_USB_Device_Library/Class/CDC/Src/usbd_cdc.o
                0x08006602                USBD_CDC_SetRxBuffer
 .text.USBD_CDC_TransmitPacket
                0x08006634       0x60 ./Middlewares/ST/STM32_USB_Device_Library/Class/CDC/Src/usbd_cdc.o
                0x08006634                USBD_CDC_TransmitPacket
 .text.USBD_CDC_ReceivePacket
                0x08006694       0x54 ./Middlewares/ST/STM32_USB_Device_Library/Class/CDC/Src/usbd_cdc.o
                0x08006694                USBD_CDC_ReceivePacket
 .text.USBD_Init
                0x080066e8       0x60 ./Middlewares/ST/STM32_USB_Device_Library/Core/Src/usbd_core.o
                0x080066e8                USBD_Init
 .text.USBD_RegisterClass
                0x08006748       0x4e ./Middlewares/ST/STM32_USB_Device_Library/Core/Src/usbd_core.o
                0x08006748                USBD_RegisterClass
 .text.USBD_Start
                0x08006796       0x18 ./Middlewares/ST/STM32_USB_Device_Library/Core/Src/usbd_core.o
                0x08006796                USBD_Start
 .text.USBD_RunTestMode
                0x080067ae       0x16 ./Middlewares/ST/STM32_USB_Device_Library/Core/Src/usbd_core.o
                0x080067ae                USBD_RunTestMode
 .text.USBD_SetClassConfig
                0x080067c4       0x38 ./Middlewares/ST/STM32_USB_Device_Library/Core/Src/usbd_core.o
                0x080067c4                USBD_SetClassConfig
 .text.USBD_ClrClassConfig
                0x080067fc       0x30 ./Middlewares/ST/STM32_USB_Device_Library/Core/Src/usbd_core.o
                0x080067fc                USBD_ClrClassConfig
 .text.USBD_LL_SetupStage
                0x0800682c       0xaa ./Middlewares/ST/STM32_USB_Device_Library/Core/Src/usbd_core.o
                0x0800682c                USBD_LL_SetupStage
 .text.USBD_LL_DataOutStage
                0x080068d6       0xc6 ./Middlewares/ST/STM32_USB_Device_Library/Core/Src/usbd_core.o
                0x080068d6                USBD_LL_DataOutStage
 .text.USBD_LL_DataInStage
                0x0800699c      0x12c ./Middlewares/ST/STM32_USB_Device_Library/Core/Src/usbd_core.o
                0x0800699c                USBD_LL_DataInStage
 .text.USBD_LL_Reset
                0x08006ac8       0x9c ./Middlewares/ST/STM32_USB_Device_Library/Core/Src/usbd_core.o
                0x08006ac8                USBD_LL_Reset
 .text.USBD_LL_SetSpeed
                0x08006b64       0x20 ./Middlewares/ST/STM32_USB_Device_Library/Core/Src/usbd_core.o
                0x08006b64                USBD_LL_SetSpeed
 .text.USBD_LL_Suspend
                0x08006b84       0x2c ./Middlewares/ST/STM32_USB_Device_Library/Core/Src/usbd_core.o
                0x08006b84                USBD_LL_Suspend
 .text.USBD_LL_Resume
                0x08006bb0       0x30 ./Middlewares/ST/STM32_USB_Device_Library/Core/Src/usbd_core.o
                0x08006bb0                USBD_LL_Resume
 .text.USBD_LL_SOF
                0x08006be0       0x44 ./Middlewares/ST/STM32_USB_Device_Library/Core/Src/usbd_core.o
                0x08006be0                USBD_LL_SOF
 .text.SWAPBYTE
                0x08006c24       0x3c ./Middlewares/ST/STM32_USB_Device_Library/Core/Src/usbd_ctlreq.o
 .text.USBD_StdDevReq
                0x08006c60       0xdc ./Middlewares/ST/STM32_USB_Device_Library/Core/Src/usbd_ctlreq.o
                0x08006c60                USBD_StdDevReq
 .text.USBD_StdItfReq
                0x08006d3c       0x92 ./Middlewares/ST/STM32_USB_Device_Library/Core/Src/usbd_ctlreq.o
                0x08006d3c                USBD_StdItfReq
 .text.USBD_StdEPReq
                0x08006dce      0x2c4 ./Middlewares/ST/STM32_USB_Device_Library/Core/Src/usbd_ctlreq.o
                0x08006dce                USBD_StdEPReq
 *fill*         0x08007092        0x2 
 .text.USBD_GetDescriptor
                0x08007094      0x328 ./Middlewares/ST/STM32_USB_Device_Library/Core/Src/usbd_ctlreq.o
 .text.USBD_SetAddress
                0x080073bc       0x88 ./Middlewares/ST/STM32_USB_Device_Library/Core/Src/usbd_ctlreq.o
 .text.USBD_SetConfig
                0x08007444      0x14c ./Middlewares/ST/STM32_USB_Device_Library/Core/Src/usbd_ctlreq.o
 .text.USBD_GetConfig
                0x08007590       0x6c ./Middlewares/ST/STM32_USB_Device_Library/Core/Src/usbd_ctlreq.o
 .text.USBD_GetStatus
                0x080075fc       0x68 ./Middlewares/ST/STM32_USB_Device_Library/Core/Src/usbd_ctlreq.o
 .text.USBD_SetFeature
                0x08007664       0x28 ./Middlewares/ST/STM32_USB_Device_Library/Core/Src/usbd_ctlreq.o
 .text.USBD_ClrFeature
                0x0800768c       0x44 ./Middlewares/ST/STM32_USB_Device_Library/Core/Src/usbd_ctlreq.o
 .text.USBD_ParseSetupRequest
                0x080076d0       0x74 ./Middlewares/ST/STM32_USB_Device_Library/Core/Src/usbd_ctlreq.o
                0x080076d0                USBD_ParseSetupRequest
 .text.USBD_CtlError
                0x08007744       0x22 ./Middlewares/ST/STM32_USB_Device_Library/Core/Src/usbd_ctlreq.o
                0x08007744                USBD_CtlError
 .text.USBD_GetString
                0x08007766       0x8c ./Middlewares/ST/STM32_USB_Device_Library/Core/Src/usbd_ctlreq.o
                0x08007766                USBD_GetString
 .text.USBD_GetLen
                0x080077f2       0x34 ./Middlewares/ST/STM32_USB_Device_Library/Core/Src/usbd_ctlreq.o
 .text.USBD_CtlSendData
                0x08007826       0x36 ./Middlewares/ST/STM32_USB_Device_Library/Core/Src/usbd_ioreq.o
                0x08007826                USBD_CtlSendData
 .text.USBD_CtlContinueSendData
                0x0800785c       0x22 ./Middlewares/ST/STM32_USB_Device_Library/Core/Src/usbd_ioreq.o
                0x0800785c                USBD_CtlContinueSendData
 .text.USBD_CtlPrepareRx
                0x0800787e       0x3a ./Middlewares/ST/STM32_USB_Device_Library/Core/Src/usbd_ioreq.o
                0x0800787e                USBD_CtlPrepareRx
 .text.USBD_CtlContinueRx
                0x080078b8       0x22 ./Middlewares/ST/STM32_USB_Device_Library/Core/Src/usbd_ioreq.o
                0x080078b8                USBD_CtlContinueRx
 .text.USBD_CtlSendStatus
                0x080078da       0x26 ./Middlewares/ST/STM32_USB_Device_Library/Core/Src/usbd_ioreq.o
                0x080078da                USBD_CtlSendStatus
 .text.USBD_CtlReceiveStatus
                0x08007900       0x26 ./Middlewares/ST/STM32_USB_Device_Library/Core/Src/usbd_ioreq.o
                0x08007900                USBD_CtlReceiveStatus
 *fill*         0x08007926        0x2 
 .text.MX_USB_Device_Init
                0x08007928       0x60 ./USB_Device/App/usb_device.o
                0x08007928                MX_USB_Device_Init
 .text.decomponi
                0x08007988       0x5a ./USB_Device/App/usbd_cdc_if.o
                0x08007988                decomponi
 *fill*         0x080079e2        0x2 
 .text.CDC_Init_FS
                0x080079e4       0x28 ./USB_Device/App/usbd_cdc_if.o
 .text.CDC_DeInit_FS
                0x08007a0c       0x10 ./USB_Device/App/usbd_cdc_if.o
 .text.CDC_Control_FS
                0x08007a1c       0xbc ./USB_Device/App/usbd_cdc_if.o
 .text.CDC_Receive_FS
                0x08007ad8       0x5c ./USB_Device/App/usbd_cdc_if.o
 .text.CDC_Transmit_FS
                0x08007b34       0x4c ./USB_Device/App/usbd_cdc_if.o
                0x08007b34                CDC_Transmit_FS
 .text.CDC_TransmitCplt_FS
                0x08007b80       0x22 ./USB_Device/App/usbd_cdc_if.o
 *fill*         0x08007ba2        0x2 
 .text.USBD_CDC_DeviceDescriptor
                0x08007ba4       0x24 ./USB_Device/App/usbd_desc.o
                0x08007ba4                USBD_CDC_DeviceDescriptor
 .text.USBD_CDC_LangIDStrDescriptor
                0x08007bc8       0x24 ./USB_Device/App/usbd_desc.o
                0x08007bc8                USBD_CDC_LangIDStrDescriptor
 .text.USBD_CDC_ProductStrDescriptor
                0x08007bec       0x3c ./USB_Device/App/usbd_desc.o
                0x08007bec                USBD_CDC_ProductStrDescriptor
 .text.USBD_CDC_ManufacturerStrDescriptor
                0x08007c28       0x28 ./USB_Device/App/usbd_desc.o
                0x08007c28                USBD_CDC_ManufacturerStrDescriptor
 .text.USBD_CDC_SerialStrDescriptor
                0x08007c50       0x24 ./USB_Device/App/usbd_desc.o
                0x08007c50                USBD_CDC_SerialStrDescriptor
 .text.USBD_CDC_ConfigStrDescriptor
                0x08007c74       0x3c ./USB_Device/App/usbd_desc.o
                0x08007c74                USBD_CDC_ConfigStrDescriptor
 .text.USBD_CDC_InterfaceStrDescriptor
                0x08007cb0       0x3c ./USB_Device/App/usbd_desc.o
                0x08007cb0                USBD_CDC_InterfaceStrDescriptor
 .text.Get_SerialNum
                0x08007cec       0x58 ./USB_Device/App/usbd_desc.o
 .text.IntToUnicode
                0x08007d44       0x7e ./USB_Device/App/usbd_desc.o
 *fill*         0x08007dc2        0x2 
 .text.HAL_PCD_MspInit
                0x08007dc4       0x88 ./USB_Device/Target/usbd_conf.o
                0x08007dc4                HAL_PCD_MspInit
 .text.HAL_PCD_SetupStageCallback
                0x08007e4c       0x24 ./USB_Device/Target/usbd_conf.o
                0x08007e4c                HAL_PCD_SetupStageCallback
 .text.HAL_PCD_DataOutStageCallback
                0x08007e70       0x36 ./USB_Device/Target/usbd_conf.o
                0x08007e70                HAL_PCD_DataOutStageCallback
 .text.HAL_PCD_DataInStageCallback
                0x08007ea6       0x34 ./USB_Device/Target/usbd_conf.o
                0x08007ea6                HAL_PCD_DataInStageCallback
 .text.HAL_PCD_SOFCallback
                0x08007eda       0x1c ./USB_Device/Target/usbd_conf.o
                0x08007eda                HAL_PCD_SOFCallback
 .text.HAL_PCD_ResetCallback
                0x08007ef6       0x3c ./USB_Device/Target/usbd_conf.o
                0x08007ef6                HAL_PCD_ResetCallback
 *fill*         0x08007f32        0x2 
 .text.HAL_PCD_SuspendCallback
                0x08007f34       0x34 ./USB_Device/Target/usbd_conf.o
                0x08007f34                HAL_PCD_SuspendCallback
 .text.HAL_PCD_ResumeCallback
                0x08007f68       0x38 ./USB_Device/Target/usbd_conf.o
                0x08007f68                HAL_PCD_ResumeCallback
 .text.USBD_LL_Init
                0x08007fa0       0xc0 ./USB_Device/Target/usbd_conf.o
                0x08007fa0                USBD_LL_Init
 .text.USBD_LL_Start
                0x08008060       0x36 ./USB_Device/Target/usbd_conf.o
                0x08008060                USBD_LL_Start
 .text.USBD_LL_OpenEP
                0x08008096       0x4c ./USB_Device/Target/usbd_conf.o
                0x08008096                USBD_LL_OpenEP
 .text.USBD_LL_CloseEP
                0x080080e2       0x3e ./USB_Device/Target/usbd_conf.o
                0x080080e2                USBD_LL_CloseEP
 .text.USBD_LL_StallEP
                0x08008120       0x3e ./USB_Device/Target/usbd_conf.o
                0x08008120                USBD_LL_StallEP
 .text.USBD_LL_ClearStallEP
                0x0800815e       0x3e ./USB_Device/Target/usbd_conf.o
                0x0800815e                USBD_LL_ClearStallEP
 .text.USBD_LL_IsStallEP
                0x0800819c       0x58 ./USB_Device/Target/usbd_conf.o
                0x0800819c                USBD_LL_IsStallEP
 .text.USBD_LL_SetUSBAddress
                0x080081f4       0x3e ./USB_Device/Target/usbd_conf.o
                0x080081f4                USBD_LL_SetUSBAddress
 .text.USBD_LL_Transmit
                0x08008232       0x42 ./USB_Device/Target/usbd_conf.o
                0x08008232                USBD_LL_Transmit
 .text.USBD_LL_PrepareReceive
                0x08008274       0x42 ./USB_Device/Target/usbd_conf.o
                0x08008274                USBD_LL_PrepareReceive
 .text.USBD_LL_GetRxDataSize
                0x080082b6       0x26 ./USB_Device/Target/usbd_conf.o
                0x080082b6                USBD_LL_GetRxDataSize
 .text.HAL_PCDEx_LPM_Callback
                0x080082dc       0x6c ./USB_Device/Target/usbd_conf.o
                0x080082dc                HAL_PCDEx_LPM_Callback
 .text.USBD_static_malloc
                0x08008348       0x1c ./USB_Device/Target/usbd_conf.o
                0x08008348                USBD_static_malloc
 .text.USBD_static_free
                0x08008364       0x14 ./USB_Device/Target/usbd_conf.o
                0x08008364                USBD_static_free
 .text.SystemClockConfig_Resume
                0x08008378        0xc ./USB_Device/Target/usbd_conf.o
 .text.USBD_Get_USB_Status
                0x08008384       0x58 ./USB_Device/Target/usbd_conf.o
 .text.memset   0x080083dc       0x10 E:/ST/STM32CubeIDE_1.16.1/STM32CubeIDE/plugins/com.st.stm32cube.ide.mcu.externaltools.gnu-tools-for-stm32.12.3.rel1.win32_1.0.200.202406191623/tools/bin/../lib/gcc/arm-none-eabi/12.3.1/../../../../arm-none-eabi/lib/thumb/v7e-m+fp/hard\libc_nano.a(libc_a-memset.o)
                0x080083dc                memset
 .text.__libc_init_array
                0x080083ec       0x48 E:/ST/STM32CubeIDE_1.16.1/STM32CubeIDE/plugins/com.st.stm32cube.ide.mcu.externaltools.gnu-tools-for-stm32.12.3.rel1.win32_1.0.200.202406191623/tools/bin/../lib/gcc/arm-none-eabi/12.3.1/../../../../arm-none-eabi/lib/thumb/v7e-m+fp/hard\libc_nano.a(libc_a-init.o)
                0x080083ec                __libc_init_array
 .text.memcpy   0x08008434       0x1c E:/ST/STM32CubeIDE_1.16.1/STM32CubeIDE/plugins/com.st.stm32cube.ide.mcu.externaltools.gnu-tools-for-stm32.12.3.rel1.win32_1.0.200.202406191623/tools/bin/../lib/gcc/arm-none-eabi/12.3.1/../../../../arm-none-eabi/lib/thumb/v7e-m+fp/hard\libc_nano.a(libc_a-memcpy-stub.o)
                0x08008434                memcpy
 *(.glue_7)
 .glue_7        0x08008450        0x0 linker stubs
 *(.glue_7t)
 .glue_7t       0x08008450        0x0 linker stubs
 *(.eh_frame)
 .eh_frame      0x08008450        0x0 E:/ST/STM32CubeIDE_1.16.1/STM32CubeIDE/plugins/com.st.stm32cube.ide.mcu.externaltools.gnu-tools-for-stm32.12.3.rel1.win32_1.0.200.202406191623/tools/bin/../lib/gcc/arm-none-eabi/12.3.1/thumb/v7e-m+fp/hard/crtbegin.o
 *(.init)
 .init          0x08008450        0x4 E:/ST/STM32CubeIDE_1.16.1/STM32CubeIDE/plugins/com.st.stm32cube.ide.mcu.externaltools.gnu-tools-for-stm32.12.3.rel1.win32_1.0.200.202406191623/tools/bin/../lib/gcc/arm-none-eabi/12.3.1/thumb/v7e-m+fp/hard/crti.o
                0x08008450                _init
 .init          0x08008454        0x8 E:/ST/STM32CubeIDE_1.16.1/STM32CubeIDE/plugins/com.st.stm32cube.ide.mcu.externaltools.gnu-tools-for-stm32.12.3.rel1.win32_1.0.200.202406191623/tools/bin/../lib/gcc/arm-none-eabi/12.3.1/thumb/v7e-m+fp/hard/crtn.o
 *(.fini)
 .fini          0x0800845c        0x4 E:/ST/STM32CubeIDE_1.16.1/STM32CubeIDE/plugins/com.st.stm32cube.ide.mcu.externaltools.gnu-tools-for-stm32.12.3.rel1.win32_1.0.200.202406191623/tools/bin/../lib/gcc/arm-none-eabi/12.3.1/thumb/v7e-m+fp/hard/crti.o
                0x0800845c                _fini
 .fini          0x08008460        0x8 E:/ST/STM32CubeIDE_1.16.1/STM32CubeIDE/plugins/com.st.stm32cube.ide.mcu.externaltools.gnu-tools-for-stm32.12.3.rel1.win32_1.0.200.202406191623/tools/bin/../lib/gcc/arm-none-eabi/12.3.1/thumb/v7e-m+fp/hard/crtn.o
                0x08008468                        . = ALIGN (0x4)
                0x08008468                        _etext = .

.vfp11_veneer   0x08008468        0x0
 .vfp11_veneer  0x08008468        0x0 linker stubs

.v4_bx          0x08008468        0x0
 .v4_bx         0x08008468        0x0 linker stubs

.iplt           0x08008468        0x0
 .iplt          0x08008468        0x0 E:/ST/STM32CubeIDE_1.16.1/STM32CubeIDE/plugins/com.st.stm32cube.ide.mcu.externaltools.gnu-tools-for-stm32.12.3.rel1.win32_1.0.200.202406191623/tools/bin/../lib/gcc/arm-none-eabi/12.3.1/thumb/v7e-m+fp/hard/crtbegin.o

.rodata         0x08008468       0x68
                0x08008468                        . = ALIGN (0x4)
 *(.rodata)
 .rodata        0x08008468       0x46 ./USB_Device/App/usbd_desc.o
 *(.rodata*)
 *fill*         0x080084ae        0x2 
 .rodata.AHBPrescTable
                0x080084b0       0x10 ./Core/Src/system_stm32g4xx.o
                0x080084b0                AHBPrescTable
 .rodata.DLCtoBytes
                0x080084c0       0x10 ./Drivers/STM32G4xx_HAL_Driver/Src/stm32g4xx_hal_fdcan.o
                0x080084d0                        . = ALIGN (0x4)

.ARM.extab      0x080084d0        0x0
                0x080084d0                        . = ALIGN (0x4)
 *(.ARM.extab* .gnu.linkonce.armextab.*)
                0x080084d0                        . = ALIGN (0x4)

.ARM            0x080084d0        0x0
                0x080084d0                        . = ALIGN (0x4)
                0x080084d0                        __exidx_start = .
 *(.ARM.exidx*)
                0x080084d0                        __exidx_end = .
                0x080084d0                        . = ALIGN (0x4)

.preinit_array  0x080084d0        0x0
                0x080084d0                        . = ALIGN (0x4)
                0x080084d0                        PROVIDE (__preinit_array_start = .)
 *(.preinit_array*)
                0x080084d0                        PROVIDE (__preinit_array_end = .)
                0x080084d0                        . = ALIGN (0x4)

.init_array     0x080084d0        0x4
                0x080084d0                        . = ALIGN (0x4)
                0x080084d0                        PROVIDE (__init_array_start = .)
 *(SORT_BY_NAME(.init_array.*))
 *(.init_array*)
 .init_array    0x080084d0        0x4 E:/ST/STM32CubeIDE_1.16.1/STM32CubeIDE/plugins/com.st.stm32cube.ide.mcu.externaltools.gnu-tools-for-stm32.12.3.rel1.win32_1.0.200.202406191623/tools/bin/../lib/gcc/arm-none-eabi/12.3.1/thumb/v7e-m+fp/hard/crtbegin.o
                0x080084d4                        PROVIDE (__init_array_end = .)
                0x080084d4                        . = ALIGN (0x4)

.fini_array     0x080084d4        0x4
                0x080084d4                        . = ALIGN (0x4)
                [!provide]                        PROVIDE (__fini_array_start = .)
 *(SORT_BY_NAME(.fini_array.*))
 *(.fini_array*)
 .fini_array    0x080084d4        0x4 E:/ST/STM32CubeIDE_1.16.1/STM32CubeIDE/plugins/com.st.stm32cube.ide.mcu.externaltools.gnu-tools-for-stm32.12.3.rel1.win32_1.0.200.202406191623/tools/bin/../lib/gcc/arm-none-eabi/12.3.1/thumb/v7e-m+fp/hard/crtbegin.o
                [!provide]                        PROVIDE (__fini_array_end = .)
                0x080084d8                        . = ALIGN (0x4)
                0x080084d8                        _sidata = LOADADDR (.data)

.rel.dyn        0x080084d8        0x0
 .rel.iplt      0x080084d8        0x0 E:/ST/STM32CubeIDE_1.16.1/STM32CubeIDE/plugins/com.st.stm32cube.ide.mcu.externaltools.gnu-tools-for-stm32.12.3.rel1.win32_1.0.200.202406191623/tools/bin/../lib/gcc/arm-none-eabi/12.3.1/thumb/v7e-m+fp/hard/crtbegin.o

.data           0x20000000      0x184 load address 0x080084d8
                0x20000000                        . = ALIGN (0x4)
                0x20000000                        _sdata = .
 *(.data)
 *(.data*)
 .data.SystemCoreClock
                0x20000000        0x4 ./Core/Src/system_stm32g4xx.o
                0x20000000                SystemCoreClock
 .data.uwTickPrio
                0x20000004        0x4 ./Drivers/STM32G4xx_HAL_Driver/Src/stm32g4xx_hal.o
                0x20000004                uwTickPrio
 .data.uwTickFreq
                0x20000008        0x4 ./Drivers/STM32G4xx_HAL_Driver/Src/stm32g4xx_hal.o
                0x20000008                uwTickFreq
 .data.USBD_CDC_DeviceQualifierDesc
                0x2000000c        0xa ./Middlewares/ST/STM32_USB_Device_Library/Class/CDC/Src/usbd_cdc.o
 *fill*         0x20000016        0x2 
 .data.USBD_CDC
                0x20000018       0x38 ./Middlewares/ST/STM32_USB_Device_Library/Class/CDC/Src/usbd_cdc.o
                0x20000018                USBD_CDC
 .data.USBD_CDC_CfgHSDesc
                0x20000050       0x43 ./Middlewares/ST/STM32_USB_Device_Library/Class/CDC/Src/usbd_cdc.o
 *fill*         0x20000093        0x1 
 .data.USBD_CDC_CfgFSDesc
                0x20000094       0x43 ./Middlewares/ST/STM32_USB_Device_Library/Class/CDC/Src/usbd_cdc.o
 *fill*         0x200000d7        0x1 
 .data.USBD_CDC_OtherSpeedCfgDesc
                0x200000d8       0x43 ./Middlewares/ST/STM32_USB_Device_Library/Class/CDC/Src/usbd_cdc.o
 *fill*         0x2000011b        0x1 
 .data.USBD_Interface_fops_FS
                0x2000011c       0x14 ./USB_Device/App/usbd_cdc_if.o
                0x2000011c                USBD_Interface_fops_FS
 .data.CDC_Desc
                0x20000130       0x20 ./USB_Device/App/usbd_desc.o
                0x20000130                CDC_Desc
 .data.USBD_CDC_DeviceDesc
                0x20000150       0x12 ./USB_Device/App/usbd_desc.o
                0x20000150                USBD_CDC_DeviceDesc
 *fill*         0x20000162        0x2 
 .data.USBD_LangIDDesc
                0x20000164        0x4 ./USB_Device/App/usbd_desc.o
                0x20000164                USBD_LangIDDesc
 .data.USBD_StringSerial
                0x20000168       0x1a ./USB_Device/App/usbd_desc.o
                0x20000168                USBD_StringSerial
 *(.RamFunc)
 *(.RamFunc*)
                0x20000184                        . = ALIGN (0x4)
 *fill*         0x20000182        0x2 
                0x20000184                        _edata = .

.igot.plt       0x20000184        0x0 load address 0x0800865c
 .igot.plt      0x20000184        0x0 E:/ST/STM32CubeIDE_1.16.1/STM32CubeIDE/plugins/com.st.stm32cube.ide.mcu.externaltools.gnu-tools-for-stm32.12.3.rel1.win32_1.0.200.202406191623/tools/bin/../lib/gcc/arm-none-eabi/12.3.1/thumb/v7e-m+fp/hard/crtbegin.o
                0x20000184                        . = ALIGN (0x4)

.bss            0x20000184     0x1320 load address 0x0800865c
                0x20000184                        _sbss = .
                0x20000184                        __bss_start__ = _sbss
 *(.bss)
 .bss           0x20000184       0x1c E:/ST/STM32CubeIDE_1.16.1/STM32CubeIDE/plugins/com.st.stm32cube.ide.mcu.externaltools.gnu-tools-for-stm32.12.3.rel1.win32_1.0.200.202406191623/tools/bin/../lib/gcc/arm-none-eabi/12.3.1/thumb/v7e-m+fp/hard/crtbegin.o
 *(.bss*)
 .bss.hfdcan1   0x200001a0       0x64 ./Core/Src/fdcan.o
                0x200001a0                hfdcan1
 .bss.TxHeader  0x20000204       0x24 ./Core/Src/main.o
                0x20000204                TxHeader
 .bss.RxHeader  0x20000228       0x28 ./Core/Src/main.o
                0x20000228                RxHeader
 .bss.TxData    0x20000250       0x40 ./Core/Src/main.o
                0x20000250                TxData
 .bss.RxData    0x20000290       0x40 ./Core/Src/main.o
                0x20000290                RxData
 .bss.uwTick    0x200002d0        0x4 ./Drivers/STM32G4xx_HAL_Driver/Src/stm32g4xx_hal.o
                0x200002d0                uwTick
 .bss.cfgidx.0  0x200002d4        0x1 ./Middlewares/ST/STM32_USB_Device_Library/Core/Src/usbd_ctlreq.o
 *fill*         0x200002d5        0x3 
 .bss.hUsbDeviceFS
                0x200002d8      0x2d0 ./USB_Device/App/usb_device.o
                0x200002d8                hUsbDeviceFS
 .bss.UserRxBufferFS
                0x200005a8      0x400 ./USB_Device/App/usbd_cdc_if.o
                0x200005a8                UserRxBufferFS
 .bss.UserTxBufferFS
                0x200009a8      0x400 ./USB_Device/App/usbd_cdc_if.o
                0x200009a8                UserTxBufferFS
 .bss.USBD_StrDesc
                0x20000da8      0x200 ./USB_Device/App/usbd_desc.o
                0x20000da8                USBD_StrDesc
 .bss.hpcd_USB_FS
                0x20000fa8      0x2dc ./USB_Device/Target/usbd_conf.o
                0x20000fa8                hpcd_USB_FS
 .bss.mem.0     0x20001284      0x220 ./USB_Device/Target/usbd_conf.o
 *(COMMON)
                0x200014a4                        . = ALIGN (0x4)
                0x200014a4                        _ebss = .
                0x200014a4                        __bss_end__ = _ebss

._user_heap_stack
                0x200014a4      0x604 load address 0x0800865c
                0x200014a8                        . = ALIGN (0x8)
 *fill*         0x200014a4        0x4 
                [!provide]                        PROVIDE (end = .)
                0x200014a8                        PROVIDE (_end = .)
                0x200016a8                        . = (. + _Min_Heap_Size)
 *fill*         0x200014a8      0x200 
                0x20001aa8                        . = (. + _Min_Stack_Size)
 *fill*         0x200016a8      0x400 
                0x20001aa8                        . = ALIGN (0x8)

/DISCARD/
 libc.a(*)
 libm.a(*)
 libgcc.a(*)

.ARM.attributes
                0x00000000       0x30
 *(.ARM.attributes)
 .ARM.attributes
                0x00000000       0x22 E:/ST/STM32CubeIDE_1.16.1/STM32CubeIDE/plugins/com.st.stm32cube.ide.mcu.externaltools.gnu-tools-for-stm32.12.3.rel1.win32_1.0.200.202406191623/tools/bin/../lib/gcc/arm-none-eabi/12.3.1/thumb/v7e-m+fp/hard/crti.o
 .ARM.attributes
                0x00000022       0x34 E:/ST/STM32CubeIDE_1.16.1/STM32CubeIDE/plugins/com.st.stm32cube.ide.mcu.externaltools.gnu-tools-for-stm32.12.3.rel1.win32_1.0.200.202406191623/tools/bin/../lib/gcc/arm-none-eabi/12.3.1/thumb/v7e-m+fp/hard/crtbegin.o
 .ARM.attributes
                0x00000056       0x34 ./Core/Src/fdcan.o
 .ARM.attributes
                0x0000008a       0x34 ./Core/Src/gpio.o
 .ARM.attributes
                0x000000be       0x34 ./Core/Src/main.o
 .ARM.attributes
                0x000000f2       0x34 ./Core/Src/stm32g4xx_hal_msp.o
 .ARM.attributes
                0x00000126       0x34 ./Core/Src/stm32g4xx_it.o
 .ARM.attributes
                0x0000015a       0x34 ./Core/Src/system_stm32g4xx.o
 .ARM.attributes
                0x0000018e       0x21 ./Core/Startup/startup_stm32g431cbux.o
 .ARM.attributes
                0x000001af       0x34 ./Drivers/STM32G4xx_HAL_Driver/Src/stm32g4xx_hal.o
 .ARM.attributes
                0x000001e3       0x34 ./Drivers/STM32G4xx_HAL_Driver/Src/stm32g4xx_hal_cortex.o
 .ARM.attributes
                0x00000217       0x34 ./Drivers/STM32G4xx_HAL_Driver/Src/stm32g4xx_hal_fdcan.o
 .ARM.attributes
                0x0000024b       0x34 ./Drivers/STM32G4xx_HAL_Driver/Src/stm32g4xx_hal_gpio.o
 .ARM.attributes
                0x0000027f       0x34 ./Drivers/STM32G4xx_HAL_Driver/Src/stm32g4xx_hal_pcd.o
 .ARM.attributes
                0x000002b3       0x34 ./Drivers/STM32G4xx_HAL_Driver/Src/stm32g4xx_hal_pcd_ex.o
 .ARM.attributes
                0x000002e7       0x34 ./Drivers/STM32G4xx_HAL_Driver/Src/stm32g4xx_hal_pwr_ex.o
 .ARM.attributes
                0x0000031b       0x34 ./Drivers/STM32G4xx_HAL_Driver/Src/stm32g4xx_hal_rcc.o
 .ARM.attributes
                0x0000034f       0x34 ./Drivers/STM32G4xx_HAL_Driver/Src/stm32g4xx_hal_rcc_ex.o
 .ARM.attributes
                0x00000383       0x34 ./Drivers/STM32G4xx_HAL_Driver/Src/stm32g4xx_ll_usb.o
 .ARM.attributes
                0x000003b7       0x34 ./Middlewares/ST/STM32_USB_Device_Library/Class/CDC/Src/usbd_cdc.o
 .ARM.attributes
                0x000003eb       0x34 ./Middlewares/ST/STM32_USB_Device_Library/Core/Src/usbd_core.o
 .ARM.attributes
                0x0000041f       0x34 ./Middlewares/ST/STM32_USB_Device_Library/Core/Src/usbd_ctlreq.o
 .ARM.attributes
                0x00000453       0x34 ./Middlewares/ST/STM32_USB_Device_Library/Core/Src/usbd_ioreq.o
 .ARM.attributes
                0x00000487       0x34 ./USB_Device/App/usb_device.o
 .ARM.attributes
                0x000004bb       0x34 ./USB_Device/App/usbd_cdc_if.o
 .ARM.attributes
                0x000004ef       0x34 ./USB_Device/App/usbd_desc.o
 .ARM.attributes
                0x00000523       0x34 ./USB_Device/Target/usbd_conf.o
 .ARM.attributes
                0x00000557       0x34 E:/ST/STM32CubeIDE_1.16.1/STM32CubeIDE/plugins/com.st.stm32cube.ide.mcu.externaltools.gnu-tools-for-stm32.12.3.rel1.win32_1.0.200.202406191623/tools/bin/../lib/gcc/arm-none-eabi/12.3.1/../../../../arm-none-eabi/lib/thumb/v7e-m+fp/hard\libc_nano.a(libc_a-memset.o)
 .ARM.attributes
                0x0000058b       0x34 E:/ST/STM32CubeIDE_1.16.1/STM32CubeIDE/plugins/com.st.stm32cube.ide.mcu.externaltools.gnu-tools-for-stm32.12.3.rel1.win32_1.0.200.202406191623/tools/bin/../lib/gcc/arm-none-eabi/12.3.1/../../../../arm-none-eabi/lib/thumb/v7e-m+fp/hard\libc_nano.a(libc_a-init.o)
 .ARM.attributes
                0x000005bf       0x34 E:/ST/STM32CubeIDE_1.16.1/STM32CubeIDE/plugins/com.st.stm32cube.ide.mcu.externaltools.gnu-tools-for-stm32.12.3.rel1.win32_1.0.200.202406191623/tools/bin/../lib/gcc/arm-none-eabi/12.3.1/../../../../arm-none-eabi/lib/thumb/v7e-m+fp/hard\libc_nano.a(libc_a-memcpy-stub.o)
 .ARM.attributes
                0x000005f3       0x22 E:/ST/STM32CubeIDE_1.16.1/STM32CubeIDE/plugins/com.st.stm32cube.ide.mcu.externaltools.gnu-tools-for-stm32.12.3.rel1.win32_1.0.200.202406191623/tools/bin/../lib/gcc/arm-none-eabi/12.3.1/thumb/v7e-m+fp/hard/crtn.o
OUTPUT(USB2CAN.elf elf32-littlearm)
LOAD linker stubs
LOAD E:/ST/STM32CubeIDE_1.16.1/STM32CubeIDE/plugins/com.st.stm32cube.ide.mcu.externaltools.gnu-tools-for-stm32.12.3.rel1.win32_1.0.200.202406191623/tools/bin/../lib/gcc/arm-none-eabi/12.3.1/../../../../arm-none-eabi/lib/thumb/v7e-m+fp/hard\libc.a
LOAD E:/ST/STM32CubeIDE_1.16.1/STM32CubeIDE/plugins/com.st.stm32cube.ide.mcu.externaltools.gnu-tools-for-stm32.12.3.rel1.win32_1.0.200.202406191623/tools/bin/../lib/gcc/arm-none-eabi/12.3.1/../../../../arm-none-eabi/lib/thumb/v7e-m+fp/hard\libm.a
LOAD E:/ST/STM32CubeIDE_1.16.1/STM32CubeIDE/plugins/com.st.stm32cube.ide.mcu.externaltools.gnu-tools-for-stm32.12.3.rel1.win32_1.0.200.202406191623/tools/bin/../lib/gcc/arm-none-eabi/12.3.1/thumb/v7e-m+fp/hard\libgcc.a

.debug_info     0x00000000    0x12233
 .debug_info    0x00000000     0x1074 ./Core/Src/fdcan.o
 .debug_info    0x00001074      0x2ec ./Core/Src/gpio.o
 .debug_info    0x00001360      0x980 ./Core/Src/main.o
 .debug_info    0x00001ce0      0x2da ./Core/Src/stm32g4xx_hal_msp.o
 .debug_info    0x00001fba      0xb3e ./Core/Src/stm32g4xx_it.o
 .debug_info    0x00002af8      0x58e ./Core/Src/system_stm32g4xx.o
 .debug_info    0x00003086       0x30 ./Core/Startup/startup_stm32g431cbux.o
 .debug_info    0x000030b6      0xadb ./Drivers/STM32G4xx_HAL_Driver/Src/stm32g4xx_hal.o
 .debug_info    0x00003b91      0xd3f ./Drivers/STM32G4xx_HAL_Driver/Src/stm32g4xx_hal_cortex.o
 .debug_info    0x000048d0     0x189c ./Drivers/STM32G4xx_HAL_Driver/Src/stm32g4xx_hal_fdcan.o
 .debug_info    0x0000616c      0x763 ./Drivers/STM32G4xx_HAL_Driver/Src/stm32g4xx_hal_gpio.o
 .debug_info    0x000068cf     0x1610 ./Drivers/STM32G4xx_HAL_Driver/Src/stm32g4xx_hal_pcd.o
 .debug_info    0x00007edf      0x80a ./Drivers/STM32G4xx_HAL_Driver/Src/stm32g4xx_hal_pcd_ex.o
 .debug_info    0x000086e9      0x93f ./Drivers/STM32G4xx_HAL_Driver/Src/stm32g4xx_hal_pwr_ex.o
 .debug_info    0x00009028      0xb82 ./Drivers/STM32G4xx_HAL_Driver/Src/stm32g4xx_hal_rcc.o
 .debug_info    0x00009baa      0xc15 ./Drivers/STM32G4xx_HAL_Driver/Src/stm32g4xx_hal_rcc_ex.o
 .debug_info    0x0000a7bf     0x1577 ./Drivers/STM32G4xx_HAL_Driver/Src/stm32g4xx_ll_usb.o
 .debug_info    0x0000bd36     0x1124 ./Middlewares/ST/STM32_USB_Device_Library/Class/CDC/Src/usbd_cdc.o
 .debug_info    0x0000ce5a      0xb1b ./Middlewares/ST/STM32_USB_Device_Library/Core/Src/usbd_core.o
 .debug_info    0x0000d975      0xa57 ./Middlewares/ST/STM32_USB_Device_Library/Core/Src/usbd_ctlreq.o
 .debug_info    0x0000e3cc      0x720 ./Middlewares/ST/STM32_USB_Device_Library/Core/Src/usbd_ioreq.o
 .debug_info    0x0000eaec      0x6d7 ./USB_Device/App/usb_device.o
 .debug_info    0x0000f1c3      0xf55 ./USB_Device/App/usbd_cdc_if.o
 .debug_info    0x00010118      0x45f ./USB_Device/App/usbd_desc.o
 .debug_info    0x00010577     0x1cbc ./USB_Device/Target/usbd_conf.o

.debug_abbrev   0x00000000     0x334e
 .debug_abbrev  0x00000000      0x22a ./Core/Src/fdcan.o
 .debug_abbrev  0x0000022a       0xc6 ./Core/Src/gpio.o
 .debug_abbrev  0x000002f0      0x1d6 ./Core/Src/main.o
 .debug_abbrev  0x000004c6       0xd9 ./Core/Src/stm32g4xx_hal_msp.o
 .debug_abbrev  0x0000059f      0x192 ./Core/Src/stm32g4xx_it.o
 .debug_abbrev  0x00000731      0x11a ./Core/Src/system_stm32g4xx.o
 .debug_abbrev  0x0000084b       0x24 ./Core/Startup/startup_stm32g431cbux.o
 .debug_abbrev  0x0000086f      0x271 ./Drivers/STM32G4xx_HAL_Driver/Src/stm32g4xx_hal.o
 .debug_abbrev  0x00000ae0      0x31c ./Drivers/STM32G4xx_HAL_Driver/Src/stm32g4xx_hal_cortex.o
 .debug_abbrev  0x00000dfc      0x1e7 ./Drivers/STM32G4xx_HAL_Driver/Src/stm32g4xx_hal_fdcan.o
 .debug_abbrev  0x00000fe3      0x1cb ./Drivers/STM32G4xx_HAL_Driver/Src/stm32g4xx_hal_gpio.o
 .debug_abbrev  0x000011ae      0x2b9 ./Drivers/STM32G4xx_HAL_Driver/Src/stm32g4xx_hal_pcd.o
 .debug_abbrev  0x00001467      0x228 ./Drivers/STM32G4xx_HAL_Driver/Src/stm32g4xx_hal_pcd_ex.o
 .debug_abbrev  0x0000168f      0x22c ./Drivers/STM32G4xx_HAL_Driver/Src/stm32g4xx_hal_pwr_ex.o
 .debug_abbrev  0x000018bb      0x2c9 ./Drivers/STM32G4xx_HAL_Driver/Src/stm32g4xx_hal_rcc.o
 .debug_abbrev  0x00001b84      0x258 ./Drivers/STM32G4xx_HAL_Driver/Src/stm32g4xx_hal_rcc_ex.o
 .debug_abbrev  0x00001ddc      0x247 ./Drivers/STM32G4xx_HAL_Driver/Src/stm32g4xx_ll_usb.o
 .debug_abbrev  0x00002023      0x2bc ./Middlewares/ST/STM32_USB_Device_Library/Class/CDC/Src/usbd_cdc.o
 .debug_abbrev  0x000022df      0x24f ./Middlewares/ST/STM32_USB_Device_Library/Core/Src/usbd_core.o
 .debug_abbrev  0x0000252e      0x27e ./Middlewares/ST/STM32_USB_Device_Library/Core/Src/usbd_ctlreq.o
 .debug_abbrev  0x000027ac      0x1a9 ./Middlewares/ST/STM32_USB_Device_Library/Core/Src/usbd_ioreq.o
 .debug_abbrev  0x00002955      0x1a4 ./USB_Device/App/usb_device.o
 .debug_abbrev  0x00002af9      0x31b ./USB_Device/App/usbd_cdc_if.o
 .debug_abbrev  0x00002e14      0x20e ./USB_Device/App/usbd_desc.o
 .debug_abbrev  0x00003022      0x32c ./USB_Device/Target/usbd_conf.o

.debug_aranges  0x00000000      0xf40
 .debug_aranges
                0x00000000       0x40 ./Core/Src/fdcan.o
 .debug_aranges
                0x00000040       0x20 ./Core/Src/gpio.o
 .debug_aranges
                0x00000060       0x30 ./Core/Src/main.o
 .debug_aranges
                0x00000090       0x20 ./Core/Src/stm32g4xx_hal_msp.o
 .debug_aranges
                0x000000b0       0x78 ./Core/Src/stm32g4xx_it.o
 .debug_aranges
                0x00000128       0x28 ./Core/Src/system_stm32g4xx.o
 .debug_aranges
                0x00000150       0x28 ./Core/Startup/startup_stm32g431cbux.o
 .debug_aranges
                0x00000178      0x148 ./Drivers/STM32G4xx_HAL_Driver/Src/stm32g4xx_hal.o
 .debug_aranges
                0x000002c0      0x128 ./Drivers/STM32G4xx_HAL_Driver/Src/stm32g4xx_hal_cortex.o
 .debug_aranges
                0x000003e8      0x208 ./Drivers/STM32G4xx_HAL_Driver/Src/stm32g4xx_hal_fdcan.o
 .debug_aranges
                0x000005f0       0x58 ./Drivers/STM32G4xx_HAL_Driver/Src/stm32g4xx_hal_gpio.o
 .debug_aranges
                0x00000648      0x138 ./Drivers/STM32G4xx_HAL_Driver/Src/stm32g4xx_hal_pcd.o
 .debug_aranges
                0x00000780       0x58 ./Drivers/STM32G4xx_HAL_Driver/Src/stm32g4xx_hal_pcd_ex.o
 .debug_aranges
                0x000007d8      0x140 ./Drivers/STM32G4xx_HAL_Driver/Src/stm32g4xx_hal_pwr_ex.o
 .debug_aranges
                0x00000918       0x98 ./Drivers/STM32G4xx_HAL_Driver/Src/stm32g4xx_hal_rcc.o
 .debug_aranges
                0x000009b0       0xb0 ./Drivers/STM32G4xx_HAL_Driver/Src/stm32g4xx_hal_rcc_ex.o
 .debug_aranges
                0x00000a60       0xc8 ./Drivers/STM32G4xx_HAL_Driver/Src/stm32g4xx_ll_usb.o
 .debug_aranges
                0x00000b28       0x90 ./Middlewares/ST/STM32_USB_Device_Library/Class/CDC/Src/usbd_cdc.o
 .debug_aranges
                0x00000bb8       0xb8 ./Middlewares/ST/STM32_USB_Device_Library/Core/Src/usbd_core.o
 .debug_aranges
                0x00000c70       0x90 ./Middlewares/ST/STM32_USB_Device_Library/Core/Src/usbd_ctlreq.o
 .debug_aranges
                0x00000d00       0x50 ./Middlewares/ST/STM32_USB_Device_Library/Core/Src/usbd_ioreq.o
 .debug_aranges
                0x00000d50       0x20 ./USB_Device/App/usb_device.o
 .debug_aranges
                0x00000d70       0x50 ./USB_Device/App/usbd_cdc_if.o
 .debug_aranges
                0x00000dc0       0x60 ./USB_Device/App/usbd_desc.o
 .debug_aranges
                0x00000e20      0x120 ./USB_Device/Target/usbd_conf.o

.debug_rnglists
                0x00000000      0xb40
 .debug_rnglists
                0x00000000       0x2e ./Core/Src/fdcan.o
 .debug_rnglists
                0x0000002e       0x13 ./Core/Src/gpio.o
 .debug_rnglists
                0x00000041       0x20 ./Core/Src/main.o
 .debug_rnglists
                0x00000061       0x13 ./Core/Src/stm32g4xx_hal_msp.o
 .debug_rnglists
                0x00000074       0x55 ./Core/Src/stm32g4xx_it.o
 .debug_rnglists
                0x000000c9       0x1a ./Core/Src/system_stm32g4xx.o
 .debug_rnglists
                0x000000e3       0x19 ./Core/Startup/startup_stm32g431cbux.o
 .debug_rnglists
                0x000000fc       0xf1 ./Drivers/STM32G4xx_HAL_Driver/Src/stm32g4xx_hal.o
 .debug_rnglists
                0x000001ed       0xda ./Drivers/STM32G4xx_HAL_Driver/Src/stm32g4xx_hal_cortex.o
 .debug_rnglists
                0x000002c7      0x18d ./Drivers/STM32G4xx_HAL_Driver/Src/stm32g4xx_hal_fdcan.o
 .debug_rnglists
                0x00000454       0x3f ./Drivers/STM32G4xx_HAL_Driver/Src/stm32g4xx_hal_gpio.o
 .debug_rnglists
                0x00000493       0xee ./Drivers/STM32G4xx_HAL_Driver/Src/stm32g4xx_hal_pcd.o
 .debug_rnglists
                0x00000581       0x3f ./Drivers/STM32G4xx_HAL_Driver/Src/stm32g4xx_hal_pcd_ex.o
 .debug_rnglists
                0x000005c0       0xf1 ./Drivers/STM32G4xx_HAL_Driver/Src/stm32g4xx_hal_pwr_ex.o
 .debug_rnglists
                0x000006b1       0x74 ./Drivers/STM32G4xx_HAL_Driver/Src/stm32g4xx_hal_rcc.o
 .debug_rnglists
                0x00000725       0x87 ./Drivers/STM32G4xx_HAL_Driver/Src/stm32g4xx_hal_rcc_ex.o
 .debug_rnglists
                0x000007ac       0x99 ./Drivers/STM32G4xx_HAL_Driver/Src/stm32g4xx_ll_usb.o
 .debug_rnglists
                0x00000845       0x6a ./Middlewares/ST/STM32_USB_Device_Library/Class/CDC/Src/usbd_cdc.o
 .debug_rnglists
                0x000008af       0x89 ./Middlewares/ST/STM32_USB_Device_Library/Core/Src/usbd_core.o
 .debug_rnglists
                0x00000938       0x6e ./Middlewares/ST/STM32_USB_Device_Library/Core/Src/usbd_ctlreq.o
 .debug_rnglists
                0x000009a6       0x37 ./Middlewares/ST/STM32_USB_Device_Library/Core/Src/usbd_ioreq.o
 .debug_rnglists
                0x000009dd       0x13 ./USB_Device/App/usb_device.o
 .debug_rnglists
                0x000009f0       0x38 ./USB_Device/App/usbd_cdc_if.o
 .debug_rnglists
                0x00000a28       0x43 ./USB_Device/App/usbd_desc.o
 .debug_rnglists
                0x00000a6b       0xd5 ./USB_Device/Target/usbd_conf.o

.debug_macro    0x00000000    0x1fb94
 .debug_macro   0x00000000      0x388 ./Core/Src/fdcan.o
 .debug_macro   0x00000388      0xab4 ./Core/Src/fdcan.o
 .debug_macro   0x00000e3c      0x15b ./Core/Src/fdcan.o
 .debug_macro   0x00000f97       0x2e ./Core/Src/fdcan.o
 .debug_macro   0x00000fc5       0x28 ./Core/Src/fdcan.o
 .debug_macro   0x00000fed       0x22 ./Core/Src/fdcan.o
 .debug_macro   0x0000100f       0x8e ./Core/Src/fdcan.o
 .debug_macro   0x0000109d       0x51 ./Core/Src/fdcan.o
 .debug_macro   0x000010ee      0x103 ./Core/Src/fdcan.o
 .debug_macro   0x000011f1       0x6a ./Core/Src/fdcan.o
 .debug_macro   0x0000125b      0x1df ./Core/Src/fdcan.o
 .debug_macro   0x0000143a       0x1c ./Core/Src/fdcan.o
 .debug_macro   0x00001456       0x22 ./Core/Src/fdcan.o
 .debug_macro   0x00001478       0xfb ./Core/Src/fdcan.o
 .debug_macro   0x00001573     0x1011 ./Core/Src/fdcan.o
 .debug_macro   0x00002584      0x11f ./Core/Src/fdcan.o
 .debug_macro   0x000026a3    0x1138f ./Core/Src/fdcan.o
 .debug_macro   0x00013a32       0x6d ./Core/Src/fdcan.o
 .debug_macro   0x00013a9f     0x3558 ./Core/Src/fdcan.o
 .debug_macro   0x00016ff7      0x189 ./Core/Src/fdcan.o
 .debug_macro   0x00017180       0x5c ./Core/Src/fdcan.o
 .debug_macro   0x000171dc     0x141d ./Core/Src/fdcan.o
 .debug_macro   0x000185f9      0x535 ./Core/Src/fdcan.o
 .debug_macro   0x00018b2e      0x1b6 ./Core/Src/fdcan.o
 .debug_macro   0x00018ce4      0x288 ./Core/Src/fdcan.o
 .debug_macro   0x00018f6c      0x41d ./Core/Src/fdcan.o
 .debug_macro   0x00019389      0x18b ./Core/Src/fdcan.o
 .debug_macro   0x00019514       0x43 ./Core/Src/fdcan.o
 .debug_macro   0x00019557      0x23d ./Core/Src/fdcan.o
 .debug_macro   0x00019794      0x211 ./Core/Src/fdcan.o
 .debug_macro   0x000199a5      0x6bd ./Core/Src/fdcan.o
 .debug_macro   0x0001a062      0x401 ./Core/Src/fdcan.o
 .debug_macro   0x0001a463      0x107 ./Core/Src/fdcan.o
 .debug_macro   0x0001a56a       0x73 ./Core/Src/fdcan.o
 .debug_macro   0x0001a5dd      0x22d ./Core/Src/fdcan.o
 .debug_macro   0x0001a80a      0x122 ./Core/Src/fdcan.o
 .debug_macro   0x0001a92c      0x3d1 ./Core/Src/fdcan.o
 .debug_macro   0x0001acfd      0x306 ./Core/Src/fdcan.o
 .debug_macro   0x0001b003       0x61 ./Core/Src/fdcan.o
 .debug_macro   0x0001b064       0x2a ./Core/Src/fdcan.o
 .debug_macro   0x0001b08e       0x43 ./Core/Src/fdcan.o
 .debug_macro   0x0001b0d1       0x34 ./Core/Src/fdcan.o
 .debug_macro   0x0001b105       0x16 ./Core/Src/fdcan.o
 .debug_macro   0x0001b11b       0x35 ./Core/Src/fdcan.o
 .debug_macro   0x0001b150      0x369 ./Core/Src/fdcan.o
 .debug_macro   0x0001b4b9       0x10 ./Core/Src/fdcan.o
 .debug_macro   0x0001b4c9       0x16 ./Core/Src/fdcan.o
 .debug_macro   0x0001b4df       0x43 ./Core/Src/fdcan.o
 .debug_macro   0x0001b522       0x34 ./Core/Src/fdcan.o
 .debug_macro   0x0001b556       0x10 ./Core/Src/fdcan.o
 .debug_macro   0x0001b566       0x58 ./Core/Src/fdcan.o
 .debug_macro   0x0001b5be       0x8e ./Core/Src/fdcan.o
 .debug_macro   0x0001b64c       0x1c ./Core/Src/fdcan.o
 .debug_macro   0x0001b668      0x177 ./Core/Src/fdcan.o
 .debug_macro   0x0001b7df       0x16 ./Core/Src/fdcan.o
 .debug_macro   0x0001b7f5       0x16 ./Core/Src/fdcan.o
 .debug_macro   0x0001b80b      0x146 ./Core/Src/fdcan.o
 .debug_macro   0x0001b951       0x16 ./Core/Src/fdcan.o
 .debug_macro   0x0001b967       0x16 ./Core/Src/fdcan.o
 .debug_macro   0x0001b97d       0x29 ./Core/Src/fdcan.o
 .debug_macro   0x0001b9a6       0x16 ./Core/Src/fdcan.o
 .debug_macro   0x0001b9bc       0x20 ./Core/Src/fdcan.o
 .debug_macro   0x0001b9dc       0x5f ./Core/Src/fdcan.o
 .debug_macro   0x0001ba3b      0x1ef ./Core/Src/fdcan.o
 .debug_macro   0x0001bc2a       0x95 ./Core/Src/fdcan.o
 .debug_macro   0x0001bcbf       0x10 ./Core/Src/fdcan.o
 .debug_macro   0x0001bccf      0x1e8 ./Core/Src/gpio.o
 .debug_macro   0x0001beb7      0x35a ./Core/Src/main.o
 .debug_macro   0x0001c211      0x1de ./Core/Src/stm32g4xx_hal_msp.o
 .debug_macro   0x0001c3ef      0x1e8 ./Core/Src/stm32g4xx_it.o
 .debug_macro   0x0001c5d7      0x1d4 ./Core/Src/system_stm32g4xx.o
 .debug_macro   0x0001c7ab      0x222 ./Drivers/STM32G4xx_HAL_Driver/Src/stm32g4xx_hal.o
 .debug_macro   0x0001c9cd      0x1d4 ./Drivers/STM32G4xx_HAL_Driver/Src/stm32g4xx_hal_cortex.o
 .debug_macro   0x0001cba1      0x2e6 ./Drivers/STM32G4xx_HAL_Driver/Src/stm32g4xx_hal_fdcan.o
 .debug_macro   0x0001ce87      0x1db ./Drivers/STM32G4xx_HAL_Driver/Src/stm32g4xx_hal_gpio.o
 .debug_macro   0x0001d062      0x1e0 ./Drivers/STM32G4xx_HAL_Driver/Src/stm32g4xx_hal_pcd.o
 .debug_macro   0x0001d242      0x1d4 ./Drivers/STM32G4xx_HAL_Driver/Src/stm32g4xx_hal_pcd_ex.o
 .debug_macro   0x0001d416      0x1fe ./Drivers/STM32G4xx_HAL_Driver/Src/stm32g4xx_hal_pwr_ex.o
 .debug_macro   0x0001d614      0x216 ./Drivers/STM32G4xx_HAL_Driver/Src/stm32g4xx_hal_rcc.o
 .debug_macro   0x0001d82a      0x1fe ./Drivers/STM32G4xx_HAL_Driver/Src/stm32g4xx_hal_rcc_ex.o
 .debug_macro   0x0001da28      0x1d4 ./Drivers/STM32G4xx_HAL_Driver/Src/stm32g4xx_ll_usb.o
 .debug_macro   0x0001dbfc      0x363 ./Middlewares/ST/STM32_USB_Device_Library/Class/CDC/Src/usbd_cdc.o
 .debug_macro   0x0001df5f       0x9e ./Middlewares/ST/STM32_USB_Device_Library/Class/CDC/Src/usbd_cdc.o
 .debug_macro   0x0001dffd      0x10b ./Middlewares/ST/STM32_USB_Device_Library/Class/CDC/Src/usbd_cdc.o
 .debug_macro   0x0001e108       0x56 ./Middlewares/ST/STM32_USB_Device_Library/Class/CDC/Src/usbd_cdc.o
 .debug_macro   0x0001e15e      0x34a ./Middlewares/ST/STM32_USB_Device_Library/Core/Src/usbd_core.o
 .debug_macro   0x0001e4a8      0x1f5 ./Middlewares/ST/STM32_USB_Device_Library/Core/Src/usbd_core.o
 .debug_macro   0x0001e69d      0x354 ./Middlewares/ST/STM32_USB_Device_Library/Core/Src/usbd_ctlreq.o
 .debug_macro   0x0001e9f1      0x350 ./Middlewares/ST/STM32_USB_Device_Library/Core/Src/usbd_ioreq.o
 .debug_macro   0x0001ed41      0x389 ./USB_Device/App/usb_device.o
 .debug_macro   0x0001f0ca       0x22 ./USB_Device/App/usb_device.o
 .debug_macro   0x0001f0ec       0x16 ./USB_Device/App/usb_device.o
 .debug_macro   0x0001f102      0x382 ./USB_Device/App/usbd_cdc_if.o
 .debug_macro   0x0001f484      0x387 ./USB_Device/App/usbd_desc.o
 .debug_macro   0x0001f80b       0x1c ./USB_Device/App/usbd_desc.o
 .debug_macro   0x0001f827      0x36d ./USB_Device/Target/usbd_conf.o

.debug_line     0x00000000    0x13218
 .debug_line    0x00000000      0xb39 ./Core/Src/fdcan.o
 .debug_line    0x00000b39      0x763 ./Core/Src/gpio.o
 .debug_line    0x0000129c      0xa43 ./Core/Src/main.o
 .debug_line    0x00001cdf      0x767 ./Core/Src/stm32g4xx_hal_msp.o
 .debug_line    0x00002446      0x870 ./Core/Src/stm32g4xx_it.o
 .debug_line    0x00002cb6      0x7d2 ./Core/Src/system_stm32g4xx.o
 .debug_line    0x00003488       0x7b ./Core/Startup/startup_stm32g431cbux.o
 .debug_line    0x00003503      0xb8e ./Drivers/STM32G4xx_HAL_Driver/Src/stm32g4xx_hal.o
 .debug_line    0x00004091      0xd21 ./Drivers/STM32G4xx_HAL_Driver/Src/stm32g4xx_hal_cortex.o
 .debug_line    0x00004db2     0x1971 ./Drivers/STM32G4xx_HAL_Driver/Src/stm32g4xx_hal_fdcan.o
 .debug_line    0x00006723      0xba7 ./Drivers/STM32G4xx_HAL_Driver/Src/stm32g4xx_hal_gpio.o
 .debug_line    0x000072ca     0x13ba ./Drivers/STM32G4xx_HAL_Driver/Src/stm32g4xx_hal_pcd.o
 .debug_line    0x00008684      0x8ff ./Drivers/STM32G4xx_HAL_Driver/Src/stm32g4xx_hal_pcd_ex.o
 .debug_line    0x00008f83      0xcfd ./Drivers/STM32G4xx_HAL_Driver/Src/stm32g4xx_hal_pwr_ex.o
 .debug_line    0x00009c80      0xf59 ./Drivers/STM32G4xx_HAL_Driver/Src/stm32g4xx_hal_rcc.o
 .debug_line    0x0000abd9     0x1121 ./Drivers/STM32G4xx_HAL_Driver/Src/stm32g4xx_hal_rcc_ex.o
 .debug_line    0x0000bcfa      0xf7a ./Drivers/STM32G4xx_HAL_Driver/Src/stm32g4xx_ll_usb.o
 .debug_line    0x0000cc74      0xd9f ./Middlewares/ST/STM32_USB_Device_Library/Class/CDC/Src/usbd_cdc.o
 .debug_line    0x0000da13      0xe1e ./Middlewares/ST/STM32_USB_Device_Library/Core/Src/usbd_core.o
 .debug_line    0x0000e831     0x10bf ./Middlewares/ST/STM32_USB_Device_Library/Core/Src/usbd_ctlreq.o
 .debug_line    0x0000f8f0      0xa75 ./Middlewares/ST/STM32_USB_Device_Library/Core/Src/usbd_ioreq.o
 .debug_line    0x00010365      0xa31 ./USB_Device/App/usb_device.o
 .debug_line    0x00010d96      0xaf8 ./USB_Device/App/usbd_cdc_if.o
 .debug_line    0x0001188e      0xafa ./USB_Device/App/usbd_desc.o
 .debug_line    0x00012388      0xe90 ./USB_Device/Target/usbd_conf.o

.debug_str      0x00000000    0xba191
 .debug_str     0x00000000    0xb5998 ./Core/Src/fdcan.o
                              0xb5d20 (size before relaxing)
 .debug_str     0x000b5998       0x2c ./Core/Src/gpio.o
                              0xb0b09 (size before relaxing)
 .debug_str     0x000b59c4      0x210 ./Core/Src/main.o
                              0xb529f (size before relaxing)
 .debug_str     0x000b5bd4       0x4d ./Core/Src/stm32g4xx_hal_msp.o
                              0xb0b2a (size before relaxing)
 .debug_str     0x000b5c21      0x3f9 ./Core/Src/stm32g4xx_it.o
                              0xb1157 (size before relaxing)
 .debug_str     0x000b601a       0xdb ./Core/Src/system_stm32g4xx.o
                              0xb0bb9 (size before relaxing)
 .debug_str     0x000b60f5       0x44 ./Core/Startup/startup_stm32g431cbux.o
                                 0x86 (size before relaxing)
 .debug_str     0x000b6139      0x5e3 ./Drivers/STM32G4xx_HAL_Driver/Src/stm32g4xx_hal.o
                              0xb16f8 (size before relaxing)
 .debug_str     0x000b671c      0x361 ./Drivers/STM32G4xx_HAL_Driver/Src/stm32g4xx_hal_cortex.o
                              0xb13b4 (size before relaxing)
 .debug_str     0x000b6a7d     0x117f ./Drivers/STM32G4xx_HAL_Driver/Src/stm32g4xx_hal_fdcan.o
                              0xb2168 (size before relaxing)
 .debug_str     0x000b7bfc      0x15f ./Drivers/STM32G4xx_HAL_Driver/Src/stm32g4xx_hal_gpio.o
                              0xb0d44 (size before relaxing)
 .debug_str     0x000b7d5b      0x577 ./Drivers/STM32G4xx_HAL_Driver/Src/stm32g4xx_hal_pcd.o
                              0xb1335 (size before relaxing)
 .debug_str     0x000b82d2      0x186 ./Drivers/STM32G4xx_HAL_Driver/Src/stm32g4xx_hal_pcd_ex.o
                              0xb0f71 (size before relaxing)
 .debug_str     0x000b8458      0x4a5 ./Drivers/STM32G4xx_HAL_Driver/Src/stm32g4xx_hal_pwr_ex.o
                              0xb10a7 (size before relaxing)
 .debug_str     0x000b88fd      0x4e0 ./Drivers/STM32G4xx_HAL_Driver/Src/stm32g4xx_hal_rcc.o
                              0xb12b2 (size before relaxing)
 .debug_str     0x000b8ddd      0x41c ./Drivers/STM32G4xx_HAL_Driver/Src/stm32g4xx_hal_rcc_ex.o
                              0xb12b3 (size before relaxing)
 .debug_str     0x000b91f9       0xd3 ./Drivers/STM32G4xx_HAL_Driver/Src/stm32g4xx_ll_usb.o
                              0xb0e72 (size before relaxing)
 .debug_str     0x000b92cc      0x65e ./Middlewares/ST/STM32_USB_Device_Library/Class/CDC/Src/usbd_cdc.o
                              0xb59ed (size before relaxing)
 .debug_str     0x000b992a      0x288 ./Middlewares/ST/STM32_USB_Device_Library/Core/Src/usbd_core.o
                              0xb52c9 (size before relaxing)
 .debug_str     0x000b9bb2      0x147 ./Middlewares/ST/STM32_USB_Device_Library/Core/Src/usbd_ctlreq.o
                              0xb521b (size before relaxing)
 .debug_str     0x000b9cf9       0x51 ./Middlewares/ST/STM32_USB_Device_Library/Core/Src/usbd_ioreq.o
                              0xb5110 (size before relaxing)
 .debug_str     0x000b9d4a       0xc7 ./USB_Device/App/usb_device.o
                              0xb54c4 (size before relaxing)
 .debug_str     0x000b9e11       0x9b ./USB_Device/App/usbd_cdc_if.o
                              0xb59ae (size before relaxing)
 .debug_str     0x000b9eac      0x254 ./USB_Device/App/usbd_desc.o
                              0xb501a (size before relaxing)
 .debug_str     0x000ba100       0x91 ./USB_Device/Target/usbd_conf.o
                              0xb6383 (size before relaxing)

.comment        0x00000000       0x43
 .comment       0x00000000       0x43 ./Core/Src/fdcan.o
                                 0x44 (size before relaxing)
 .comment       0x00000043       0x44 ./Core/Src/gpio.o
 .comment       0x00000043       0x44 ./Core/Src/main.o
 .comment       0x00000043       0x44 ./Core/Src/stm32g4xx_hal_msp.o
 .comment       0x00000043       0x44 ./Core/Src/stm32g4xx_it.o
 .comment       0x00000043       0x44 ./Core/Src/system_stm32g4xx.o
 .comment       0x00000043       0x44 ./Drivers/STM32G4xx_HAL_Driver/Src/stm32g4xx_hal.o
 .comment       0x00000043       0x44 ./Drivers/STM32G4xx_HAL_Driver/Src/stm32g4xx_hal_cortex.o
 .comment       0x00000043       0x44 ./Drivers/STM32G4xx_HAL_Driver/Src/stm32g4xx_hal_fdcan.o
 .comment       0x00000043       0x44 ./Drivers/STM32G4xx_HAL_Driver/Src/stm32g4xx_hal_gpio.o
 .comment       0x00000043       0x44 ./Drivers/STM32G4xx_HAL_Driver/Src/stm32g4xx_hal_pcd.o
 .comment       0x00000043       0x44 ./Drivers/STM32G4xx_HAL_Driver/Src/stm32g4xx_hal_pcd_ex.o
 .comment       0x00000043       0x44 ./Drivers/STM32G4xx_HAL_Driver/Src/stm32g4xx_hal_pwr_ex.o
 .comment       0x00000043       0x44 ./Drivers/STM32G4xx_HAL_Driver/Src/stm32g4xx_hal_rcc.o
 .comment       0x00000043       0x44 ./Drivers/STM32G4xx_HAL_Driver/Src/stm32g4xx_hal_rcc_ex.o
 .comment       0x00000043       0x44 ./Drivers/STM32G4xx_HAL_Driver/Src/stm32g4xx_ll_usb.o
 .comment       0x00000043       0x44 ./Middlewares/ST/STM32_USB_Device_Library/Class/CDC/Src/usbd_cdc.o
 .comment       0x00000043       0x44 ./Middlewares/ST/STM32_USB_Device_Library/Core/Src/usbd_core.o
 .comment       0x00000043       0x44 ./Middlewares/ST/STM32_USB_Device_Library/Core/Src/usbd_ctlreq.o
 .comment       0x00000043       0x44 ./Middlewares/ST/STM32_USB_Device_Library/Core/Src/usbd_ioreq.o
 .comment       0x00000043       0x44 ./USB_Device/App/usb_device.o
 .comment       0x00000043       0x44 ./USB_Device/App/usbd_cdc_if.o
 .comment       0x00000043       0x44 ./USB_Device/App/usbd_desc.o
 .comment       0x00000043       0x44 ./USB_Device/Target/usbd_conf.o

.debug_frame    0x00000000     0x3c90
 .debug_frame   0x00000000       0xc4 ./Core/Src/fdcan.o
 .debug_frame   0x000000c4       0x38 ./Core/Src/gpio.o
 .debug_frame   0x000000fc       0x68 ./Core/Src/main.o
 .debug_frame   0x00000164       0x34 ./Core/Src/stm32g4xx_hal_msp.o
 .debug_frame   0x00000198      0x158 ./Core/Src/stm32g4xx_it.o
 .debug_frame   0x000002f0       0x58 ./Core/Src/system_stm32g4xx.o
 .debug_frame   0x00000348      0x500 ./Drivers/STM32G4xx_HAL_Driver/Src/stm32g4xx_hal.o
 .debug_frame   0x00000848      0x4e8 ./Drivers/STM32G4xx_HAL_Driver/Src/stm32g4xx_hal_cortex.o
 .debug_frame   0x00000d30      0x9b0 ./Drivers/STM32G4xx_HAL_Driver/Src/stm32g4xx_hal_fdcan.o
 .debug_frame   0x000016e0      0x14c ./Drivers/STM32G4xx_HAL_Driver/Src/stm32g4xx_hal_gpio.o
 .debug_frame   0x0000182c      0x56c ./Drivers/STM32G4xx_HAL_Driver/Src/stm32g4xx_hal_pcd.o
 .debug_frame   0x00001d98      0x14c ./Drivers/STM32G4xx_HAL_Driver/Src/stm32g4xx_hal_pcd_ex.o
 .debug_frame   0x00001ee4      0x4fc ./Drivers/STM32G4xx_HAL_Driver/Src/stm32g4xx_hal_pwr_ex.o
 .debug_frame   0x000023e0      0x23c ./Drivers/STM32G4xx_HAL_Driver/Src/stm32g4xx_hal_rcc.o
 .debug_frame   0x0000261c      0x2ac ./Drivers/STM32G4xx_HAL_Driver/Src/stm32g4xx_hal_rcc_ex.o
 .debug_frame   0x000028c8      0x380 ./Drivers/STM32G4xx_HAL_Driver/Src/stm32g4xx_ll_usb.o
 .debug_frame   0x00002c48      0x248 ./Middlewares/ST/STM32_USB_Device_Library/Class/CDC/Src/usbd_cdc.o
 .debug_frame   0x00002e90      0x2f4 ./Middlewares/ST/STM32_USB_Device_Library/Core/Src/usbd_core.o
 .debug_frame   0x00003184      0x23c ./Middlewares/ST/STM32_USB_Device_Library/Core/Src/usbd_ctlreq.o
 .debug_frame   0x000033c0      0x10c ./Middlewares/ST/STM32_USB_Device_Library/Core/Src/usbd_ioreq.o
 .debug_frame   0x000034cc       0x2c ./USB_Device/App/usb_device.o
 .debug_frame   0x000034f8      0x108 ./USB_Device/App/usbd_cdc_if.o
 .debug_frame   0x00003600      0x160 ./USB_Device/App/usbd_desc.o
 .debug_frame   0x00003760      0x4bc ./USB_Device/Target/usbd_conf.o
 .debug_frame   0x00003c1c       0x20 E:/ST/STM32CubeIDE_1.16.1/STM32CubeIDE/plugins/com.st.stm32cube.ide.mcu.externaltools.gnu-tools-for-stm32.12.3.rel1.win32_1.0.200.202406191623/tools/bin/../lib/gcc/arm-none-eabi/12.3.1/../../../../arm-none-eabi/lib/thumb/v7e-m+fp/hard\libc_nano.a(libc_a-memset.o)
 .debug_frame   0x00003c3c       0x2c E:/ST/STM32CubeIDE_1.16.1/STM32CubeIDE/plugins/com.st.stm32cube.ide.mcu.externaltools.gnu-tools-for-stm32.12.3.rel1.win32_1.0.200.202406191623/tools/bin/../lib/gcc/arm-none-eabi/12.3.1/../../../../arm-none-eabi/lib/thumb/v7e-m+fp/hard\libc_nano.a(libc_a-init.o)
 .debug_frame   0x00003c68       0x28 E:/ST/STM32CubeIDE_1.16.1/STM32CubeIDE/plugins/com.st.stm32cube.ide.mcu.externaltools.gnu-tools-for-stm32.12.3.rel1.win32_1.0.200.202406191623/tools/bin/../lib/gcc/arm-none-eabi/12.3.1/../../../../arm-none-eabi/lib/thumb/v7e-m+fp/hard\libc_nano.a(libc_a-memcpy-stub.o)

.debug_line_str
                0x00000000       0x6a
 .debug_line_str
                0x00000000       0x6a ./Core/Startup/startup_stm32g431cbux.o
