Archive member included to satisfy reference by file (symbol)

C:/ST/STM32CubeIDE_1.16.1/STM32CubeIDE/plugins/com.st.stm32cube.ide.mcu.externaltools.gnu-tools-for-stm32.12.3.rel1.win32_1.0.200.202406191623/tools/bin/../lib/gcc/arm-none-eabi/12.3.1/../../../../arm-none-eabi/lib/thumb/v7e-m+fp/hard\libc_nano.a(libc_a-exit.o)
                              C:/ST/STM32CubeIDE_1.16.1/STM32CubeIDE/plugins/com.st.stm32cube.ide.mcu.externaltools.gnu-tools-for-stm32.12.3.rel1.win32_1.0.200.202406191623/tools/bin/../lib/gcc/arm-none-eabi/12.3.1/../../../../arm-none-eabi/lib/thumb/v7e-m+fp/hard/crt0.o (exit)
C:/ST/STM32CubeIDE_1.16.1/STM32CubeIDE/plugins/com.st.stm32cube.ide.mcu.externaltools.gnu-tools-for-stm32.12.3.rel1.win32_1.0.200.202406191623/tools/bin/../lib/gcc/arm-none-eabi/12.3.1/../../../../arm-none-eabi/lib/thumb/v7e-m+fp/hard\libc_nano.a(libc_a-findfp.o)
                              C:/ST/STM32CubeIDE_1.16.1/STM32CubeIDE/plugins/com.st.stm32cube.ide.mcu.externaltools.gnu-tools-for-stm32.12.3.rel1.win32_1.0.200.202406191623/tools/bin/../lib/gcc/arm-none-eabi/12.3.1/../../../../arm-none-eabi/lib/thumb/v7e-m+fp/hard\libc_nano.a(libc_a-exit.o) (__stdio_exit_handler)
C:/ST/STM32CubeIDE_1.16.1/STM32CubeIDE/plugins/com.st.stm32cube.ide.mcu.externaltools.gnu-tools-for-stm32.12.3.rel1.win32_1.0.200.202406191623/tools/bin/../lib/gcc/arm-none-eabi/12.3.1/../../../../arm-none-eabi/lib/thumb/v7e-m+fp/hard\libc_nano.a(libc_a-fwalk.o)
                              C:/ST/STM32CubeIDE_1.16.1/STM32CubeIDE/plugins/com.st.stm32cube.ide.mcu.externaltools.gnu-tools-for-stm32.12.3.rel1.win32_1.0.200.202406191623/tools/bin/../lib/gcc/arm-none-eabi/12.3.1/../../../../arm-none-eabi/lib/thumb/v7e-m+fp/hard\libc_nano.a(libc_a-findfp.o) (_fwalk_sglue)
C:/ST/STM32CubeIDE_1.16.1/STM32CubeIDE/plugins/com.st.stm32cube.ide.mcu.externaltools.gnu-tools-for-stm32.12.3.rel1.win32_1.0.200.202406191623/tools/bin/../lib/gcc/arm-none-eabi/12.3.1/../../../../arm-none-eabi/lib/thumb/v7e-m+fp/hard\libc_nano.a(libc_a-stdio.o)
                              C:/ST/STM32CubeIDE_1.16.1/STM32CubeIDE/plugins/com.st.stm32cube.ide.mcu.externaltools.gnu-tools-for-stm32.12.3.rel1.win32_1.0.200.202406191623/tools/bin/../lib/gcc/arm-none-eabi/12.3.1/../../../../arm-none-eabi/lib/thumb/v7e-m+fp/hard\libc_nano.a(libc_a-findfp.o) (__sread)
C:/ST/STM32CubeIDE_1.16.1/STM32CubeIDE/plugins/com.st.stm32cube.ide.mcu.externaltools.gnu-tools-for-stm32.12.3.rel1.win32_1.0.200.202406191623/tools/bin/../lib/gcc/arm-none-eabi/12.3.1/../../../../arm-none-eabi/lib/thumb/v7e-m+fp/hard\libc_nano.a(libc_a-memset.o)
                              C:/ST/STM32CubeIDE_1.16.1/STM32CubeIDE/plugins/com.st.stm32cube.ide.mcu.externaltools.gnu-tools-for-stm32.12.3.rel1.win32_1.0.200.202406191623/tools/bin/../lib/gcc/arm-none-eabi/12.3.1/../../../../arm-none-eabi/lib/thumb/v7e-m+fp/hard/crt0.o (memset)
C:/ST/STM32CubeIDE_1.16.1/STM32CubeIDE/plugins/com.st.stm32cube.ide.mcu.externaltools.gnu-tools-for-stm32.12.3.rel1.win32_1.0.200.202406191623/tools/bin/../lib/gcc/arm-none-eabi/12.3.1/../../../../arm-none-eabi/lib/thumb/v7e-m+fp/hard\libc_nano.a(libc_a-closer.o)
                              C:/ST/STM32CubeIDE_1.16.1/STM32CubeIDE/plugins/com.st.stm32cube.ide.mcu.externaltools.gnu-tools-for-stm32.12.3.rel1.win32_1.0.200.202406191623/tools/bin/../lib/gcc/arm-none-eabi/12.3.1/../../../../arm-none-eabi/lib/thumb/v7e-m+fp/hard\libc_nano.a(libc_a-stdio.o) (_close_r)
C:/ST/STM32CubeIDE_1.16.1/STM32CubeIDE/plugins/com.st.stm32cube.ide.mcu.externaltools.gnu-tools-for-stm32.12.3.rel1.win32_1.0.200.202406191623/tools/bin/../lib/gcc/arm-none-eabi/12.3.1/../../../../arm-none-eabi/lib/thumb/v7e-m+fp/hard\libc_nano.a(libc_a-reent.o)
                              C:/ST/STM32CubeIDE_1.16.1/STM32CubeIDE/plugins/com.st.stm32cube.ide.mcu.externaltools.gnu-tools-for-stm32.12.3.rel1.win32_1.0.200.202406191623/tools/bin/../lib/gcc/arm-none-eabi/12.3.1/../../../../arm-none-eabi/lib/thumb/v7e-m+fp/hard\libc_nano.a(libc_a-closer.o) (errno)
C:/ST/STM32CubeIDE_1.16.1/STM32CubeIDE/plugins/com.st.stm32cube.ide.mcu.externaltools.gnu-tools-for-stm32.12.3.rel1.win32_1.0.200.202406191623/tools/bin/../lib/gcc/arm-none-eabi/12.3.1/../../../../arm-none-eabi/lib/thumb/v7e-m+fp/hard\libc_nano.a(libc_a-impure.o)
                              C:/ST/STM32CubeIDE_1.16.1/STM32CubeIDE/plugins/com.st.stm32cube.ide.mcu.externaltools.gnu-tools-for-stm32.12.3.rel1.win32_1.0.200.202406191623/tools/bin/../lib/gcc/arm-none-eabi/12.3.1/../../../../arm-none-eabi/lib/thumb/v7e-m+fp/hard\libc_nano.a(libc_a-reent.o) (_impure_ptr)
C:/ST/STM32CubeIDE_1.16.1/STM32CubeIDE/plugins/com.st.stm32cube.ide.mcu.externaltools.gnu-tools-for-stm32.12.3.rel1.win32_1.0.200.202406191623/tools/bin/../lib/gcc/arm-none-eabi/12.3.1/../../../../arm-none-eabi/lib/thumb/v7e-m+fp/hard\libc_nano.a(libc_a-lseekr.o)
[...]
Memory Configuration

Name             Origin             Length             Attributes
RAM              0x20000000         0x00008000         xrw
FLASH            0x08000000         0x00020000         xr
*default*        0x00000000         0xffffffff

Linker script and memory map

LOAD C:/ST/STM32CubeIDE_1.16.1/STM32CubeIDE/plugins/com.st.stm32cube.ide.mcu.externaltools.gnu-tools-for-stm32.12.3.rel1.win32_1.0.200.202406191623/tools/bin/../lib/gcc/arm-none-eabi/12.3.1/thumb/v7e-m+fp/hard/crti.o
LOAD C:/ST/STM32CubeIDE_1.16.1/STM32CubeIDE/plugins/com.st.stm32cube.ide.mcu.externaltools.gnu-tools-for-stm32.12.3.rel1.win32_1.0.200.202406191623/tools/bin/../lib/gcc/arm-none-eabi/12.3.1/thumb/v7e-m+fp/hard/crtbegin.o
LOAD C:/ST/STM32CubeIDE_1.16.1/STM32CubeIDE/plugins/com.st.stm32cube.ide.mcu.externaltools.gnu-tools-for-stm32.12.3.rel1.win32_1.0.200.202406191623/tools/bin/../lib/gcc/arm-none-eabi/12.3.1/../../../../arm-none-eabi/lib/thumb/v7e-m+fp/hard/crt0.o
LOAD ./Core/Src/fdcan.o
LOAD ./Core/Src/gpio.o
LOAD ./Core/Src/main.o
LOAD ./Core/Src/stm32g4xx_hal_msp.o
LOAD ./Core/Src/stm32g4xx_it.o
LOAD ./Core/Src/syscalls.o
LOAD ./Core/Src/sysmem.o
LOAD ./Core/Src/system_stm32g4xx.o
LOAD ./Core/Startup/startup_stm32g431cbux.o
LOAD ./Drivers/STM32G4xx_HAL_Driver/Src/stm32g4xx_hal.o
LOAD ./Drivers/STM32G4xx_HAL_Driver/Src/stm32g4xx_hal_cortex.o
LOAD ./Drivers/STM32G4xx_HAL_Driver/Src/stm32g4xx_hal_dma.o
LOAD ./Drivers/STM32G4xx_HAL_Driver/Src/stm32g4xx_hal_dma_ex.o
LOAD ./Drivers/STM32G4xx_HAL_Driver/Src/stm32g4xx_hal_exti.o
LOAD ./Drivers/STM32G4xx_HAL_Driver/Src/stm32g4xx_hal_fdcan.o
LOAD ./Drivers/STM32G4xx_HAL_Driver/Src/stm32g4xx_hal_flash.o
LOAD ./Drivers/STM32G4xx_HAL_Driver/Src/stm32g4xx_hal_flash_ex.o
LOAD ./Drivers/STM32G4xx_HAL_Driver/Src/stm32g4xx_hal_flash_ramfunc.o
LOAD ./Drivers/STM32G4xx_HAL_Driver/Src/stm32g4xx_hal_gpio.o
LOAD ./Drivers/STM32G4xx_HAL_Driver/Src/stm32g4xx_hal_pcd.o
LOAD ./Drivers/STM32G4xx_HAL_Driver/Src/stm32g4xx_hal_pcd_ex.o
LOAD ./Drivers/STM32G4xx_HAL_Driver/Src/stm32g4xx_hal_pwr.o
LOAD ./Drivers/STM32G4xx_HAL_Driver/Src/stm32g4xx_hal_pwr_ex.o
LOAD ./Drivers/STM32G4xx_HAL_Driver/Src/stm32g4xx_hal_rcc.o
LOAD ./Drivers/STM32G4xx_HAL_Driver/Src/stm32g4xx_hal_rcc_ex.o
LOAD ./Drivers/STM32G4xx_HAL_Driver/Src/stm32g4xx_hal_tim.o
LOAD ./Drivers/STM32G4xx_HAL_Driver/Src/stm32g4xx_hal_tim_ex.o
LOAD ./Drivers/STM32G4xx_HAL_Driver/Src/stm32g4xx_ll_usb.o
LOAD ./Middlewares/ST/STM32_USB_Device_Library/Class/CDC/Src/usbd_cdc.o
LOAD ./Middlewares/ST/STM32_USB_Device_Library/Core/Src/usbd_core.o
LOAD ./Middlewares/ST/STM32_USB_Device_Library/Core/Src/usbd_ctlreq.o
LOAD ./Middlewares/ST/STM32_USB_Device_Library/Core/Src/usbd_ioreq.o
LOAD ./USB_Device/App/usb_device.o
LOAD ./USB_Device/App/usbd_cdc_if.o
LOAD ./USB_Device/App/usbd_desc.o
LOAD ./USB_Device/Target/usbd_conf.o
START GROUP
LOAD C:/ST/STM32CubeIDE_1.16.1/STM32CubeIDE/plugins/com.st.stm32cube.ide.mcu.externaltools.gnu-tools-for-stm32.12.3.rel1.win32_1.0.200.202406191623/tools/bin/../lib/gcc/arm-none-eabi/12.3.1/../../../../arm-none-eabi/lib/thumb/v7e-m+fp/hard\libc_nano.a
LOAD C:/ST/STM32CubeIDE_1.16.1/STM32CubeIDE/plugins/com.st.stm32cube.ide.mcu.externaltools.gnu-tools-for-stm32.12.3.rel1.win32_1.0.200.202406191623/tools/bin/../lib/gcc/arm-none-eabi/12.3.1/../../../../arm-none-eabi/lib/thumb/v7e-m+fp/hard\libm.a
END GROUP
START GROUP
LOAD C:/ST/STM32CubeIDE_1.16.1/STM32CubeIDE/plugins/com.st.stm32cube.ide.mcu.externaltools.gnu-tools-for-stm32.12.3.rel1.win32_1.0.200.202406191623/tools/bin/../lib/gcc/arm-none-eabi/12.3.1/thumb/v7e-m+fp/hard\libgcc.a
LOAD C:/ST/STM32CubeIDE_1.16.1/STM32CubeIDE/plugins/com.st.stm32cube.ide.mcu.externaltools.gnu-tools-for-stm32.12.3.rel1.win32_1.0.200.202406191623/tools/bin/../lib/gcc/arm-none-eabi/12.3.1/../../../../arm-none-eabi/lib/thumb/v7e-m+fp/hard\libc_nano.a
END GROUP
START GROUP
LOAD C:/ST/STM32CubeIDE_1.16.1/STM32CubeIDE/plugins/com.st.stm32cube.ide.mcu.externaltools.gnu-tools-for-stm32.12.3.rel1.win32_1.0.200.202406191623/tools/bin/../lib/gcc/arm-none-eabi/12.3.1/thumb/v7e-m+fp/hard\libgcc.a
LOAD C:/ST/STM32CubeIDE_1.16.1/STM32CubeIDE/plugins/com.st.stm32cube.ide.mcu.externaltools.gnu-tools-for-stm32.12.3.rel1.win32_1.0.200.202406191623/tools/bin/../lib/gcc/arm-none-eabi/12.3.1/../../../../arm-none-eabi/lib/thumb/v7e-m+fp/hard\libc_nano.a
LOAD C:/ST/STM32CubeIDE_1.16.1/STM32CubeIDE/plugins/com.st.stm32cube.ide.mcu.externaltools.gnu-tools-for-stm32.12.3.rel1.win32_1.0.200.202406191623/tools/bin/../lib/gcc/arm-none-eabi/12.3.1/../../../../arm-none-eabi/lib/thumb/v7e-m+fp/hard\libnosys.a
END GROUP
START GROUP
LOAD C:/ST/STM32CubeIDE_1.16.1/STM32CubeIDE/plugins/com.st.stm32cube.ide.mcu.externaltools.gnu-tools-for-stm32.12.3.rel1.win32_1.0.200.202406191623/tools/bin/../lib/gcc/arm-none-eabi/12.3.1/thumb/v7e-m+fp/hard\libgcc.a
LOAD C:/ST/STM32CubeIDE_1.16.1/STM32CubeIDE/plugins/com.st.stm32cube.ide.mcu.externaltools.gnu-tools-for-stm32.12.3.rel1.win32_1.0.200.202406191623/tools/bin/../lib/gcc/arm-none-eabi/12.3.1/../../../../arm-none-eabi/lib/thumb/v7e-m+fp/hard\libc_nano.a
LOAD C:/ST/STM32CubeIDE_1.16.1/STM32CubeIDE/plugins/com.st.stm32cube.ide.mcu.externaltools.gnu-tools-for-stm32.12.3.rel1.win32_1.0.200.202406191623/tools/bin/../lib/gcc/arm-none-eabi/12.3.1/../../../../arm-none-eabi/lib/thumb/v7e-m+fp/hard\libnosys.a
END GROUP
LOAD C:/ST/STM32CubeIDE_1.16.1/STM32CubeIDE/plugins/com.st.stm32cube.ide.mcu.externaltools.gnu-tools-for-stm32.12.3.rel1.win32_1.0.200.202406191623/tools/bin/../lib/gcc/arm-none-eabi/12.3.1/thumb/v7e-m+fp/hard/crtend.o
LOAD C:/ST/STM32CubeIDE_1.16.1/STM32CubeIDE/plugins/com.st.stm32cube.ide.mcu.externaltools.gnu-tools-for-stm32.12.3.rel1.win32_1.0.200.202406191623/tools/bin/../lib/gcc/arm-none-eabi/12.3.1/thumb/v7e-m+fp/hard/crtn.o
                0x20008000                        _estack = (ORIGIN (RAM) + LENGTH (RAM))
                0x00000600                        _Min_Heap_Size = 0x600
                0x00000400                        _Min_Stack_Size = 0x400

.isr_vector     0x08000000      0x1d8
                0x08000000                        . = ALIGN (0x4)
 *(.isr_vector)
 .isr_vector    0x08000000      0x1d8 ./Core/Startup/startup_stm32g431cbux.o
                0x08000000                g_pfnVectors
                0x080001d8                        . = ALIGN (0x4)

.text           0x080001d8     0x9350
                0x080001d8                        . = ALIGN (0x4)
 *(.text)
 .text          0x080001d8       0x40 C:/ST/STM32CubeIDE_1.16.1/STM32CubeIDE/plugins/com.st.stm32cube.ide.mcu.externaltools.gnu-tools-for-stm32.12.3.rel1.win32_1.0.200.202406191623/tools/bin/../lib/gcc/arm-none-eabi/12.3.1/thumb/v7e-m+fp/hard/crtbegin.o
 .text          0x08000218      0x378 C:/ST/STM32CubeIDE_1.16.1/STM32CubeIDE/plugins/com.st.stm32cube.ide.mcu.externaltools.gnu-tools-for-stm32.12.3.rel1.win32_1.0.200.202406191623/tools/bin/../lib/gcc/arm-none-eabi/12.3.1/thumb/v7e-m+fp/hard\libgcc.a(_arm_addsubdf3.o)
                0x08000218                __aeabi_drsub
                0x08000220                __aeabi_dsub
                0x08000220                __subdf3
                0x08000224                __aeabi_dadd
                0x08000224                __adddf3
                0x0800049c                __floatunsidf
                0x0800049c                __aeabi_ui2d
                0x080004bc                __floatsidf
                0x080004bc                __aeabi_i2d
                0x080004e0                __aeabi_f2d
                0x080004e0                __extendsfdf2
                0x08000524                __floatundidf
                0x08000524                __aeabi_ul2d
                0x08000534                __floatdidf
                0x08000534                __aeabi_l2d
 .text          0x08000590      0x424 C:/ST/STM32CubeIDE_1.16.1/STM32CubeIDE/plugins/com.st.stm32cube.ide.mcu.externaltools.gnu-tools-for-stm32.12.3.rel1.win32_1.0.200.202406191623/tools/bin/../lib/gcc/arm-none-eabi/12.3.1/thumb/v7e-m+fp/hard\libgcc.a(_arm_muldivdf3.o)
                0x08000590                __aeabi_dmul
                0x08000590                __muldf3
                0x080007e4                __divdf3
                0x080007e4                __aeabi_ddiv
 .text          0x080009b4      0x110 C:/ST/STM32CubeIDE_1.16.1/STM32CubeIDE/plugins/com.st.stm32cube.ide.mcu.externaltools.gnu-tools-for-stm32.12.3.rel1.win32_1.0.200.202406191623/tools/bin/../lib/gcc/arm-none-eabi/12.3.1/thumb/v7e-m+fp/hard\libgcc.a(_arm_cmpdf2.o)
                0x080009b4                __gtdf2
                0x080009b4                __gedf2
                0x080009bc                __ltdf2
                0x080009bc                __ledf2
                0x080009c4                __nedf2
                0x080009c4                __eqdf2
                0x080009c4                __cmpdf2
                0x08000a40                __aeabi_cdrcmple
                0x08000a50                __aeabi_cdcmpeq
                0x08000a50                __aeabi_cdcmple
                0x08000a60                __aeabi_dcmpeq
                0x08000a74                __aeabi_dcmplt
                0x08000a88                __aeabi_dcmple
                0x08000a9c                __aeabi_dcmpge
                0x08000ab0                __aeabi_dcmpgt
 .text          0x08000ac4       0x50 C:/ST/STM32CubeIDE_1.16.1/STM32CubeIDE/plugins/com.st.stm32cube.ide.mcu.externaltools.gnu-tools-for-stm32.12.3.rel1.win32_1.0.200.202406191623/tools/bin/../lib/gcc/arm-none-eabi/12.3.1/thumb/v7e-m+fp/hard\libgcc.a(_arm_fixdfsi.o)
                0x08000ac4                __aeabi_d2iz
                0x08000ac4                __fixdfsi
 .text          0x08000b14       0x40 C:/ST/STM32CubeIDE_1.16.1/STM32CubeIDE/plugins/com.st.stm32cube.ide.mcu.externaltools.gnu-tools-for-stm32.12.3.rel1.win32_1.0.200.202406191623/tools/bin/../lib/gcc/arm-none-eabi/12.3.1/thumb/v7e-m+fp/hard\libgcc.a(_arm_fixunsdfsi.o)
                0x08000b14                __aeabi_d2uiz
                0x08000b14                __fixunsdfsi
 *(.text*)
 .text.MX_FDCAN1_Init
                0x08000b54       0xc0 ./Core/Src/fdcan.o
                0x08000b54                MX_FDCAN1_Init
 .text.HAL_FDCAN_MspInit
                0x08000c14       0xc8 ./Core/Src/fdcan.o
                0x08000c14                HAL_FDCAN_MspInit
 .text.concatena
                0x08000cdc       0x74 ./Core/Src/fdcan.o
                0x08000cdc                concatena
 .text.HAL_FDCAN_RxFifo0Callback
                0x08000d50       0x88 ./Core/Src/fdcan.o
                0x08000d50                HAL_FDCAN_RxFifo0Callback
 .text.MX_GPIO_Init
                0x08000dd8       0x60 ./Core/Src/gpio.o
                0x08000dd8                MX_GPIO_Init
 .text.main     0x08000e38       0x7c ./Core/Src/main.o
                0x08000e38                main
 .text.SystemClock_Config
                0x08000eb4       0x84 ./Core/Src/main.o
                0x08000eb4                SystemClock_Config
 .text.Error_Handler
                0x08000f38        0xc ./Core/Src/main.o
                0x08000f38                Error_Handler
 .text.HAL_MspInit
                0x08000f44       0x48 ./Core/Src/stm32g4xx_hal_msp.o
                0x08000f44                HAL_MspInit
 .text.NMI_Handler
                0x08000f8c        0x8 ./Core/Src/stm32g4xx_it.o
                0x08000f8c                NMI_Handler
 .text.HardFault_Handler
                0x08000f94        0x8 ./Core/Src/stm32g4xx_it.o
                0x08000f94                HardFault_Handler
 .text.MemManage_Handler
                0x08000f9c        0x8 ./Core/Src/stm32g4xx_it.o
                0x08000f9c                MemManage_Handler
 .text.BusFault_Handler
                0x08000fa4        0x8 ./Core/Src/stm32g4xx_it.o
                0x08000fa4                BusFault_Handler
 .text.UsageFault_Handler
                0x08000fac        0x8 ./Core/Src/stm32g4xx_it.o
                0x08000fac                UsageFault_Handler
 .text.SVC_Handler
                0x08000fb4        0xe ./Core/Src/stm32g4xx_it.o
                0x08000fb4                SVC_Handler
 .text.DebugMon_Handler
                0x08000fc2        0xe ./Core/Src/stm32g4xx_it.o
                0x08000fc2                DebugMon_Handler
 .text.PendSV_Handler
                0x08000fd0        0xe ./Core/Src/stm32g4xx_it.o
                0x08000fd0                PendSV_Handler
 .text.SysTick_Handler
                0x08000fde        0xc ./Core/Src/stm32g4xx_it.o
                0x08000fde                SysTick_Handler
 *fill*         0x08000fea        0x2 
 .text.USB_HP_IRQHandler
                0x08000fec       0x14 ./Core/Src/stm32g4xx_it.o
                0x08000fec                USB_HP_IRQHandler
 .text.USB_LP_IRQHandler
                0x08001000       0x14 ./Core/Src/stm32g4xx_it.o
                0x08001000                USB_LP_IRQHandler
 .text.FDCAN1_IT0_IRQHandler
                0x08001014       0x14 ./Core/Src/stm32g4xx_it.o
                0x08001014                FDCAN1_IT0_IRQHandler
 .text.SystemInit
                0x08001028       0x24 ./Core/Src/system_stm32g4xx.o
                0x08001028                SystemInit
 .text.Reset_Handler
                0x0800104c       0x50 ./Core/Startup/startup_stm32g431cbux.o
                0x0800104c                Reset_Handler
 .text.Default_Handler
                0x0800109c        0x2 ./Core/Startup/startup_stm32g431cbux.o
                0x0800109c                RTC_Alarm_IRQHandler
                0x0800109c                EXTI2_IRQHandler
                0x0800109c                TIM8_TRG_COM_IRQHandler
                0x0800109c                TIM8_CC_IRQHandler
                0x0800109c                TIM1_CC_IRQHandler
                0x0800109c                CORDIC_IRQHandler
                0x0800109c                EXTI3_IRQHandler
                0x0800109c                I2C3_ER_IRQHandler
                0x0800109c                EXTI0_IRQHandler
                0x0800109c                I2C2_EV_IRQHandler
                0x0800109c                FPU_IRQHandler
                0x0800109c                FDCAN1_IT1_IRQHandler
                0x0800109c                TIM1_UP_TIM16_IRQHandler
                0x0800109c                ADC1_2_IRQHandler
                0x0800109c                SPI1_IRQHandler
                0x0800109c                TIM6_DAC_IRQHandler
                0x0800109c                TIM8_UP_IRQHandler
                0x0800109c                DMA2_Channel2_IRQHandler
                0x0800109c                DMA1_Channel4_IRQHandler
                0x0800109c                USART3_IRQHandler
                0x0800109c                TIM4_IRQHandler
                0x0800109c                DMA2_Channel1_IRQHandler
                0x0800109c                I2C1_EV_IRQHandler
                0x0800109c                DMA1_Channel6_IRQHandler
                0x0800109c                UART4_IRQHandler
                0x0800109c                DMA2_Channel4_IRQHandler
                0x0800109c                TIM3_IRQHandler
                0x0800109c                RCC_IRQHandler
                0x0800109c                DMA1_Channel1_IRQHandler
                0x0800109c                Default_Handler
                0x0800109c                RTC_TAMP_LSECSS_IRQHandler
                0x0800109c                FMAC_IRQHandler
                0x0800109c                EXTI15_10_IRQHandler
                0x0800109c                TIM7_IRQHandler
                0x0800109c                UCPD1_IRQHandler
                0x0800109c                I2C3_EV_IRQHandler
                0x0800109c                EXTI9_5_IRQHandler
                0x0800109c                RTC_WKUP_IRQHandler
                0x0800109c                PVD_PVM_IRQHandler
                0x0800109c                SPI2_IRQHandler
                0x0800109c                DMA2_Channel5_IRQHandler
                0x0800109c                CRS_IRQHandler
                0x0800109c                DMA1_Channel5_IRQHandler
                0x0800109c                EXTI4_IRQHandler
                0x0800109c                RNG_IRQHandler
                0x0800109c                TIM1_TRG_COM_TIM17_IRQHandler
                0x0800109c                DMA1_Channel3_IRQHandler
                0x0800109c                WWDG_IRQHandler
                0x0800109c                LPUART1_IRQHandler
                0x0800109c                DMA2_Channel6_IRQHandler
                0x0800109c                TIM2_IRQHandler
                0x0800109c                COMP1_2_3_IRQHandler
                0x0800109c                EXTI1_IRQHandler
                0x0800109c                USART2_IRQHandler
                0x0800109c                I2C2_ER_IRQHandler
                0x0800109c                DMA1_Channel2_IRQHandler
                0x0800109c                TIM8_BRK_IRQHandler
                0x0800109c                FLASH_IRQHandler
                0x0800109c                USART1_IRQHandler
                0x0800109c                SPI3_IRQHandler
                0x0800109c                I2C1_ER_IRQHandler
                0x0800109c                LPTIM1_IRQHandler
                0x0800109c                DMAMUX_OVR_IRQHandler
                0x0800109c                USBWakeUp_IRQHandler
                0x0800109c                SAI1_IRQHandler
                0x0800109c                DMA2_Channel3_IRQHandler
                0x0800109c                COMP4_IRQHandler
                0x0800109c                TIM1_BRK_TIM15_IRQHandler
 .text.HAL_Init
                0x0800109e       0x30 ./Drivers/STM32G4xx_HAL_Driver/Src/stm32g4xx_hal.o
                0x0800109e                HAL_Init
 *fill*         0x080010ce        0x2 
 .text.HAL_InitTick
                0x080010d0       0x74 ./Drivers/STM32G4xx_HAL_Driver/Src/stm32g4xx_hal.o
                0x080010d0                HAL_InitTick
 .text.HAL_IncTick
                0x08001144       0x24 ./Drivers/STM32G4xx_HAL_Driver/Src/stm32g4xx_hal.o
                0x08001144                HAL_IncTick
 .text.HAL_GetTick
                0x08001168       0x18 ./Drivers/STM32G4xx_HAL_Driver/Src/stm32g4xx_hal.o
                0x08001168                HAL_GetTick
 .text.__NVIC_SetPriorityGrouping
                0x08001180       0x48 ./Drivers/STM32G4xx_HAL_Driver/Src/stm32g4xx_hal_cortex.o
 .text.__NVIC_GetPriorityGrouping
                0x080011c8       0x1c ./Drivers/STM32G4xx_HAL_Driver/Src/stm32g4xx_hal_cortex.o
 .text.__NVIC_EnableIRQ
                0x080011e4       0x3c ./Drivers/STM32G4xx_HAL_Driver/Src/stm32g4xx_hal_cortex.o
 .text.__NVIC_SetPriority
                0x08001220       0x54 ./Drivers/STM32G4xx_HAL_Driver/Src/stm32g4xx_hal_cortex.o
 .text.NVIC_EncodePriority
                0x08001274       0x66 ./Drivers/STM32G4xx_HAL_Driver/Src/stm32g4xx_hal_cortex.o
 *fill*         0x080012da        0x2 
 .text.SysTick_Config
                0x080012dc       0x44 ./Drivers/STM32G4xx_HAL_Driver/Src/stm32g4xx_hal_cortex.o
 .text.HAL_NVIC_SetPriorityGrouping
                0x08001320       0x16 ./Drivers/STM32G4xx_HAL_Driver/Src/stm32g4xx_hal_cortex.o
                0x08001320                HAL_NVIC_SetPriorityGrouping
 .text.HAL_NVIC_SetPriority
                0x08001336       0x34 ./Drivers/STM32G4xx_HAL_Driver/Src/stm32g4xx_hal_cortex.o
                0x08001336                HAL_NVIC_SetPriority
 .text.HAL_NVIC_EnableIRQ
                0x0800136a       0x1c ./Drivers/STM32G4xx_HAL_Driver/Src/stm32g4xx_hal_cortex.o
                0x0800136a                HAL_NVIC_EnableIRQ
 .text.HAL_SYSTICK_Config
                0x08001386       0x18 ./Drivers/STM32G4xx_HAL_Driver/Src/stm32g4xx_hal_cortex.o
                0x08001386                HAL_SYSTICK_Config
 *fill*         0x0800139e        0x2 
 .text.HAL_FDCAN_Init
                0x080013a0      0x344 ./Drivers/STM32G4xx_HAL_Driver/Src/stm32g4xx_hal_fdcan.o
                0x080013a0                HAL_FDCAN_Init
 .text.HAL_FDCAN_ConfigFilter
                0x080016e4       0xb4 ./Drivers/STM32G4xx_HAL_Driver/Src/stm32g4xx_hal_fdcan.o
                0x080016e4                HAL_FDCAN_ConfigFilter
 .text.HAL_FDCAN_Start
                0x08001798       0x50 ./Drivers/STM32G4xx_HAL_Driver/Src/stm32g4xx_hal_fdcan.o
                0x08001798                HAL_FDCAN_Start
 .text.HAL_FDCAN_AddMessageToTxFifoQ
                0x080017e8       0x88 ./Drivers/STM32G4xx_HAL_Driver/Src/stm32g4xx_hal_fdcan.o
                0x080017e8                HAL_FDCAN_AddMessageToTxFifoQ
 .text.HAL_FDCAN_GetRxMessage
                0x08001870      0x210 ./Drivers/STM32G4xx_HAL_Driver/Src/stm32g4xx_hal_fdcan.o
                0x08001870                HAL_FDCAN_GetRxMessage
 .text.HAL_FDCAN_ActivateNotification
                0x08001a80      0x1cc ./Drivers/STM32G4xx_HAL_Driver/Src/stm32g4xx_hal_fdcan.o
                0x08001a80                HAL_FDCAN_ActivateNotification
 .text.HAL_FDCAN_IRQHandler
                0x08001c4c      0x268 ./Drivers/STM32G4xx_HAL_Driver/Src/stm32g4xx_hal_fdcan.o
                0x08001c4c                HAL_FDCAN_IRQHandler
 .text.HAL_FDCAN_TxEventFifoCallback
                0x08001eb4       0x16 ./Drivers/STM32G4xx_HAL_Driver/Src/stm32g4xx_hal_fdcan.o
                0x08001eb4                HAL_FDCAN_TxEventFifoCallback
 .text.HAL_FDCAN_RxFifo1Callback
                0x08001eca       0x16 ./Drivers/STM32G4xx_HAL_Driver/Src/stm32g4xx_hal_fdcan.o
                0x08001eca                HAL_FDCAN_RxFifo1Callback
 .text.HAL_FDCAN_TxFifoEmptyCallback
                0x08001ee0       0x14 ./Drivers/STM32G4xx_HAL_Driver/Src/stm32g4xx_hal_fdcan.o
                0x08001ee0                HAL_FDCAN_TxFifoEmptyCallback
 .text.HAL_FDCAN_TxBufferCompleteCallback
                0x08001ef4       0x16 ./Drivers/STM32G4xx_HAL_Driver/Src/stm32g4xx_hal_fdcan.o
                0x08001ef4                HAL_FDCAN_TxBufferCompleteCallback
 .text.HAL_FDCAN_TxBufferAbortCallback
                0x08001f0a       0x16 ./Drivers/STM32G4xx_HAL_Driver/Src/stm32g4xx_hal_fdcan.o
                0x08001f0a                HAL_FDCAN_TxBufferAbortCallback
 .text.HAL_FDCAN_TimestampWraparoundCallback
                0x08001f20       0x14 ./Drivers/STM32G4xx_HAL_Driver/Src/stm32g4xx_hal_fdcan.o
                0x08001f20                HAL_FDCAN_TimestampWraparoundCallback
 .text.HAL_FDCAN_TimeoutOccurredCallback
                0x08001f34       0x14 ./Drivers/STM32G4xx_HAL_Driver/Src/stm32g4xx_hal_fdcan.o
                0x08001f34                HAL_FDCAN_TimeoutOccurredCallback
 .text.HAL_FDCAN_HighPriorityMessageCallback
                0x08001f48       0x14 ./Drivers/STM32G4xx_HAL_Driver/Src/stm32g4xx_hal_fdcan.o
                0x08001f48                HAL_FDCAN_HighPriorityMessageCallback
 .text.HAL_FDCAN_ErrorCallback
                0x08001f5c       0x14 ./Drivers/STM32G4xx_HAL_Driver/Src/stm32g4xx_hal_fdcan.o
                0x08001f5c                HAL_FDCAN_ErrorCallback
 .text.HAL_FDCAN_ErrorStatusCallback
                0x08001f70       0x16 ./Drivers/STM32G4xx_HAL_Driver/Src/stm32g4xx_hal_fdcan.o
                0x08001f70                HAL_FDCAN_ErrorStatusCallback
 *fill*         0x08001f86        0x2 
 .text.FDCAN_CalcultateRamBlockAddresses
                0x08001f88       0xac ./Drivers/STM32G4xx_HAL_Driver/Src/stm32g4xx_hal_fdcan.o
 .text.FDCAN_CopyMessageToRAM
                0x08002034       0xf8 ./Drivers/STM32G4xx_HAL_Driver/Src/stm32g4xx_hal_fdcan.o
 .text.HAL_GPIO_Init
                0x0800212c      0x304 ./Drivers/STM32G4xx_HAL_Driver/Src/stm32g4xx_hal_gpio.o
                0x0800212c                HAL_GPIO_Init
 .text.HAL_PCD_Init
                0x08002430      0x19c ./Drivers/STM32G4xx_HAL_Driver/Src/stm32g4xx_hal_pcd.o
                0x08002430                HAL_PCD_Init
 .text.HAL_PCD_Start
                0x080025cc       0x44 ./Drivers/STM32G4xx_HAL_Driver/Src/stm32g4xx_hal_pcd.o
                0x080025cc                HAL_PCD_Start
 .text.HAL_PCD_IRQHandler
                0x08002610      0x24e ./Drivers/STM32G4xx_HAL_Driver/Src/stm32g4xx_hal_pcd.o
                0x08002610                HAL_PCD_IRQHandler
 .text.HAL_PCD_SetAddress
                0x0800285e       0x48 ./Drivers/STM32G4xx_HAL_Driver/Src/stm32g4xx_hal_pcd.o
                0x0800285e                HAL_PCD_SetAddress
 .text.HAL_PCD_EP_Open
                0x080028a6       0xbe ./Drivers/STM32G4xx_HAL_Driver/Src/stm32g4xx_hal_pcd.o
                0x080028a6                HAL_PCD_EP_Open
 .text.HAL_PCD_EP_Close
                0x08002964       0x90 ./Drivers/STM32G4xx_HAL_Driver/Src/stm32g4xx_hal_pcd.o
                0x08002964                HAL_PCD_EP_Close
 .text.HAL_PCD_EP_Receive
                0x080029f4       0x62 ./Drivers/STM32G4xx_HAL_Driver/Src/stm32g4xx_hal_pcd.o
                0x080029f4                HAL_PCD_EP_Receive
 .text.HAL_PCD_EP_GetRxCount
                0x08002a56       0x30 ./Drivers/STM32G4xx_HAL_Driver/Src/stm32g4xx_hal_pcd.o
                0x08002a56                HAL_PCD_EP_GetRxCount
 .text.HAL_PCD_EP_Transmit
                0x08002a86       0x6e ./Drivers/STM32G4xx_HAL_Driver/Src/stm32g4xx_hal_pcd.o
                0x08002a86                HAL_PCD_EP_Transmit
 .text.HAL_PCD_EP_SetStall
                0x08002af4       0xa4 ./Drivers/STM32G4xx_HAL_Driver/Src/stm32g4xx_hal_pcd.o
                0x08002af4                HAL_PCD_EP_SetStall
 .text.HAL_PCD_EP_ClrStall
                0x08002b98       0xa8 ./Drivers/STM32G4xx_HAL_Driver/Src/stm32g4xx_hal_pcd.o
                0x08002b98                HAL_PCD_EP_ClrStall
 .text.PCD_EP_ISR_Handler
                0x08002c40      0x68e ./Drivers/STM32G4xx_HAL_Driver/Src/stm32g4xx_hal_pcd.o
 .text.HAL_PCD_EP_DB_Receive
                0x080032ce      0x212 ./Drivers/STM32G4xx_HAL_Driver/Src/stm32g4xx_hal_pcd.o
 .text.HAL_PCD_EP_DB_Transmit
                0x080034e0      0x878 ./Drivers/STM32G4xx_HAL_Driver/Src/stm32g4xx_hal_pcd.o
 .text.HAL_PCDEx_PMAConfig
                0x08003d58       0x86 ./Drivers/STM32G4xx_HAL_Driver/Src/stm32g4xx_hal_pcd_ex.o
                0x08003d58                HAL_PCDEx_PMAConfig
 .text.HAL_PCDEx_ActivateLPM
                0x08003dde       0x54 ./Drivers/STM32G4xx_HAL_Driver/Src/stm32g4xx_hal_pcd_ex.o
                0x08003dde                HAL_PCDEx_ActivateLPM
 *fill*         0x08003e32        0x2 
 .text.HAL_PWREx_ControlVoltageScaling
                0x08003e34      0x148 ./Drivers/STM32G4xx_HAL_Driver/Src/stm32g4xx_hal_pwr_ex.o
                0x08003e34                HAL_PWREx_ControlVoltageScaling
 .text.HAL_PWREx_DisableUCPDDeadBattery
                0x08003f7c       0x20 ./Drivers/STM32G4xx_HAL_Driver/Src/stm32g4xx_hal_pwr_ex.o
                0x08003f7c                HAL_PWREx_DisableUCPDDeadBattery
 .text.HAL_RCC_OscConfig
                0x08003f9c      0x624 ./Drivers/STM32G4xx_HAL_Driver/Src/stm32g4xx_hal_rcc.o
                0x08003f9c                HAL_RCC_OscConfig
 .text.HAL_RCC_ClockConfig
                0x080045c0      0x278 ./Drivers/STM32G4xx_HAL_Driver/Src/stm32g4xx_hal_rcc.o
                0x080045c0                HAL_RCC_ClockConfig
 .text.HAL_RCC_GetSysClockFreq
                0x08004838       0xc4 ./Drivers/STM32G4xx_HAL_Driver/Src/stm32g4xx_hal_rcc.o
                0x08004838                HAL_RCC_GetSysClockFreq
 .text.RCC_GetSysClockFreqFromPLLSource
                0x080048fc       0x8c ./Drivers/STM32G4xx_HAL_Driver/Src/stm32g4xx_hal_rcc.o
 .text.HAL_RCCEx_PeriphCLKConfig
                0x08004988      0x3e0 ./Drivers/STM32G4xx_HAL_Driver/Src/stm32g4xx_hal_rcc_ex.o
                0x08004988                HAL_RCCEx_PeriphCLKConfig
 .text.USB_EnableGlobalInt
                0x08004d68       0x2e ./Drivers/STM32G4xx_HAL_Driver/Src/stm32g4xx_ll_usb.o
                0x08004d68                USB_EnableGlobalInt
 .text.USB_DisableGlobalInt
                0x08004d96       0x36 ./Drivers/STM32G4xx_HAL_Driver/Src/stm32g4xx_ll_usb.o
                0x08004d96                USB_DisableGlobalInt
 .text.USB_DevInit
                0x08004dcc       0x3c ./Drivers/STM32G4xx_HAL_Driver/Src/stm32g4xx_ll_usb.o
                0x08004dcc                USB_DevInit
 .text.USB_ActivateEndpoint
                0x08004e08      0x9d0 ./Drivers/STM32G4xx_HAL_Driver/Src/stm32g4xx_ll_usb.o
                0x08004e08                USB_ActivateEndpoint
 .text.USB_DeactivateEndpoint
                0x080057d8      0x3da ./Drivers/STM32G4xx_HAL_Driver/Src/stm32g4xx_ll_usb.o
                0x080057d8                USB_DeactivateEndpoint
 .text.USB_EPStartXfer
                0x08005bb2      0xb5e ./Drivers/STM32G4xx_HAL_Driver/Src/stm32g4xx_ll_usb.o
                0x08005bb2                USB_EPStartXfer
 .text.USB_EPSetStall
                0x08006710       0xa2 ./Drivers/STM32G4xx_HAL_Driver/Src/stm32g4xx_ll_usb.o
                0x08006710                USB_EPSetStall
 .text.USB_EPClearStall
                0x080067b2      0x152 ./Drivers/STM32G4xx_HAL_Driver/Src/stm32g4xx_ll_usb.o
                0x080067b2                USB_EPClearStall
 .text.USB_SetDevAddress
                0x08006904       0x28 ./Drivers/STM32G4xx_HAL_Driver/Src/stm32g4xx_ll_usb.o
                0x08006904                USB_SetDevAddress
 .text.USB_DevConnect
                0x0800692c       0x2e ./Drivers/STM32G4xx_HAL_Driver/Src/stm32g4xx_ll_usb.o
                0x0800692c                USB_DevConnect
 .text.USB_ReadInterrupts
                0x0800695a       0x20 ./Drivers/STM32G4xx_HAL_Driver/Src/stm32g4xx_ll_usb.o
                0x0800695a                USB_ReadInterrupts
 .text.USB_WritePMA
                0x0800697a       0x84 ./Drivers/STM32G4xx_HAL_Driver/Src/stm32g4xx_ll_usb.o
                0x0800697a                USB_WritePMA
 .text.USB_ReadPMA
                0x080069fe       0x98 ./Drivers/STM32G4xx_HAL_Driver/Src/stm32g4xx_ll_usb.o
                0x080069fe                USB_ReadPMA
 .text.USBD_CDC_Init
                0x08006a96       0xfe ./Middlewares/ST/STM32_USB_Device_Library/Class/CDC/Src/usbd_cdc.o
 .text.USBD_CDC_DeInit
                0x08006b94       0x74 ./Middlewares/ST/STM32_USB_Device_Library/Class/CDC/Src/usbd_cdc.o
 .text.USBD_CDC_Setup
                0x08006c08      0x190 ./Middlewares/ST/STM32_USB_Device_Library/Class/CDC/Src/usbd_cdc.o
 .text.USBD_CDC_DataIn
                0x08006d98       0xca ./Middlewares/ST/STM32_USB_Device_Library/Class/CDC/Src/usbd_cdc.o
 .text.USBD_CDC_DataOut
                0x08006e62       0x56 ./Middlewares/ST/STM32_USB_Device_Library/Class/CDC/Src/usbd_cdc.o
 .text.USBD_CDC_EP0_RxReady
                0x08006eb8       0x58 ./Middlewares/ST/STM32_USB_Device_Library/Class/CDC/Src/usbd_cdc.o
 .text.USBD_CDC_GetFSCfgDesc
                0x08006f10       0x20 ./Middlewares/ST/STM32_USB_Device_Library/Class/CDC/Src/usbd_cdc.o
 .text.USBD_CDC_GetHSCfgDesc
                0x08006f30       0x20 ./Middlewares/ST/STM32_USB_Device_Library/Class/CDC/Src/usbd_cdc.o
 .text.USBD_CDC_GetOtherSpeedCfgDesc
                0x08006f50       0x20 ./Middlewares/ST/STM32_USB_Device_Library/Class/CDC/Src/usbd_cdc.o
 .text.USBD_CDC_GetDeviceQualifierDescriptor
                0x08006f70       0x20 ./Middlewares/ST/STM32_USB_Device_Library/Class/CDC/Src/usbd_cdc.o
                0x08006f70                USBD_CDC_GetDeviceQualifierDescriptor
 .text.USBD_CDC_RegisterInterface
                0x08006f90       0x2a ./Middlewares/ST/STM32_USB_Device_Library/Class/CDC/Src/usbd_cdc.o
                0x08006f90                USBD_CDC_RegisterInterface
 .text.USBD_CDC_SetTxBuffer
                0x08006fba       0x3c ./Middlewares/ST/STM32_USB_Device_Library/Class/CDC/Src/usbd_cdc.o
                0x08006fba                USBD_CDC_SetTxBuffer
 .text.USBD_CDC_SetRxBuffer
                0x08006ff6       0x32 ./Middlewares/ST/STM32_USB_Device_Library/Class/CDC/Src/usbd_cdc.o
                0x08006ff6                USBD_CDC_SetRxBuffer
 .text.USBD_CDC_TransmitPacket
                0x08007028       0x60 ./Middlewares/ST/STM32_USB_Device_Library/Class/CDC/Src/usbd_cdc.o
                0x08007028                USBD_CDC_TransmitPacket
 .text.USBD_CDC_ReceivePacket
                0x08007088       0x54 ./Middlewares/ST/STM32_USB_Device_Library/Class/CDC/Src/usbd_cdc.o
                0x08007088                USBD_CDC_ReceivePacket
 .text.USBD_Init
                0x080070dc       0x60 ./Middlewares/ST/STM32_USB_Device_Library/Core/Src/usbd_core.o
                0x080070dc                USBD_Init
 .text.USBD_RegisterClass
                0x0800713c       0x4e ./Middlewares/ST/STM32_USB_Device_Library/Core/Src/usbd_core.o
                0x0800713c                USBD_RegisterClass
 .text.USBD_Start
                0x0800718a       0x18 ./Middlewares/ST/STM32_USB_Device_Library/Core/Src/usbd_core.o
                0x0800718a                USBD_Start
 .text.USBD_RunTestMode
                0x080071a2       0x16 ./Middlewares/ST/STM32_USB_Device_Library/Core/Src/usbd_core.o
                0x080071a2                USBD_RunTestMode
 .text.USBD_SetClassConfig
                0x080071b8       0x38 ./Middlewares/ST/STM32_USB_Device_Library/Core/Src/usbd_core.o
                0x080071b8                USBD_SetClassConfig
 .text.USBD_ClrClassConfig
                0x080071f0       0x30 ./Middlewares/ST/STM32_USB_Device_Library/Core/Src/usbd_core.o
                0x080071f0                USBD_ClrClassConfig
 .text.USBD_LL_SetupStage
                0x08007220       0xaa ./Middlewares/ST/STM32_USB_Device_Library/Core/Src/usbd_core.o
                0x08007220                USBD_LL_SetupStage
 .text.USBD_LL_DataOutStage
                0x080072ca       0xc6 ./Middlewares/ST/STM32_USB_Device_Library/Core/Src/usbd_core.o
                0x080072ca                USBD_LL_DataOutStage
 .text.USBD_LL_DataInStage
                0x08007390      0x12c ./Middlewares/ST/STM32_USB_Device_Library/Core/Src/usbd_core.o
                0x08007390                USBD_LL_DataInStage
 .text.USBD_LL_Reset
                0x080074bc       0x9c ./Middlewares/ST/STM32_USB_Device_Library/Core/Src/usbd_core.o
                0x080074bc                USBD_LL_Reset
 .text.USBD_LL_SetSpeed
                0x08007558       0x20 ./Middlewares/ST/STM32_USB_Device_Library/Core/Src/usbd_core.o
                0x08007558                USBD_LL_SetSpeed
 .text.USBD_LL_Suspend
                0x08007578       0x2c ./Middlewares/ST/STM32_USB_Device_Library/Core/Src/usbd_core.o
                0x08007578                USBD_LL_Suspend
 .text.USBD_LL_Resume
                0x080075a4       0x30 ./Middlewares/ST/STM32_USB_Device_Library/Core/Src/usbd_core.o
                0x080075a4                USBD_LL_Resume
 .text.USBD_LL_SOF
                0x080075d4       0x44 ./Middlewares/ST/STM32_USB_Device_Library/Core/Src/usbd_core.o
                0x080075d4                USBD_LL_SOF
 .text.SWAPBYTE
                0x08007618       0x3c ./Middlewares/ST/STM32_USB_Device_Library/Core/Src/usbd_ctlreq.o
 .text.USBD_StdDevReq
                0x08007654       0xdc ./Middlewares/ST/STM32_USB_Device_Library/Core/Src/usbd_ctlreq.o
                0x08007654                USBD_StdDevReq
 .text.USBD_StdItfReq
                0x08007730       0x92 ./Middlewares/ST/STM32_USB_Device_Library/Core/Src/usbd_ctlreq.o
                0x08007730                USBD_StdItfReq
 .text.USBD_StdEPReq
                0x080077c2      0x2c4 ./Middlewares/ST/STM32_USB_Device_Library/Core/Src/usbd_ctlreq.o
                0x080077c2                USBD_StdEPReq
 *fill*         0x08007a86        0x2 
 .text.USBD_GetDescriptor
                0x08007a88      0x328 ./Middlewares/ST/STM32_USB_Device_Library/Core/Src/usbd_ctlreq.o
 .text.USBD_SetAddress
                0x08007db0       0x88 ./Middlewares/ST/STM32_USB_Device_Library/Core/Src/usbd_ctlreq.o
 .text.USBD_SetConfig
                0x08007e38      0x14c ./Middlewares/ST/STM32_USB_Device_Library/Core/Src/usbd_ctlreq.o
 .text.USBD_GetConfig
                0x08007f84       0x6c ./Middlewares/ST/STM32_USB_Device_Library/Core/Src/usbd_ctlreq.o
 .text.USBD_GetStatus
                0x08007ff0       0x68 ./Middlewares/ST/STM32_USB_Device_Library/Core/Src/usbd_ctlreq.o
 .text.USBD_SetFeature
                0x08008058       0x28 ./Middlewares/ST/STM32_USB_Device_Library/Core/Src/usbd_ctlreq.o
 .text.USBD_ClrFeature
                0x08008080       0x44 ./Middlewares/ST/STM32_USB_Device_Library/Core/Src/usbd_ctlreq.o
 .text.USBD_ParseSetupRequest
                0x080080c4       0x74 ./Middlewares/ST/STM32_USB_Device_Library/Core/Src/usbd_ctlreq.o
                0x080080c4                USBD_ParseSetupRequest
 .text.USBD_CtlError
                0x08008138       0x22 ./Middlewares/ST/STM32_USB_Device_Library/Core/Src/usbd_ctlreq.o
                0x08008138                USBD_CtlError
 .text.USBD_GetString
                0x0800815a       0x8c ./Middlewares/ST/STM32_USB_Device_Library/Core/Src/usbd_ctlreq.o
                0x0800815a                USBD_GetString
 .text.USBD_GetLen
                0x080081e6       0x34 ./Middlewares/ST/STM32_USB_Device_Library/Core/Src/usbd_ctlreq.o
 .text.USBD_CtlSendData
                0x0800821a       0x36 ./Middlewares/ST/STM32_USB_Device_Library/Core/Src/usbd_ioreq.o
                0x0800821a                USBD_CtlSendData
 .text.USBD_CtlContinueSendData
                0x08008250       0x22 ./Middlewares/ST/STM32_USB_Device_Library/Core/Src/usbd_ioreq.o
                0x08008250                USBD_CtlContinueSendData
 .text.USBD_CtlPrepareRx
                0x08008272       0x3a ./Middlewares/ST/STM32_USB_Device_Library/Core/Src/usbd_ioreq.o
                0x08008272                USBD_CtlPrepareRx
 .text.USBD_CtlContinueRx
                0x080082ac       0x22 ./Middlewares/ST/STM32_USB_Device_Library/Core/Src/usbd_ioreq.o
                0x080082ac                USBD_CtlContinueRx
 .text.USBD_CtlSendStatus
                0x080082ce       0x26 ./Middlewares/ST/STM32_USB_Device_Library/Core/Src/usbd_ioreq.o
                0x080082ce                USBD_CtlSendStatus
 .text.USBD_CtlReceiveStatus
                0x080082f4       0x26 ./Middlewares/ST/STM32_USB_Device_Library/Core/Src/usbd_ioreq.o
                0x080082f4                USBD_CtlReceiveStatus
 *fill*         0x0800831a        0x2 
 .text.MX_USB_Device_Init
                0x0800831c       0x60 ./USB_Device/App/usb_device.o
                0x0800831c                MX_USB_Device_Init
 .text.decomponi
                0x0800837c       0x5a ./USB_Device/App/usbd_cdc_if.o
                0x0800837c                decomponi
 .text.fill_output_buffer
                0x080083d6       0xbc ./USB_Device/App/usbd_cdc_if.o
                0x080083d6                fill_output_buffer
 *fill*         0x08008492        0x6 
 .text.dummyCOM
                0x08008498      0x1ac ./USB_Device/App/usbd_cdc_if.o
                0x08008498                dummyCOM
 .text.CDC_Init_FS
                0x08008644       0x28 ./USB_Device/App/usbd_cdc_if.o
 .text.CDC_DeInit_FS
                0x0800866c       0x10 ./USB_Device/App/usbd_cdc_if.o
 .text.CDC_Control_FS
                0x0800867c       0xbc ./USB_Device/App/usbd_cdc_if.o
 .text.CDC_Receive_FS
                0x08008738       0x98 ./USB_Device/App/usbd_cdc_if.o
 .text.CDC_Transmit_FS
                0x080087d0       0x4c ./USB_Device/App/usbd_cdc_if.o
                0x080087d0                CDC_Transmit_FS
 .text.CDC_TransmitCplt_FS
                0x0800881c       0x22 ./USB_Device/App/usbd_cdc_if.o
 *fill*         0x0800883e        0x2 
 .text.USBD_CDC_DeviceDescriptor
                0x08008840       0x24 ./USB_Device/App/usbd_desc.o
                0x08008840                USBD_CDC_DeviceDescriptor
 .text.USBD_CDC_LangIDStrDescriptor
                0x08008864       0x24 ./USB_Device/App/usbd_desc.o
                0x08008864                USBD_CDC_LangIDStrDescriptor
 .text.USBD_CDC_ProductStrDescriptor
                0x08008888       0x3c ./USB_Device/App/usbd_desc.o
                0x08008888                USBD_CDC_ProductStrDescriptor
 .text.USBD_CDC_ManufacturerStrDescriptor
                0x080088c4       0x28 ./USB_Device/App/usbd_desc.o
                0x080088c4                USBD_CDC_ManufacturerStrDescriptor
 .text.USBD_CDC_SerialStrDescriptor
                0x080088ec       0x24 ./USB_Device/App/usbd_desc.o
                0x080088ec                USBD_CDC_SerialStrDescriptor
 .text.USBD_CDC_ConfigStrDescriptor
                0x08008910       0x3c ./USB_Device/App/usbd_desc.o
                0x08008910                USBD_CDC_ConfigStrDescriptor
 .text.USBD_CDC_InterfaceStrDescriptor
                0x0800894c       0x3c ./USB_Device/App/usbd_desc.o
                0x0800894c                USBD_CDC_InterfaceStrDescriptor
 .text.Get_SerialNum
                0x08008988       0x58 ./USB_Device/App/usbd_desc.o
 .text.IntToUnicode
                0x080089e0       0x7e ./USB_Device/App/usbd_desc.o
 *fill*         0x08008a5e        0x2 
 .text.HAL_PCD_MspInit
                0x08008a60       0x88 ./USB_Device/Target/usbd_conf.o
                0x08008a60                HAL_PCD_MspInit
 .text.HAL_PCD_SetupStageCallback
                0x08008ae8       0x24 ./USB_Device/Target/usbd_conf.o
                0x08008ae8                HAL_PCD_SetupStageCallback
 .text.HAL_PCD_DataOutStageCallback
                0x08008b0c       0x36 ./USB_Device/Target/usbd_conf.o
                0x08008b0c                HAL_PCD_DataOutStageCallback
 .text.HAL_PCD_DataInStageCallback
                0x08008b42       0x34 ./USB_Device/Target/usbd_conf.o
                0x08008b42                HAL_PCD_DataInStageCallback
 .text.HAL_PCD_SOFCallback
                0x08008b76       0x1c ./USB_Device/Target/usbd_conf.o
                0x08008b76                HAL_PCD_SOFCallback
 .text.HAL_PCD_ResetCallback
                0x08008b92       0x3c ./USB_Device/Target/usbd_conf.o
                0x08008b92                HAL_PCD_ResetCallback
 *fill*         0x08008bce        0x2 
 .text.HAL_PCD_SuspendCallback
                0x08008bd0       0x34 ./USB_Device/Target/usbd_conf.o
                0x08008bd0                HAL_PCD_SuspendCallback
 .text.HAL_PCD_ResumeCallback
                0x08008c04       0x38 ./USB_Device/Target/usbd_conf.o
                0x08008c04                HAL_PCD_ResumeCallback
 .text.USBD_LL_Init
                0x08008c3c       0xc0 ./USB_Device/Target/usbd_conf.o
                0x08008c3c                USBD_LL_Init
 .text.USBD_LL_Start
                0x08008cfc       0x36 ./USB_Device/Target/usbd_conf.o
                0x08008cfc                USBD_LL_Start
 .text.USBD_LL_OpenEP
                0x08008d32       0x4c ./USB_Device/Target/usbd_conf.o
                0x08008d32                USBD_LL_OpenEP
 .text.USBD_LL_CloseEP
                0x08008d7e       0x3e ./USB_Device/Target/usbd_conf.o
                0x08008d7e                USBD_LL_CloseEP
 .text.USBD_LL_StallEP
                0x08008dbc       0x3e ./USB_Device/Target/usbd_conf.o
                0x08008dbc                USBD_LL_StallEP
 .text.USBD_LL_ClearStallEP
                0x08008dfa       0x3e ./USB_Device/Target/usbd_conf.o
                0x08008dfa                USBD_LL_ClearStallEP
 .text.USBD_LL_IsStallEP
                0x08008e38       0x58 ./USB_Device/Target/usbd_conf.o
                0x08008e38                USBD_LL_IsStallEP
 .text.USBD_LL_SetUSBAddress
                0x08008e90       0x3e ./USB_Device/Target/usbd_conf.o
                0x08008e90                USBD_LL_SetUSBAddress
 .text.USBD_LL_Transmit
                0x08008ece       0x42 ./USB_Device/Target/usbd_conf.o
                0x08008ece                USBD_LL_Transmit
 .text.USBD_LL_PrepareReceive
                0x08008f10       0x42 ./USB_Device/Target/usbd_conf.o
                0x08008f10                USBD_LL_PrepareReceive
 .text.USBD_LL_GetRxDataSize
                0x08008f52       0x26 ./USB_Device/Target/usbd_conf.o
                0x08008f52                USBD_LL_GetRxDataSize
 .text.HAL_PCDEx_LPM_Callback
                0x08008f78       0x6c ./USB_Device/Target/usbd_conf.o
                0x08008f78                HAL_PCDEx_LPM_Callback
 .text.USBD_static_malloc
                0x08008fe4       0x1c ./USB_Device/Target/usbd_conf.o
                0x08008fe4                USBD_static_malloc
 .text.USBD_static_free
                0x08009000       0x14 ./USB_Device/Target/usbd_conf.o
                0x08009000                USBD_static_free
 .text.SystemClockConfig_Resume
                0x08009014        0xc ./USB_Device/Target/usbd_conf.o
 .text.USBD_Get_USB_Status
                0x08009020       0x58 ./USB_Device/Target/usbd_conf.o
 .text.memset   0x08009078       0x10 C:/ST/STM32CubeIDE_1.16.1/STM32CubeIDE/plugins/com.st.stm32cube.ide.mcu.externaltools.gnu-tools-for-stm32.12.3.rel1.win32_1.0.200.202406191623/tools/bin/../lib/gcc/arm-none-eabi/12.3.1/../../../../arm-none-eabi/lib/thumb/v7e-m+fp/hard\libc_nano.a(libc_a-memset.o)
                0x08009078                memset
 .text.__errno  0x08009088        0xc C:/ST/STM32CubeIDE_1.16.1/STM32CubeIDE/plugins/com.st.stm32cube.ide.mcu.externaltools.gnu-tools-for-stm32.12.3.rel1.win32_1.0.200.202406191623/tools/bin/../lib/gcc/arm-none-eabi/12.3.1/../../../../arm-none-eabi/lib/thumb/v7e-m+fp/hard\libc_nano.a(libc_a-errno.o)
                0x08009088                __errno
 .text.__libc_init_array
                0x08009094       0x48 C:/ST/STM32CubeIDE_1.16.1/STM32CubeIDE/plugins/com.st.stm32cube.ide.mcu.externaltools.gnu-tools-for-stm32.12.3.rel1.win32_1.0.200.202406191623/tools/bin/../lib/gcc/arm-none-eabi/12.3.1/../../../../arm-none-eabi/lib/thumb/v7e-m+fp/hard\libc_nano.a(libc_a-init.o)
                0x08009094                __libc_init_array
 .text.memcpy   0x080090dc       0x1c C:/ST/STM32CubeIDE_1.16.1/STM32CubeIDE/plugins/com.st.stm32cube.ide.mcu.externaltools.gnu-tools-for-stm32.12.3.rel1.win32_1.0.200.202406191623/tools/bin/../lib/gcc/arm-none-eabi/12.3.1/../../../../arm-none-eabi/lib/thumb/v7e-m+fp/hard\libc_nano.a(libc_a-memcpy-stub.o)
                0x080090dc                memcpy
 .text.exp      0x080090f8       0x90 C:/ST/STM32CubeIDE_1.16.1/STM32CubeIDE/plugins/com.st.stm32cube.ide.mcu.externaltools.gnu-tools-for-stm32.12.3.rel1.win32_1.0.200.202406191623/tools/bin/../lib/gcc/arm-none-eabi/12.3.1/../../../../arm-none-eabi/lib/thumb/v7e-m+fp/hard\libm.a(libm_a-w_exp.o)
                0x080090f8                exp
 .text.finite   0x08009188       0x16 C:/ST/STM32CubeIDE_1.16.1/STM32CubeIDE/plugins/com.st.stm32cube.ide.mcu.externaltools.gnu-tools-for-stm32.12.3.rel1.win32_1.0.200.202406191623/tools/bin/../lib/gcc/arm-none-eabi/12.3.1/../../../../arm-none-eabi/lib/thumb/v7e-m+fp/hard\libm.a(libm_a-s_finite.o)
                0x08009188                finite
 *fill*         0x0800919e        0x2 
 .text.__ieee754_exp
                0x080091a0      0x2f4 C:/ST/STM32CubeIDE_1.16.1/STM32CubeIDE/plugins/com.st.stm32cube.ide.mcu.externaltools.gnu-tools-for-stm32.12.3.rel1.win32_1.0.200.202406191623/tools/bin/../lib/gcc/arm-none-eabi/12.3.1/../../../../arm-none-eabi/lib/thumb/v7e-m+fp/hard\libm.a(libm_a-e_exp.o)
                0x080091a0                __ieee754_exp
 .text.with_errno
                0x08009494       0x24 C:/ST/STM32CubeIDE_1.16.1/STM32CubeIDE/plugins/com.st.stm32cube.ide.mcu.externaltools.gnu-tools-for-stm32.12.3.rel1.win32_1.0.200.202406191623/tools/bin/../lib/gcc/arm-none-eabi/12.3.1/../../../../arm-none-eabi/lib/thumb/v7e-m+fp/hard\libm.a(libm_a-math_err.o)
 .text.xflow    0x080094b8       0x32 C:/ST/STM32CubeIDE_1.16.1/STM32CubeIDE/plugins/com.st.stm32cube.ide.mcu.externaltools.gnu-tools-for-stm32.12.3.rel1.win32_1.0.200.202406191623/tools/bin/../lib/gcc/arm-none-eabi/12.3.1/../../../../arm-none-eabi/lib/thumb/v7e-m+fp/hard\libm.a(libm_a-math_err.o)
 *fill*         0x080094ea        0x6 
 .text.__math_uflow
                0x080094f0       0x10 C:/ST/STM32CubeIDE_1.16.1/STM32CubeIDE/plugins/com.st.stm32cube.ide.mcu.externaltools.gnu-tools-for-stm32.12.3.rel1.win32_1.0.200.202406191623/tools/bin/../lib/gcc/arm-none-eabi/12.3.1/../../../../arm-none-eabi/lib/thumb/v7e-m+fp/hard\libm.a(libm_a-math_err.o)
                0x080094f0                __math_uflow
 .text.__math_oflow
                0x08009500       0x10 C:/ST/STM32CubeIDE_1.16.1/STM32CubeIDE/plugins/com.st.stm32cube.ide.mcu.externaltools.gnu-tools-for-stm32.12.3.rel1.win32_1.0.200.202406191623/tools/bin/../lib/gcc/arm-none-eabi/12.3.1/../../../../arm-none-eabi/lib/thumb/v7e-m+fp/hard\libm.a(libm_a-math_err.o)
                0x08009500                __math_oflow
 *(.glue_7)
 .glue_7        0x08009510        0x0 linker stubs
 *(.glue_7t)
 .glue_7t       0x08009510        0x0 linker stubs
 *(.eh_frame)
 .eh_frame      0x08009510        0x0 C:/ST/STM32CubeIDE_1.16.1/STM32CubeIDE/plugins/com.st.stm32cube.ide.mcu.externaltools.gnu-tools-for-stm32.12.3.rel1.win32_1.0.200.202406191623/tools/bin/../lib/gcc/arm-none-eabi/12.3.1/thumb/v7e-m+fp/hard/crtbegin.o
 *(.init)
 .init          0x08009510        0x4 C:/ST/STM32CubeIDE_1.16.1/STM32CubeIDE/plugins/com.st.stm32cube.ide.mcu.externaltools.gnu-tools-for-stm32.12.3.rel1.win32_1.0.200.202406191623/tools/bin/../lib/gcc/arm-none-eabi/12.3.1/thumb/v7e-m+fp/hard/crti.o
                0x08009510                _init
 .init          0x08009514        0x8 C:/ST/STM32CubeIDE_1.16.1/STM32CubeIDE/plugins/com.st.stm32cube.ide.mcu.externaltools.gnu-tools-for-stm32.12.3.rel1.win32_1.0.200.202406191623/tools/bin/../lib/gcc/arm-none-eabi/12.3.1/thumb/v7e-m+fp/hard/crtn.o
 *(.fini)
 .fini          0x0800951c        0x4 C:/ST/STM32CubeIDE_1.16.1/STM32CubeIDE/plugins/com.st.stm32cube.ide.mcu.externaltools.gnu-tools-for-stm32.12.3.rel1.win32_1.0.200.202406191623/tools/bin/../lib/gcc/arm-none-eabi/12.3.1/thumb/v7e-m+fp/hard/crti.o
                0x0800951c                _fini
 .fini          0x08009520        0x8 C:/ST/STM32CubeIDE_1.16.1/STM32CubeIDE/plugins/com.st.stm32cube.ide.mcu.externaltools.gnu-tools-for-stm32.12.3.rel1.win32_1.0.200.202406191623/tools/bin/../lib/gcc/arm-none-eabi/12.3.1/thumb/v7e-m+fp/hard/crtn.o
                0x08009528                        . = ALIGN (0x4)
                0x08009528                        _etext = .

.vfp11_veneer   0x08009528        0x0
 .vfp11_veneer  0x08009528        0x0 linker stubs

.v4_bx          0x08009528        0x0
 .v4_bx         0x08009528        0x0 linker stubs

.iplt           0x08009528        0x0
 .iplt          0x08009528        0x0 C:/ST/STM32CubeIDE_1.16.1/STM32CubeIDE/plugins/com.st.stm32cube.ide.mcu.externaltools.gnu-tools-for-stm32.12.3.rel1.win32_1.0.200.202406191623/tools/bin/../lib/gcc/arm-none-eabi/12.3.1/thumb/v7e-m+fp/hard/crtbegin.o

.rodata         0x08009528       0x98
                0x08009528                        . = ALIGN (0x4)
 *(.rodata)
 .rodata        0x08009528       0x46 ./USB_Device/App/usbd_desc.o
 *(.rodata*)
 *fill*         0x0800956e        0x2 
 .rodata.AHBPrescTable
                0x08009570       0x10 ./Core/Src/system_stm32g4xx.o
                0x08009570                AHBPrescTable
 .rodata.DLCtoBytes
                0x08009580       0x10 ./Drivers/STM32G4xx_HAL_Driver/Src/stm32g4xx_hal_fdcan.o
 .rodata.ln2LO  0x08009590       0x10 C:/ST/STM32CubeIDE_1.16.1/STM32CubeIDE/plugins/com.st.stm32cube.ide.mcu.externaltools.gnu-tools-for-stm32.12.3.rel1.win32_1.0.200.202406191623/tools/bin/../lib/gcc/arm-none-eabi/12.3.1/../../../../arm-none-eabi/lib/thumb/v7e-m+fp/hard\libm.a(libm_a-e_exp.o)
 .rodata.ln2HI  0x080095a0       0x10 C:/ST/STM32CubeIDE_1.16.1/STM32CubeIDE/plugins/com.st.stm32cube.ide.mcu.externaltools.gnu-tools-for-stm32.12.3.rel1.win32_1.0.200.202406191623/tools/bin/../lib/gcc/arm-none-eabi/12.3.1/../../../../arm-none-eabi/lib/thumb/v7e-m+fp/hard\libm.a(libm_a-e_exp.o)
 .rodata.halF   0x080095b0       0x10 C:/ST/STM32CubeIDE_1.16.1/STM32CubeIDE/plugins/com.st.stm32cube.ide.mcu.externaltools.gnu-tools-for-stm32.12.3.rel1.win32_1.0.200.202406191623/tools/bin/../lib/gcc/arm-none-eabi/12.3.1/../../../../arm-none-eabi/lib/thumb/v7e-m+fp/hard\libm.a(libm_a-e_exp.o)
                0x080095c0                        . = ALIGN (0x4)

.ARM.extab      0x080095c0        0x0
                0x080095c0                        . = ALIGN (0x4)
 *(.ARM.extab* .gnu.linkonce.armextab.*)
                0x080095c0                        . = ALIGN (0x4)

.ARM            0x080095c0        0x0
                0x080095c0                        . = ALIGN (0x4)
                0x080095c0                        __exidx_start = .
 *(.ARM.exidx*)
                0x080095c0                        __exidx_end = .
                0x080095c0                        . = ALIGN (0x4)

.preinit_array  0x080095c0        0x0
                0x080095c0                        . = ALIGN (0x4)
                0x080095c0                        PROVIDE (__preinit_array_start = .)
 *(.preinit_array*)
                0x080095c0                        PROVIDE (__preinit_array_end = .)
                0x080095c0                        . = ALIGN (0x4)

.init_array     0x080095c0        0x4
                0x080095c0                        . = ALIGN (0x4)
                0x080095c0                        PROVIDE (__init_array_start = .)
 *(SORT_BY_NAME(.init_array.*))
 *(.init_array*)
 .init_array    0x080095c0        0x4 C:/ST/STM32CubeIDE_1.16.1/STM32CubeIDE/plugins/com.st.stm32cube.ide.mcu.externaltools.gnu-tools-for-stm32.12.3.rel1.win32_1.0.200.202406191623/tools/bin/../lib/gcc/arm-none-eabi/12.3.1/thumb/v7e-m+fp/hard/crtbegin.o
                0x080095c4                        PROVIDE (__init_array_end = .)
                0x080095c4                        . = ALIGN (0x4)

.fini_array     0x080095c4        0x4
                0x080095c4                        . = ALIGN (0x4)
                [!provide]                        PROVIDE (__fini_array_start = .)
 *(SORT_BY_NAME(.fini_array.*))
 *(.fini_array*)
 .fini_array    0x080095c4        0x4 C:/ST/STM32CubeIDE_1.16.1/STM32CubeIDE/plugins/com.st.stm32cube.ide.mcu.externaltools.gnu-tools-for-stm32.12.3.rel1.win32_1.0.200.202406191623/tools/bin/../lib/gcc/arm-none-eabi/12.3.1/thumb/v7e-m+fp/hard/crtbegin.o
                [!provide]                        PROVIDE (__fini_array_end = .)
                0x080095c8                        . = ALIGN (0x4)
                0x080095c8                        _sidata = LOADADDR (.data)

.rel.dyn        0x080095c8        0x0
 .rel.iplt      0x080095c8        0x0 C:/ST/STM32CubeIDE_1.16.1/STM32CubeIDE/plugins/com.st.stm32cube.ide.mcu.externaltools.gnu-tools-for-stm32.12.3.rel1.win32_1.0.200.202406191623/tools/bin/../lib/gcc/arm-none-eabi/12.3.1/thumb/v7e-m+fp/hard/crtbegin.o

.data           0x20000000      0x1d8 load address 0x080095c8
                0x20000000                        . = ALIGN (0x4)
                0x20000000                        _sdata = .
 *(.data)
 *(.data*)
 .data.dummy_mode
                0x20000000        0x1 ./Core/Src/main.o
                0x20000000                dummy_mode
 *fill*         0x20000001        0x3 
 .data.SystemCoreClock
                0x20000004        0x4 ./Core/Src/system_stm32g4xx.o
                0x20000004                SystemCoreClock
 .data.uwTickPrio
                0x20000008        0x4 ./Drivers/STM32G4xx_HAL_Driver/Src/stm32g4xx_hal.o
                0x20000008                uwTickPrio
 .data.uwTickFreq
                0x2000000c        0x4 ./Drivers/STM32G4xx_HAL_Driver/Src/stm32g4xx_hal.o
                0x2000000c                uwTickFreq
 .data.USBD_CDC_DeviceQualifierDesc
                0x20000010        0xa ./Middlewares/ST/STM32_USB_Device_Library/Class/CDC/Src/usbd_cdc.o
 *fill*         0x2000001a        0x2 
 .data.USBD_CDC
                0x2000001c       0x38 ./Middlewares/ST/STM32_USB_Device_Library/Class/CDC/Src/usbd_cdc.o
                0x2000001c                USBD_CDC
 .data.USBD_CDC_CfgHSDesc
                0x20000054       0x43 ./Middlewares/ST/STM32_USB_Device_Library/Class/CDC/Src/usbd_cdc.o
 *fill*         0x20000097        0x1 
 .data.USBD_CDC_CfgFSDesc
                0x20000098       0x43 ./Middlewares/ST/STM32_USB_Device_Library/Class/CDC/Src/usbd_cdc.o
 *fill*         0x200000db        0x1 
 .data.USBD_CDC_OtherSpeedCfgDesc
                0x200000dc       0x43 ./Middlewares/ST/STM32_USB_Device_Library/Class/CDC/Src/usbd_cdc.o
 *fill*         0x2000011f        0x1 
 .data.USBD_Interface_fops_FS
                0x20000120       0x14 ./USB_Device/App/usbd_cdc_if.o
                0x20000120                USBD_Interface_fops_FS
 .data.CDC_Desc
                0x20000134       0x20 ./USB_Device/App/usbd_desc.o
                0x20000134                CDC_Desc
 .data.USBD_CDC_DeviceDesc
                0x20000154       0x12 ./USB_Device/App/usbd_desc.o
                0x20000154                USBD_CDC_DeviceDesc
 *fill*         0x20000166        0x2 
 .data.USBD_LangIDDesc
                0x20000168        0x4 ./USB_Device/App/usbd_desc.o
                0x20000168                USBD_LangIDDesc
 .data.USBD_StringSerial
                0x2000016c       0x1a ./USB_Device/App/usbd_desc.o
                0x2000016c                USBD_StringSerial
 *fill*         0x20000186        0x2 
 .data._impure_ptr
                0x20000188        0x4 C:/ST/STM32CubeIDE_1.16.1/STM32CubeIDE/plugins/com.st.stm32cube.ide.mcu.externaltools.gnu-tools-for-stm32.12.3.rel1.win32_1.0.200.202406191623/tools/bin/../lib/gcc/arm-none-eabi/12.3.1/../../../../arm-none-eabi/lib/thumb/v7e-m+fp/hard\libc_nano.a(libc_a-impure.o)
                0x20000188                _impure_ptr
 .data._impure_data
                0x2000018c       0x4c C:/ST/STM32CubeIDE_1.16.1/STM32CubeIDE/plugins/com.st.stm32cube.ide.mcu.externaltools.gnu-tools-for-stm32.12.3.rel1.win32_1.0.200.202406191623/tools/bin/../lib/gcc/arm-none-eabi/12.3.1/../../../../arm-none-eabi/lib/thumb/v7e-m+fp/hard\libc_nano.a(libc_a-impure.o)
                0x2000018c                _impure_data
 *(.RamFunc)
 *(.RamFunc*)
                0x200001d8                        . = ALIGN (0x4)
                0x200001d8                        _edata = .

.igot.plt       0x200001d8        0x0 load address 0x080097a0
 .igot.plt      0x200001d8        0x0 C:/ST/STM32CubeIDE_1.16.1/STM32CubeIDE/plugins/com.st.stm32cube.ide.mcu.externaltools.gnu-tools-for-stm32.12.3.rel1.win32_1.0.200.202406191623/tools/bin/../lib/gcc/arm-none-eabi/12.3.1/thumb/v7e-m+fp/hard/crtbegin.o
                0x200001d8                        . = ALIGN (0x4)

.bss            0x200001d8     0x148c load address 0x080097a0
                0x200001d8                        _sbss = .
                0x200001d8                        __bss_start__ = _sbss
 *(.bss)
 .bss           0x200001d8       0x1c C:/ST/STM32CubeIDE_1.16.1/STM32CubeIDE/plugins/com.st.stm32cube.ide.mcu.externaltools.gnu-tools-for-stm32.12.3.rel1.win32_1.0.200.202406191623/tools/bin/../lib/gcc/arm-none-eabi/12.3.1/thumb/v7e-m+fp/hard/crtbegin.o
 *(.bss*)
 .bss.hfdcan1   0x200001f4       0x98 ./Core/Src/fdcan.o
                0x200001f4                hfdcan1
 .bss.TxHeader  0x2000028c       0x24 ./Core/Src/main.o
                0x2000028c                TxHeader
 .bss.RxHeader  0x200002b0       0x28 ./Core/Src/main.o
                0x200002b0                RxHeader
 .bss.TxData    0x200002d8       0x40 ./Core/Src/main.o
                0x200002d8                TxData
 .bss.RxData    0x20000318       0x40 ./Core/Src/main.o
                0x20000318                RxData
 .bss.uwTick    0x20000358        0x4 ./Drivers/STM32G4xx_HAL_Driver/Src/stm32g4xx_hal.o
                0x20000358                uwTick
 .bss.cfgidx.0  0x2000035c        0x1 ./Middlewares/ST/STM32_USB_Device_Library/Core/Src/usbd_ctlreq.o
 *fill*         0x2000035d        0x3 
 .bss.hUsbDeviceFS
                0x20000360      0x2d0 ./USB_Device/App/usb_device.o
                0x20000360                hUsbDeviceFS
 .bss.UserRxBufferFS
                0x20000630      0x400 ./USB_Device/App/usbd_cdc_if.o
                0x20000630                UserRxBufferFS
 .bss.UserTxBufferFS
                0x20000a30      0x400 ./USB_Device/App/usbd_cdc_if.o
                0x20000a30                UserTxBufferFS
 .bss.USBD_StrDesc
                0x20000e30      0x200 ./USB_Device/App/usbd_desc.o
                0x20000e30                USBD_StrDesc
 .bss.hpcd_USB_FS
                0x20001030      0x2dc ./USB_Device/Target/usbd_conf.o
                0x20001030                hpcd_USB_FS
 .bss.mem.0     0x2000130c      0x220 ./USB_Device/Target/usbd_conf.o
 .bss.__sf      0x2000152c      0x138 C:/ST/STM32CubeIDE_1.16.1/STM32CubeIDE/plugins/com.st.stm32cube.ide.mcu.externaltools.gnu-tools-for-stm32.12.3.rel1.win32_1.0.200.202406191623/tools/bin/../lib/gcc/arm-none-eabi/12.3.1/../../../../arm-none-eabi/lib/thumb/v7e-m+fp/hard\libc_nano.a(libc_a-findfp.o)
                0x2000152c                __sf
 *(COMMON)
                0x20001664                        . = ALIGN (0x4)
                0x20001664                        _ebss = .
                0x20001664                        __bss_end__ = _ebss

._user_heap_stack
                0x20001664      0xa04 load address 0x080097a0
                0x20001668                        . = ALIGN (0x8)
 *fill*         0x20001664        0x4 
                [!provide]                        PROVIDE (end = .)
                0x20001668                        PROVIDE (_end = .)
                0x20001c68                        . = (. + _Min_Heap_Size)
 *fill*         0x20001668      0x600 
                0x20002068                        . = (. + _Min_Stack_Size)
 *fill*         0x20001c68      0x400 
                0x20002068                        . = ALIGN (0x8)

/DISCARD/
 libc.a(*)
 libm.a(*)
 libgcc.a(*)

.ARM.attributes
                0x00000000       0x30
 *(.ARM.attributes)
 .ARM.attributes
                0x00000000       0x22 C:/ST/STM32CubeIDE_1.16.1/STM32CubeIDE/plugins/com.st.stm32cube.ide.mcu.externaltools.gnu-tools-for-stm32.12.3.rel1.win32_1.0.200.202406191623/tools/bin/../lib/gcc/arm-none-eabi/12.3.1/thumb/v7e-m+fp/hard/crti.o
 .ARM.attributes
                0x00000022       0x34 C:/ST/STM32CubeIDE_1.16.1/STM32CubeIDE/plugins/com.st.stm32cube.ide.mcu.externaltools.gnu-tools-for-stm32.12.3.rel1.win32_1.0.200.202406191623/tools/bin/../lib/gcc/arm-none-eabi/12.3.1/thumb/v7e-m+fp/hard/crtbegin.o
 .ARM.attributes
                0x00000056       0x34 ./Core/Src/fdcan.o
 .ARM.attributes
                0x0000008a       0x34 ./Core/Src/gpio.o
 .ARM.attributes
                0x000000be       0x34 ./Core/Src/main.o
 .ARM.attributes
                0x000000f2       0x34 ./Core/Src/stm32g4xx_hal_msp.o
 .ARM.attributes
                0x00000126       0x34 ./Core/Src/stm32g4xx_it.o
 .ARM.attributes
                0x0000015a       0x34 ./Core/Src/system_stm32g4xx.o
 .ARM.attributes
                0x0000018e       0x21 ./Core/Startup/startup_stm32g431cbux.o
 .ARM.attributes
                0x000001af       0x34 ./Drivers/STM32G4xx_HAL_Driver/Src/stm32g4xx_hal.o
 .ARM.attributes
                0x000001e3       0x34 ./Drivers/STM32G4xx_HAL_Driver/Src/stm32g4xx_hal_cortex.o
 .ARM.attributes
                0x00000217       0x34 ./Drivers/STM32G4xx_HAL_Driver/Src/stm32g4xx_hal_fdcan.o
 .ARM.attributes
                0x0000024b       0x34 ./Drivers/STM32G4xx_HAL_Driver/Src/stm32g4xx_hal_gpio.o
 .ARM.attributes
                0x0000027f       0x34 ./Drivers/STM32G4xx_HAL_Driver/Src/stm32g4xx_hal_pcd.o
 .ARM.attributes
                0x000002b3       0x34 ./Drivers/STM32G4xx_HAL_Driver/Src/stm32g4xx_hal_pcd_ex.o
 .ARM.attributes
                0x000002e7       0x34 ./Drivers/STM32G4xx_HAL_Driver/Src/stm32g4xx_hal_pwr_ex.o
 .ARM.attributes
                0x0000031b       0x34 ./Drivers/STM32G4xx_HAL_Driver/Src/stm32g4xx_hal_rcc.o
 .ARM.attributes
                0x0000034f       0x34 ./Drivers/STM32G4xx_HAL_Driver/Src/stm32g4xx_hal_rcc_ex.o
 .ARM.attributes
                0x00000383       0x34 ./Drivers/STM32G4xx_HAL_Driver/Src/stm32g4xx_ll_usb.o
 .ARM.attributes
                0x000003b7       0x34 ./Middlewares/ST/STM32_USB_Device_Library/Class/CDC/Src/usbd_cdc.o
 .ARM.attributes
                0x000003eb       0x34 ./Middlewares/ST/STM32_USB_Device_Library/Core/Src/usbd_core.o
 .ARM.attributes
                0x0000041f       0x34 ./Middlewares/ST/STM32_USB_Device_Library/Core/Src/usbd_ctlreq.o
 .ARM.attributes
                0x00000453       0x34 ./Middlewares/ST/STM32_USB_Device_Library/Core/Src/usbd_ioreq.o
 .ARM.attributes
                0x00000487       0x34 ./USB_Device/App/usb_device.o
 .ARM.attributes
                0x000004bb       0x34 ./USB_Device/App/usbd_cdc_if.o
 .ARM.attributes
                0x000004ef       0x34 ./USB_Device/App/usbd_desc.o
 .ARM.attributes
                0x00000523       0x34 ./USB_Device/Target/usbd_conf.o
 .ARM.attributes
                0x00000557       0x34 C:/ST/STM32CubeIDE_1.16.1/STM32CubeIDE/plugins/com.st.stm32cube.ide.mcu.externaltools.gnu-tools-for-stm32.12.3.rel1.win32_1.0.200.202406191623/tools/bin/../lib/gcc/arm-none-eabi/12.3.1/../../../../arm-none-eabi/lib/thumb/v7e-m+fp/hard\libc_nano.a(libc_a-findfp.o)
 .ARM.attributes
                0x0000058b       0x34 C:/ST/STM32CubeIDE_1.16.1/STM32CubeIDE/plugins/com.st.stm32cube.ide.mcu.externaltools.gnu-tools-for-stm32.12.3.rel1.win32_1.0.200.202406191623/tools/bin/../lib/gcc/arm-none-eabi/12.3.1/../../../../arm-none-eabi/lib/thumb/v7e-m+fp/hard\libc_nano.a(libc_a-memset.o)
 .ARM.attributes
                0x000005bf       0x34 C:/ST/STM32CubeIDE_1.16.1/STM32CubeIDE/plugins/com.st.stm32cube.ide.mcu.externaltools.gnu-tools-for-stm32.12.3.rel1.win32_1.0.200.202406191623/tools/bin/../lib/gcc/arm-none-eabi/12.3.1/../../../../arm-none-eabi/lib/thumb/v7e-m+fp/hard\libc_nano.a(libc_a-impure.o)
 .ARM.attributes
                0x000005f3       0x34 C:/ST/STM32CubeIDE_1.16.1/STM32CubeIDE/plugins/com.st.stm32cube.ide.mcu.externaltools.gnu-tools-for-stm32.12.3.rel1.win32_1.0.200.202406191623/tools/bin/../lib/gcc/arm-none-eabi/12.3.1/../../../../arm-none-eabi/lib/thumb/v7e-m+fp/hard\libc_nano.a(libc_a-errno.o)
 .ARM.attributes
                0x00000627       0x34 C:/ST/STM32CubeIDE_1.16.1/STM32CubeIDE/plugins/com.st.stm32cube.ide.mcu.externaltools.gnu-tools-for-stm32.12.3.rel1.win32_1.0.200.202406191623/tools/bin/../lib/gcc/arm-none-eabi/12.3.1/../../../../arm-none-eabi/lib/thumb/v7e-m+fp/hard\libc_nano.a(libc_a-init.o)
 .ARM.attributes
                0x0000065b       0x34 C:/ST/STM32CubeIDE_1.16.1/STM32CubeIDE/plugins/com.st.stm32cube.ide.mcu.externaltools.gnu-tools-for-stm32.12.3.rel1.win32_1.0.200.202406191623/tools/bin/../lib/gcc/arm-none-eabi/12.3.1/../../../../arm-none-eabi/lib/thumb/v7e-m+fp/hard\libc_nano.a(libc_a-memcpy-stub.o)
 .ARM.attributes
                0x0000068f       0x34 C:/ST/STM32CubeIDE_1.16.1/STM32CubeIDE/plugins/com.st.stm32cube.ide.mcu.externaltools.gnu-tools-for-stm32.12.3.rel1.win32_1.0.200.202406191623/tools/bin/../lib/gcc/arm-none-eabi/12.3.1/../../../../arm-none-eabi/lib/thumb/v7e-m+fp/hard\libm.a(libm_a-w_exp.o)
 .ARM.attributes
                0x000006c3       0x34 C:/ST/STM32CubeIDE_1.16.1/STM32CubeIDE/plugins/com.st.stm32cube.ide.mcu.externaltools.gnu-tools-for-stm32.12.3.rel1.win32_1.0.200.202406191623/tools/bin/../lib/gcc/arm-none-eabi/12.3.1/../../../../arm-none-eabi/lib/thumb/v7e-m+fp/hard\libm.a(libm_a-s_finite.o)
 .ARM.attributes
                0x000006f7       0x34 C:/ST/STM32CubeIDE_1.16.1/STM32CubeIDE/plugins/com.st.stm32cube.ide.mcu.externaltools.gnu-tools-for-stm32.12.3.rel1.win32_1.0.200.202406191623/tools/bin/../lib/gcc/arm-none-eabi/12.3.1/../../../../arm-none-eabi/lib/thumb/v7e-m+fp/hard\libm.a(libm_a-e_exp.o)
 .ARM.attributes
                0x0000072b       0x34 C:/ST/STM32CubeIDE_1.16.1/STM32CubeIDE/plugins/com.st.stm32cube.ide.mcu.externaltools.gnu-tools-for-stm32.12.3.rel1.win32_1.0.200.202406191623/tools/bin/../lib/gcc/arm-none-eabi/12.3.1/../../../../arm-none-eabi/lib/thumb/v7e-m+fp/hard\libm.a(libm_a-math_err.o)
 .ARM.attributes
                0x0000075f       0x22 C:/ST/STM32CubeIDE_1.16.1/STM32CubeIDE/plugins/com.st.stm32cube.ide.mcu.externaltools.gnu-tools-for-stm32.12.3.rel1.win32_1.0.200.202406191623/tools/bin/../lib/gcc/arm-none-eabi/12.3.1/thumb/v7e-m+fp/hard\libgcc.a(_arm_addsubdf3.o)
 .ARM.attributes
                0x00000781       0x22 C:/ST/STM32CubeIDE_1.16.1/STM32CubeIDE/plugins/com.st.stm32cube.ide.mcu.externaltools.gnu-tools-for-stm32.12.3.rel1.win32_1.0.200.202406191623/tools/bin/../lib/gcc/arm-none-eabi/12.3.1/thumb/v7e-m+fp/hard\libgcc.a(_arm_muldivdf3.o)
 .ARM.attributes
                0x000007a3       0x22 C:/ST/STM32CubeIDE_1.16.1/STM32CubeIDE/plugins/com.st.stm32cube.ide.mcu.externaltools.gnu-tools-for-stm32.12.3.rel1.win32_1.0.200.202406191623/tools/bin/../lib/gcc/arm-none-eabi/12.3.1/thumb/v7e-m+fp/hard\libgcc.a(_arm_cmpdf2.o)
 .ARM.attributes
                0x000007c5       0x22 C:/ST/STM32CubeIDE_1.16.1/STM32CubeIDE/plugins/com.st.stm32cube.ide.mcu.externaltools.gnu-tools-for-stm32.12.3.rel1.win32_1.0.200.202406191623/tools/bin/../lib/gcc/arm-none-eabi/12.3.1/thumb/v7e-m+fp/hard\libgcc.a(_arm_fixdfsi.o)
 .ARM.attributes
                0x000007e7       0x22 C:/ST/STM32CubeIDE_1.16.1/STM32CubeIDE/plugins/com.st.stm32cube.ide.mcu.externaltools.gnu-tools-for-stm32.12.3.rel1.win32_1.0.200.202406191623/tools/bin/../lib/gcc/arm-none-eabi/12.3.1/thumb/v7e-m+fp/hard\libgcc.a(_arm_fixunsdfsi.o)
 .ARM.attributes
                0x00000809       0x22 C:/ST/STM32CubeIDE_1.16.1/STM32CubeIDE/plugins/com.st.stm32cube.ide.mcu.externaltools.gnu-tools-for-stm32.12.3.rel1.win32_1.0.200.202406191623/tools/bin/../lib/gcc/arm-none-eabi/12.3.1/thumb/v7e-m+fp/hard/crtn.o
OUTPUT(USB2CAN.elf elf32-littlearm)
LOAD linker stubs
LOAD C:/ST/STM32CubeIDE_1.16.1/STM32CubeIDE/plugins/com.st.stm32cube.ide.mcu.externaltools.gnu-tools-for-stm32.12.3.rel1.win32_1.0.200.202406191623/tools/bin/../lib/gcc/arm-none-eabi/12.3.1/../../../../arm-none-eabi/lib/thumb/v7e-m+fp/hard\libc.a
LOAD C:/ST/STM32CubeIDE_1.16.1/STM32CubeIDE/plugins/com.st.stm32cube.ide.mcu.externaltools.gnu-tools-for-stm32.12.3.rel1.win32_1.0.200.202406191623/tools/bin/../lib/gcc/arm-none-eabi/12.3.1/../../../../arm-none-eabi/lib/thumb/v7e-m+fp/hard\libm.a
LOAD C:/ST/STM32CubeIDE_1.16.1/STM32CubeIDE/plugins/com.st.stm32cube.ide.mcu.externaltools.gnu-tools-for-stm32.12.3.rel1.win32_1.0.200.202406191623/tools/bin/../lib/gcc/arm-none-eabi/12.3.1/thumb/v7e-m+fp/hard\libgcc.a

.debug_info     0x00000000    0x12d0b
 .debug_info    0x00000000     0x1159 ./Core/Src/fdcan.o
 .debug_info    0x00001159      0x2ec ./Core/Src/gpio.o
 .debug_info    0x00001445      0xaa3 ./Core/Src/main.o
 .debug_info    0x00001ee8      0x2da ./Core/Src/stm32g4xx_hal_msp.o
 .debug_info    0x000021c2      0xc23 ./Core/Src/stm32g4xx_it.o
 .debug_info    0x00002de5      0x58e ./Core/Src/system_stm32g4xx.o
 .debug_info    0x00003373       0x30 ./Core/Startup/startup_stm32g431cbux.o
 .debug_info    0x000033a3      0xadb ./Drivers/STM32G4xx_HAL_Driver/Src/stm32g4xx_hal.o
 .debug_info    0x00003e7e      0xd3f ./Drivers/STM32G4xx_HAL_Driver/Src/stm32g4xx_hal_cortex.o
 .debug_info    0x00004bbd     0x1de8 ./Drivers/STM32G4xx_HAL_Driver/Src/stm32g4xx_hal_fdcan.o
 .debug_info    0x000069a5      0x763 ./Drivers/STM32G4xx_HAL_Driver/Src/stm32g4xx_hal_gpio.o
 .debug_info    0x00007108     0x1610 ./Drivers/STM32G4xx_HAL_Driver/Src/stm32g4xx_hal_pcd.o
 .debug_info    0x00008718      0x80a ./Drivers/STM32G4xx_HAL_Driver/Src/stm32g4xx_hal_pcd_ex.o
 .debug_info    0x00008f22      0x93f ./Drivers/STM32G4xx_HAL_Driver/Src/stm32g4xx_hal_pwr_ex.o
 .debug_info    0x00009861      0xb82 ./Drivers/STM32G4xx_HAL_Driver/Src/stm32g4xx_hal_rcc.o
 .debug_info    0x0000a3e3      0xc15 ./Drivers/STM32G4xx_HAL_Driver/Src/stm32g4xx_hal_rcc_ex.o
 .debug_info    0x0000aff8     0x1577 ./Drivers/STM32G4xx_HAL_Driver/Src/stm32g4xx_ll_usb.o
 .debug_info    0x0000c56f     0x1124 ./Middlewares/ST/STM32_USB_Device_Library/Class/CDC/Src/usbd_cdc.o
 .debug_info    0x0000d693      0xb1b ./Middlewares/ST/STM32_USB_Device_Library/Core/Src/usbd_core.o
 .debug_info    0x0000e1ae      0xa57 ./Middlewares/ST/STM32_USB_Device_Library/Core/Src/usbd_ctlreq.o
 .debug_info    0x0000ec05      0x720 ./Middlewares/ST/STM32_USB_Device_Library/Core/Src/usbd_ioreq.o
 .debug_info    0x0000f325      0x6d7 ./USB_Device/App/usb_device.o
 .debug_info    0x0000f9fc     0x11f4 ./USB_Device/App/usbd_cdc_if.o
 .debug_info    0x00010bf0      0x45f ./USB_Device/App/usbd_desc.o
 .debug_info    0x0001104f     0x1cbc ./USB_Device/Target/usbd_conf.o

.debug_abbrev   0x00000000     0x3490
 .debug_abbrev  0x00000000      0x244 ./Core/Src/fdcan.o
 .debug_abbrev  0x00000244       0xc6 ./Core/Src/gpio.o
 .debug_abbrev  0x0000030a      0x1fd ./Core/Src/main.o
 .debug_abbrev  0x00000507       0xd9 ./Core/Src/stm32g4xx_hal_msp.o
 .debug_abbrev  0x000005e0      0x1ac ./Core/Src/stm32g4xx_it.o
 .debug_abbrev  0x0000078c      0x11a ./Core/Src/system_stm32g4xx.o
 .debug_abbrev  0x000008a6       0x24 ./Core/Startup/startup_stm32g431cbux.o
 .debug_abbrev  0x000008ca      0x271 ./Drivers/STM32G4xx_HAL_Driver/Src/stm32g4xx_hal.o
 .debug_abbrev  0x00000b3b      0x31c ./Drivers/STM32G4xx_HAL_Driver/Src/stm32g4xx_hal_cortex.o
 .debug_abbrev  0x00000e57      0x21a ./Drivers/STM32G4xx_HAL_Driver/Src/stm32g4xx_hal_fdcan.o
 .debug_abbrev  0x00001071      0x1cb ./Drivers/STM32G4xx_HAL_Driver/Src/stm32g4xx_hal_gpio.o
 .debug_abbrev  0x0000123c      0x2b9 ./Drivers/STM32G4xx_HAL_Driver/Src/stm32g4xx_hal_pcd.o
 .debug_abbrev  0x000014f5      0x228 ./Drivers/STM32G4xx_HAL_Driver/Src/stm32g4xx_hal_pcd_ex.o
 .debug_abbrev  0x0000171d      0x22c ./Drivers/STM32G4xx_HAL_Driver/Src/stm32g4xx_hal_pwr_ex.o
 .debug_abbrev  0x00001949      0x2c9 ./Drivers/STM32G4xx_HAL_Driver/Src/stm32g4xx_hal_rcc.o
 .debug_abbrev  0x00001c12      0x258 ./Drivers/STM32G4xx_HAL_Driver/Src/stm32g4xx_hal_rcc_ex.o
 .debug_abbrev  0x00001e6a      0x247 ./Drivers/STM32G4xx_HAL_Driver/Src/stm32g4xx_ll_usb.o
 .debug_abbrev  0x000020b1      0x2bc ./Middlewares/ST/STM32_USB_Device_Library/Class/CDC/Src/usbd_cdc.o
 .debug_abbrev  0x0000236d      0x24f ./Middlewares/ST/STM32_USB_Device_Library/Core/Src/usbd_core.o
 .debug_abbrev  0x000025bc      0x27e ./Middlewares/ST/STM32_USB_Device_Library/Core/Src/usbd_ctlreq.o
 .debug_abbrev  0x0000283a      0x1a9 ./Middlewares/ST/STM32_USB_Device_Library/Core/Src/usbd_ioreq.o
 .debug_abbrev  0x000029e3      0x1a4 ./USB_Device/App/usb_device.o
 .debug_abbrev  0x00002b87      0x3cf ./USB_Device/App/usbd_cdc_if.o
 .debug_abbrev  0x00002f56      0x20e ./USB_Device/App/usbd_desc.o
 .debug_abbrev  0x00003164      0x32c ./USB_Device/Target/usbd_conf.o

.debug_aranges  0x00000000      0xfc0
 .debug_aranges
                0x00000000       0x40 ./Core/Src/fdcan.o
 .debug_aranges
                0x00000040       0x20 ./Core/Src/gpio.o
 .debug_aranges
                0x00000060       0x30 ./Core/Src/main.o
 .debug_aranges
                0x00000090       0x20 ./Core/Src/stm32g4xx_hal_msp.o
 .debug_aranges
                0x000000b0       0x78 ./Core/Src/stm32g4xx_it.o
 .debug_aranges
                0x00000128       0x28 ./Core/Src/system_stm32g4xx.o
 .debug_aranges
                0x00000150       0x28 ./Core/Startup/startup_stm32g431cbux.o
 .debug_aranges
                0x00000178      0x148 ./Drivers/STM32G4xx_HAL_Driver/Src/stm32g4xx_hal.o
 .debug_aranges
                0x000002c0      0x128 ./Drivers/STM32G4xx_HAL_Driver/Src/stm32g4xx_hal_cortex.o
 .debug_aranges
                0x000003e8      0x278 ./Drivers/STM32G4xx_HAL_Driver/Src/stm32g4xx_hal_fdcan.o
 .debug_aranges
                0x00000660       0x58 ./Drivers/STM32G4xx_HAL_Driver/Src/stm32g4xx_hal_gpio.o
 .debug_aranges
                0x000006b8      0x138 ./Drivers/STM32G4xx_HAL_Driver/Src/stm32g4xx_hal_pcd.o
 .debug_aranges
                0x000007f0       0x58 ./Drivers/STM32G4xx_HAL_Driver/Src/stm32g4xx_hal_pcd_ex.o
 .debug_aranges
                0x00000848      0x140 ./Drivers/STM32G4xx_HAL_Driver/Src/stm32g4xx_hal_pwr_ex.o
 .debug_aranges
                0x00000988       0x98 ./Drivers/STM32G4xx_HAL_Driver/Src/stm32g4xx_hal_rcc.o
 .debug_aranges
                0x00000a20       0xb0 ./Drivers/STM32G4xx_HAL_Driver/Src/stm32g4xx_hal_rcc_ex.o
 .debug_aranges
                0x00000ad0       0xc8 ./Drivers/STM32G4xx_HAL_Driver/Src/stm32g4xx_ll_usb.o
 .debug_aranges
                0x00000b98       0x90 ./Middlewares/ST/STM32_USB_Device_Library/Class/CDC/Src/usbd_cdc.o
 .debug_aranges
                0x00000c28       0xb8 ./Middlewares/ST/STM32_USB_Device_Library/Core/Src/usbd_core.o
 .debug_aranges
                0x00000ce0       0x90 ./Middlewares/ST/STM32_USB_Device_Library/Core/Src/usbd_ctlreq.o
 .debug_aranges
                0x00000d70       0x50 ./Middlewares/ST/STM32_USB_Device_Library/Core/Src/usbd_ioreq.o
 .debug_aranges
                0x00000dc0       0x20 ./USB_Device/App/usb_device.o
 .debug_aranges
                0x00000de0       0x60 ./USB_Device/App/usbd_cdc_if.o
 .debug_aranges
                0x00000e40       0x60 ./USB_Device/App/usbd_desc.o
 .debug_aranges
                0x00000ea0      0x120 ./USB_Device/Target/usbd_conf.o

.debug_rnglists
                0x00000000      0xba5
 .debug_rnglists
                0x00000000       0x2e ./Core/Src/fdcan.o
 .debug_rnglists
                0x0000002e       0x13 ./Core/Src/gpio.o
 .debug_rnglists
                0x00000041       0x20 ./Core/Src/main.o
 .debug_rnglists
                0x00000061       0x13 ./Core/Src/stm32g4xx_hal_msp.o
 .debug_rnglists
                0x00000074       0x55 ./Core/Src/stm32g4xx_it.o
 .debug_rnglists
                0x000000c9       0x1a ./Core/Src/system_stm32g4xx.o
 .debug_rnglists
                0x000000e3       0x19 ./Core/Startup/startup_stm32g431cbux.o
 .debug_rnglists
                0x000000fc       0xf1 ./Drivers/STM32G4xx_HAL_Driver/Src/stm32g4xx_hal.o
 .debug_rnglists
                0x000001ed       0xda ./Drivers/STM32G4xx_HAL_Driver/Src/stm32g4xx_hal_cortex.o
 .debug_rnglists
                0x000002c7      0x1e3 ./Drivers/STM32G4xx_HAL_Driver/Src/stm32g4xx_hal_fdcan.o
 .debug_rnglists
                0x000004aa       0x3f ./Drivers/STM32G4xx_HAL_Driver/Src/stm32g4xx_hal_gpio.o
 .debug_rnglists
                0x000004e9       0xee ./Drivers/STM32G4xx_HAL_Driver/Src/stm32g4xx_hal_pcd.o
 .debug_rnglists
                0x000005d7       0x3f ./Drivers/STM32G4xx_HAL_Driver/Src/stm32g4xx_hal_pcd_ex.o
 .debug_rnglists
                0x00000616       0xf1 ./Drivers/STM32G4xx_HAL_Driver/Src/stm32g4xx_hal_pwr_ex.o
 .debug_rnglists
                0x00000707       0x74 ./Drivers/STM32G4xx_HAL_Driver/Src/stm32g4xx_hal_rcc.o
 .debug_rnglists
                0x0000077b       0x87 ./Drivers/STM32G4xx_HAL_Driver/Src/stm32g4xx_hal_rcc_ex.o
 .debug_rnglists
                0x00000802       0x99 ./Drivers/STM32G4xx_HAL_Driver/Src/stm32g4xx_ll_usb.o
 .debug_rnglists
                0x0000089b       0x6a ./Middlewares/ST/STM32_USB_Device_Library/Class/CDC/Src/usbd_cdc.o
 .debug_rnglists
                0x00000905       0x89 ./Middlewares/ST/STM32_USB_Device_Library/Core/Src/usbd_core.o
 .debug_rnglists
                0x0000098e       0x6e ./Middlewares/ST/STM32_USB_Device_Library/Core/Src/usbd_ctlreq.o
 .debug_rnglists
                0x000009fc       0x37 ./Middlewares/ST/STM32_USB_Device_Library/Core/Src/usbd_ioreq.o
 .debug_rnglists
                0x00000a33       0x13 ./USB_Device/App/usb_device.o
 .debug_rnglists
                0x00000a46       0x47 ./USB_Device/App/usbd_cdc_if.o
 .debug_rnglists
                0x00000a8d       0x43 ./USB_Device/App/usbd_desc.o
 .debug_rnglists
                0x00000ad0       0xd5 ./USB_Device/Target/usbd_conf.o

.debug_macro    0x00000000    0x1fd93
 .debug_macro   0x00000000      0x388 ./Core/Src/fdcan.o
 .debug_macro   0x00000388      0xab4 ./Core/Src/fdcan.o
 .debug_macro   0x00000e3c      0x15b ./Core/Src/fdcan.o
 .debug_macro   0x00000f97       0x2e ./Core/Src/fdcan.o
 .debug_macro   0x00000fc5       0x28 ./Core/Src/fdcan.o
 .debug_macro   0x00000fed       0x22 ./Core/Src/fdcan.o
 .debug_macro   0x0000100f       0x8e ./Core/Src/fdcan.o
 .debug_macro   0x0000109d       0x51 ./Core/Src/fdcan.o
 .debug_macro   0x000010ee      0x103 ./Core/Src/fdcan.o
 .debug_macro   0x000011f1       0x6a ./Core/Src/fdcan.o
 .debug_macro   0x0000125b      0x1df ./Core/Src/fdcan.o
 .debug_macro   0x0000143a       0x1c ./Core/Src/fdcan.o
 .debug_macro   0x00001456       0x22 ./Core/Src/fdcan.o
 .debug_macro   0x00001478       0xfb ./Core/Src/fdcan.o
 .debug_macro   0x00001573     0x1011 ./Core/Src/fdcan.o
 .debug_macro   0x00002584      0x11f ./Core/Src/fdcan.o
 .debug_macro   0x000026a3    0x1138f ./Core/Src/fdcan.o
 .debug_macro   0x00013a32       0x6d ./Core/Src/fdcan.o
 .debug_macro   0x00013a9f     0x3558 ./Core/Src/fdcan.o
 .debug_macro   0x00016ff7      0x189 ./Core/Src/fdcan.o
 .debug_macro   0x00017180       0x5c ./Core/Src/fdcan.o
 .debug_macro   0x000171dc     0x141d ./Core/Src/fdcan.o
 .debug_macro   0x000185f9      0x535 ./Core/Src/fdcan.o
 .debug_macro   0x00018b2e      0x1b6 ./Core/Src/fdcan.o
 .debug_macro   0x00018ce4      0x288 ./Core/Src/fdcan.o
 .debug_macro   0x00018f6c      0x41d ./Core/Src/fdcan.o
 .debug_macro   0x00019389      0x18b ./Core/Src/fdcan.o
 .debug_macro   0x00019514       0x43 ./Core/Src/fdcan.o
 .debug_macro   0x00019557      0x23d ./Core/Src/fdcan.o
 .debug_macro   0x00019794      0x211 ./Core/Src/fdcan.o
 .debug_macro   0x000199a5      0x6c4 ./Core/Src/fdcan.o
 .debug_macro   0x0001a069      0x401 ./Core/Src/fdcan.o
 .debug_macro   0x0001a46a      0x107 ./Core/Src/fdcan.o
 .debug_macro   0x0001a571       0x73 ./Core/Src/fdcan.o
 .debug_macro   0x0001a5e4      0x22d ./Core/Src/fdcan.o
 .debug_macro   0x0001a811      0x122 ./Core/Src/fdcan.o
 .debug_macro   0x0001a933      0x3d1 ./Core/Src/fdcan.o
 .debug_macro   0x0001ad04      0x306 ./Core/Src/fdcan.o
 .debug_macro   0x0001b00a       0x61 ./Core/Src/fdcan.o
 .debug_macro   0x0001b06b       0x2a ./Core/Src/fdcan.o
 .debug_macro   0x0001b095       0x43 ./Core/Src/fdcan.o
 .debug_macro   0x0001b0d8       0x34 ./Core/Src/fdcan.o
 .debug_macro   0x0001b10c       0x16 ./Core/Src/fdcan.o
 .debug_macro   0x0001b122       0x35 ./Core/Src/fdcan.o
 .debug_macro   0x0001b157      0x369 ./Core/Src/fdcan.o
 .debug_macro   0x0001b4c0       0x10 ./Core/Src/fdcan.o
 .debug_macro   0x0001b4d0       0x16 ./Core/Src/fdcan.o
 .debug_macro   0x0001b4e6       0x43 ./Core/Src/fdcan.o
 .debug_macro   0x0001b529       0x34 ./Core/Src/fdcan.o
 .debug_macro   0x0001b55d       0x10 ./Core/Src/fdcan.o
 .debug_macro   0x0001b56d       0x58 ./Core/Src/fdcan.o
 .debug_macro   0x0001b5c5       0x8e ./Core/Src/fdcan.o
 .debug_macro   0x0001b653       0x1c ./Core/Src/fdcan.o
 .debug_macro   0x0001b66f      0x177 ./Core/Src/fdcan.o
 .debug_macro   0x0001b7e6       0x16 ./Core/Src/fdcan.o
 .debug_macro   0x0001b7fc       0x16 ./Core/Src/fdcan.o
 .debug_macro   0x0001b812      0x146 ./Core/Src/fdcan.o
 .debug_macro   0x0001b958       0x16 ./Core/Src/fdcan.o
 .debug_macro   0x0001b96e       0x16 ./Core/Src/fdcan.o
 .debug_macro   0x0001b984       0x29 ./Core/Src/fdcan.o
 .debug_macro   0x0001b9ad       0x16 ./Core/Src/fdcan.o
 .debug_macro   0x0001b9c3       0x20 ./Core/Src/fdcan.o
 .debug_macro   0x0001b9e3       0x5f ./Core/Src/fdcan.o
 .debug_macro   0x0001ba42      0x1ef ./Core/Src/fdcan.o
 .debug_macro   0x0001bc31       0x95 ./Core/Src/fdcan.o
 .debug_macro   0x0001bcc6       0x10 ./Core/Src/fdcan.o
 .debug_macro   0x0001bcd6      0x1e8 ./Core/Src/gpio.o
 .debug_macro   0x0001bebe      0x3a4 ./Core/Src/main.o
 .debug_macro   0x0001c262      0x1de ./Core/Src/stm32g4xx_hal_msp.o
 .debug_macro   0x0001c440      0x1e8 ./Core/Src/stm32g4xx_it.o
 .debug_macro   0x0001c628      0x1d4 ./Core/Src/system_stm32g4xx.o
 .debug_macro   0x0001c7fc      0x222 ./Drivers/STM32G4xx_HAL_Driver/Src/stm32g4xx_hal.o
 .debug_macro   0x0001ca1e      0x1d4 ./Drivers/STM32G4xx_HAL_Driver/Src/stm32g4xx_hal_cortex.o
 .debug_macro   0x0001cbf2      0x2e6 ./Drivers/STM32G4xx_HAL_Driver/Src/stm32g4xx_hal_fdcan.o
 .debug_macro   0x0001ced8      0x1db ./Drivers/STM32G4xx_HAL_Driver/Src/stm32g4xx_hal_gpio.o
 .debug_macro   0x0001d0b3      0x1e0 ./Drivers/STM32G4xx_HAL_Driver/Src/stm32g4xx_hal_pcd.o
 .debug_macro   0x0001d293      0x1d4 ./Drivers/STM32G4xx_HAL_Driver/Src/stm32g4xx_hal_pcd_ex.o
 .debug_macro   0x0001d467      0x1fe ./Drivers/STM32G4xx_HAL_Driver/Src/stm32g4xx_hal_pwr_ex.o
 .debug_macro   0x0001d665      0x216 ./Drivers/STM32G4xx_HAL_Driver/Src/stm32g4xx_hal_rcc.o
 .debug_macro   0x0001d87b      0x1fe ./Drivers/STM32G4xx_HAL_Driver/Src/stm32g4xx_hal_rcc_ex.o
 .debug_macro   0x0001da79      0x1d4 ./Drivers/STM32G4xx_HAL_Driver/Src/stm32g4xx_ll_usb.o
 .debug_macro   0x0001dc4d      0x363 ./Middlewares/ST/STM32_USB_Device_Library/Class/CDC/Src/usbd_cdc.o
 .debug_macro   0x0001dfb0       0x9e ./Middlewares/ST/STM32_USB_Device_Library/Class/CDC/Src/usbd_cdc.o
 .debug_macro   0x0001e04e      0x10b ./Middlewares/ST/STM32_USB_Device_Library/Class/CDC/Src/usbd_cdc.o
 .debug_macro   0x0001e159       0x56 ./Middlewares/ST/STM32_USB_Device_Library/Class/CDC/Src/usbd_cdc.o
 .debug_macro   0x0001e1af      0x34a ./Middlewares/ST/STM32_USB_Device_Library/Core/Src/usbd_core.o
 .debug_macro   0x0001e4f9      0x1f5 ./Middlewares/ST/STM32_USB_Device_Library/Core/Src/usbd_core.o
 .debug_macro   0x0001e6ee      0x354 ./Middlewares/ST/STM32_USB_Device_Library/Core/Src/usbd_ctlreq.o
 .debug_macro   0x0001ea42      0x350 ./Middlewares/ST/STM32_USB_Device_Library/Core/Src/usbd_ioreq.o
 .debug_macro   0x0001ed92      0x389 ./USB_Device/App/usb_device.o
 .debug_macro   0x0001f11b       0x22 ./USB_Device/App/usb_device.o
 .debug_macro   0x0001f13d       0x16 ./USB_Device/App/usb_device.o
 .debug_macro   0x0001f153      0x395 ./USB_Device/App/usbd_cdc_if.o
 .debug_macro   0x0001f4e8      0x19b ./USB_Device/App/usbd_cdc_if.o
 .debug_macro   0x0001f683      0x387 ./USB_Device/App/usbd_desc.o
 .debug_macro   0x0001fa0a       0x1c ./USB_Device/App/usbd_desc.o
 .debug_macro   0x0001fa26      0x36d ./USB_Device/Target/usbd_conf.o

.debug_line     0x00000000    0x13815
 .debug_line    0x00000000      0xb39 ./Core/Src/fdcan.o
 .debug_line    0x00000b39      0x763 ./Core/Src/gpio.o
 .debug_line    0x0000129c      0xacb ./Core/Src/main.o
 .debug_line    0x00001d67      0x767 ./Core/Src/stm32g4xx_hal_msp.o
 .debug_line    0x000024ce      0x870 ./Core/Src/stm32g4xx_it.o
 .debug_line    0x00002d3e      0x7d2 ./Core/Src/system_stm32g4xx.o
 .debug_line    0x00003510       0x7b ./Core/Startup/startup_stm32g431cbux.o
 .debug_line    0x0000358b      0xb8e ./Drivers/STM32G4xx_HAL_Driver/Src/stm32g4xx_hal.o
 .debug_line    0x00004119      0xd21 ./Drivers/STM32G4xx_HAL_Driver/Src/stm32g4xx_hal_cortex.o
 .debug_line    0x00004e3a     0x1d55 ./Drivers/STM32G4xx_HAL_Driver/Src/stm32g4xx_hal_fdcan.o
 .debug_line    0x00006b8f      0xba7 ./Drivers/STM32G4xx_HAL_Driver/Src/stm32g4xx_hal_gpio.o
 .debug_line    0x00007736     0x13ba ./Drivers/STM32G4xx_HAL_Driver/Src/stm32g4xx_hal_pcd.o
 .debug_line    0x00008af0      0x8ff ./Drivers/STM32G4xx_HAL_Driver/Src/stm32g4xx_hal_pcd_ex.o
 .debug_line    0x000093ef      0xcfd ./Drivers/STM32G4xx_HAL_Driver/Src/stm32g4xx_hal_pwr_ex.o
 .debug_line    0x0000a0ec      0xf59 ./Drivers/STM32G4xx_HAL_Driver/Src/stm32g4xx_hal_rcc.o
 .debug_line    0x0000b045     0x1121 ./Drivers/STM32G4xx_HAL_Driver/Src/stm32g4xx_hal_rcc_ex.o
 .debug_line    0x0000c166      0xf7a ./Drivers/STM32G4xx_HAL_Driver/Src/stm32g4xx_ll_usb.o
 .debug_line    0x0000d0e0      0xd9f ./Middlewares/ST/STM32_USB_Device_Library/Class/CDC/Src/usbd_cdc.o
 .debug_line    0x0000de7f      0xe1e ./Middlewares/ST/STM32_USB_Device_Library/Core/Src/usbd_core.o
 .debug_line    0x0000ec9d     0x10bf ./Middlewares/ST/STM32_USB_Device_Library/Core/Src/usbd_ctlreq.o
 .debug_line    0x0000fd5c      0xa75 ./Middlewares/ST/STM32_USB_Device_Library/Core/Src/usbd_ioreq.o
 .debug_line    0x000107d1      0xa31 ./USB_Device/App/usb_device.o
 .debug_line    0x00011202      0xc89 ./USB_Device/App/usbd_cdc_if.o
 .debug_line    0x00011e8b      0xafa ./USB_Device/App/usbd_desc.o
 .debug_line    0x00012985      0xe90 ./USB_Device/Target/usbd_conf.o

.debug_str      0x00000000    0xbae74
 .debug_str     0x00000000    0xb5a56 ./Core/Src/fdcan.o
                              0xb5edb (size before relaxing)
 .debug_str     0x000b5a56       0x2c ./Core/Src/gpio.o
                              0xb0ba3 (size before relaxing)
 .debug_str     0x000b5a82      0x21b ./Core/Src/main.o
                              0xb57e8 (size before relaxing)
 .debug_str     0x000b5c9d       0x4d ./Core/Src/stm32g4xx_hal_msp.o
                              0xb0bc4 (size before relaxing)
 .debug_str     0x000b5cea      0x3f9 ./Core/Src/stm32g4xx_it.o
                              0xb1312 (size before relaxing)
 .debug_str     0x000b60e3       0xdb ./Core/Src/system_stm32g4xx.o
                              0xb0c53 (size before relaxing)
 .debug_str     0x000b61be       0x44 ./Core/Startup/startup_stm32g431cbux.o
                                 0x8b (size before relaxing)
 .debug_str     0x000b6202      0x5e3 ./Drivers/STM32G4xx_HAL_Driver/Src/stm32g4xx_hal.o
                              0xb1792 (size before relaxing)
 .debug_str     0x000b67e5      0x361 ./Drivers/STM32G4xx_HAL_Driver/Src/stm32g4xx_hal_cortex.o
                              0xb144e (size before relaxing)
 .debug_str     0x000b6b46     0x1552 ./Drivers/STM32G4xx_HAL_Driver/Src/stm32g4xx_hal_fdcan.o
                              0xb2707 (size before relaxing)
 .debug_str     0x000b8098      0x15f ./Drivers/STM32G4xx_HAL_Driver/Src/stm32g4xx_hal_gpio.o
                              0xb0dde (size before relaxing)
 .debug_str     0x000b81f7      0x577 ./Drivers/STM32G4xx_HAL_Driver/Src/stm32g4xx_hal_pcd.o
                              0xb13cf (size before relaxing)
 .debug_str     0x000b876e      0x186 ./Drivers/STM32G4xx_HAL_Driver/Src/stm32g4xx_hal_pcd_ex.o
                              0xb100b (size before relaxing)
 .debug_str     0x000b88f4      0x4a5 ./Drivers/STM32G4xx_HAL_Driver/Src/stm32g4xx_hal_pwr_ex.o
                              0xb1141 (size before relaxing)
 .debug_str     0x000b8d99      0x4e0 ./Drivers/STM32G4xx_HAL_Driver/Src/stm32g4xx_hal_rcc.o
                              0xb134c (size before relaxing)
 .debug_str     0x000b9279      0x41c ./Drivers/STM32G4xx_HAL_Driver/Src/stm32g4xx_hal_rcc_ex.o
                              0xb134d (size before relaxing)
 .debug_str     0x000b9695       0xd3 ./Drivers/STM32G4xx_HAL_Driver/Src/stm32g4xx_ll_usb.o
                              0xb0f0c (size before relaxing)
 .debug_str     0x000b9768      0x65e ./Middlewares/ST/STM32_USB_Device_Library/Class/CDC/Src/usbd_cdc.o
                              0xb5a87 (size before relaxing)
 .debug_str     0x000b9dc6      0x288 ./Middlewares/ST/STM32_USB_Device_Library/Core/Src/usbd_core.o
                              0xb5363 (size before relaxing)
 .debug_str     0x000ba04e      0x147 ./Middlewares/ST/STM32_USB_Device_Library/Core/Src/usbd_ctlreq.o
                              0xb52b5 (size before relaxing)
 .debug_str     0x000ba195       0x51 ./Middlewares/ST/STM32_USB_Device_Library/Core/Src/usbd_ioreq.o
                              0xb51aa (size before relaxing)
 .debug_str     0x000ba1e6       0xc7 ./USB_Device/App/usb_device.o
                              0xb555e (size before relaxing)
 .debug_str     0x000ba2ad      0x8e2 ./USB_Device/App/usbd_cdc_if.o
                              0xb63d9 (size before relaxing)
 .debug_str     0x000bab8f      0x254 ./USB_Device/App/usbd_desc.o
                              0xb50b4 (size before relaxing)
 .debug_str     0x000bade3       0x91 ./USB_Device/Target/usbd_conf.o
                              0xb641d (size before relaxing)

.comment        0x00000000       0x43
 .comment       0x00000000       0x43 ./Core/Src/fdcan.o
                                 0x44 (size before relaxing)
 .comment       0x00000043       0x44 ./Core/Src/gpio.o
 .comment       0x00000043       0x44 ./Core/Src/main.o
 .comment       0x00000043       0x44 ./Core/Src/stm32g4xx_hal_msp.o
 .comment       0x00000043       0x44 ./Core/Src/stm32g4xx_it.o
 .comment       0x00000043       0x44 ./Core/Src/system_stm32g4xx.o
 .comment       0x00000043       0x44 ./Drivers/STM32G4xx_HAL_Driver/Src/stm32g4xx_hal.o
 .comment       0x00000043       0x44 ./Drivers/STM32G4xx_HAL_Driver/Src/stm32g4xx_hal_cortex.o
 .comment       0x00000043       0x44 ./Drivers/STM32G4xx_HAL_Driver/Src/stm32g4xx_hal_fdcan.o
 .comment       0x00000043       0x44 ./Drivers/STM32G4xx_HAL_Driver/Src/stm32g4xx_hal_gpio.o
 .comment       0x00000043       0x44 ./Drivers/STM32G4xx_HAL_Driver/Src/stm32g4xx_hal_pcd.o
 .comment       0x00000043       0x44 ./Drivers/STM32G4xx_HAL_Driver/Src/stm32g4xx_hal_pcd_ex.o
 .comment       0x00000043       0x44 ./Drivers/STM32G4xx_HAL_Driver/Src/stm32g4xx_hal_pwr_ex.o
 .comment       0x00000043       0x44 ./Drivers/STM32G4xx_HAL_Driver/Src/stm32g4xx_hal_rcc.o
 .comment       0x00000043       0x44 ./Drivers/STM32G4xx_HAL_Driver/Src/stm32g4xx_hal_rcc_ex.o
 .comment       0x00000043       0x44 ./Drivers/STM32G4xx_HAL_Driver/Src/stm32g4xx_ll_usb.o
 .comment       0x00000043       0x44 ./Middlewares/ST/STM32_USB_Device_Library/Class/CDC/Src/usbd_cdc.o
 .comment       0x00000043       0x44 ./Middlewares/ST/STM32_USB_Device_Library/Core/Src/usbd_core.o
 .comment       0x00000043       0x44 ./Middlewares/ST/STM32_USB_Device_Library/Core/Src/usbd_ctlreq.o
 .comment       0x00000043       0x44 ./Middlewares/ST/STM32_USB_Device_Library/Core/Src/usbd_ioreq.o
 .comment       0x00000043       0x44 ./USB_Device/App/usb_device.o
 .comment       0x00000043       0x44 ./USB_Device/App/usbd_cdc_if.o
 .comment       0x00000043       0x44 ./USB_Device/App/usbd_desc.o
 .comment       0x00000043       0x44 ./USB_Device/Target/usbd_conf.o

.debug_frame    0x00000000     0x449c
 .debug_frame   0x00000000       0xc4 ./Core/Src/fdcan.o
 .debug_frame   0x000000c4       0x38 ./Core/Src/gpio.o
 .debug_frame   0x000000fc       0x68 ./Core/Src/main.o
 .debug_frame   0x00000164       0x34 ./Core/Src/stm32g4xx_hal_msp.o
 .debug_frame   0x00000198      0x158 ./Core/Src/stm32g4xx_it.o
 .debug_frame   0x000002f0       0x58 ./Core/Src/system_stm32g4xx.o