2024-11-15 06:45:20,695 [INFO] Activator:176 - 


2024-11-15 06:45:20,699 [INFO] Activator:177 - !SESSION log4j initialized
2024-11-15 06:45:42,256 [INFO] LogOutputStream:77 - [STDOUT_REDIRECT] 
2024-11-15 06:45:43,950 [ERROR] ConfigurationRetriever:142 - IOException on connection: sw-center.st.com
2024-11-15 06:45:43,952 [ERROR] ConfigurationRetriever:142 - IOException on connection: sw-center.st.com
2024-11-15 06:45:43,953 [ERROR] ConfigurationRetriever:142 - IOException on connection: sw-center.st.com
2024-11-15 06:45:49,937 [INFO] ApplicationProperties:184 - Using Application install path: C:\ST\STM32CubeIDE_1.16.1\STM32CubeIDE\plugins\com.st.stm32cube.common.mx_6.12.1.202409122256
2024-11-15 06:45:50,042 [INFO] DbMcusXml:78 - Set database path to: C:\ST\STM32CubeIDE_1.16.1\STM32CubeIDE\plugins\com.st.stm32cube.common.mx_6.12.1.202409122256\\db\/mcu/
2024-11-15 06:45:50,042 [INFO] ApiDb:274 - Set plugin database path to: C:\ST\STM32CubeIDE_1.16.1\STM32CubeIDE\plugins\com.st.stm32cube.common.mx_6.12.1.202409122256\\db\/plugins/boardmanager/
2024-11-15 06:45:50,045 [WARN] ApiDb:259 - Overriding images path with different value:  => C:\ST\STM32CubeIDE_1.16.1\STM32CubeIDE\plugins\com.st.stm32cube.common.mx_6.12.1.202409122256\\db\/plugins/mcufinder/images/
2024-11-15 06:45:50,081 [INFO] ApiDb:250 - Set database path to: C:\Users\leona\.stmcufinder\plugins\mcufinder//mcu/
2024-11-15 06:45:50,084 [INFO] DbMcusAds:125 - Set database path to: C:\Users\leona\.stmcufinder\plugins\mcufinder//mcu/
2024-11-15 06:45:50,093 [INFO] CrossReferenceDbSqlite:203 - Set database path to: C:\Users\leona\.stmcufinder\plugins\mcufinder//mcu/cs/
2024-11-15 06:45:50,456 [INFO] RulesReader:64 - Compatibility file has been processed (297 Rules)
2024-11-15 06:45:50,761 [INFO] DbMcusXml:78 - Set database path to: C:\ST\STM32CubeIDE_1.16.1\STM32CubeIDE\plugins\com.st.stm32cube.common.mx_6.12.1.202409122256\\db\/mcu/
2024-11-15 06:45:50,762 [INFO] ApiDb:274 - Set plugin database path to: C:\ST\STM32CubeIDE_1.16.1\STM32CubeIDE\plugins\com.st.stm32cube.common.mx_6.12.1.202409122256\\db\/plugins/boardmanager/
2024-11-15 06:45:50,762 [INFO] ApiDb:261 - Set plugin images path to: C:\ST\STM32CubeIDE_1.16.1\STM32CubeIDE\plugins\com.st.stm32cube.common.mx_6.12.1.202409122256\\db\/plugins/mcufinder/images/
2024-11-15 06:45:50,762 [WARN] DbFile:41 - Overriding database path with different value: C:\Users\leona\.stmcufinder\plugins\mcufinder/ => C:\Users\leona\.stmcufinder\plugins\mcufinder
2024-11-15 06:45:50,763 [INFO] ApiDb:250 - Set database path to: C:\Users\leona\.stmcufinder\plugins\mcufinder//mcu/
2024-11-15 06:45:50,764 [WARN] DbFile:41 - Overriding database path with different value: C:\Users\leona\.stmcufinder\plugins\mcufinder/ => C:\Users\leona\.stmcufinder\plugins\mcufinder
2024-11-15 06:45:50,764 [INFO] DbMcusAds:125 - Set database path to: C:\Users\leona\.stmcufinder\plugins\mcufinder//mcu/
2024-11-15 06:45:50,764 [WARN] DbFile:41 - Overriding database path with different value: C:\Users\leona\.stmcufinder\plugins\mcufinder/ => C:\Users\leona\.stmcufinder\plugins\mcufinder
2024-11-15 06:45:50,764 [WARN] DbFile:41 - Overriding database path with different value: C:\Users\leona\.stmcufinder\plugins\mcufinder/ => C:\Users\leona\.stmcufinder\plugins\mcufinder
2024-11-15 06:45:50,765 [INFO] CrossReferenceDbSqlite:203 - Set database path to: C:\Users\leona\.stmcufinder\plugins\mcufinder//mcu/cs/
2024-11-15 06:45:50,952 [INFO] MainPanel:268 - HeapMemory: 268435456
2024-11-15 06:45:51,167 [INFO] DbMcusXml:78 - Set database path to: C:\ST\STM32CubeIDE_1.16.1\STM32CubeIDE\plugins\com.st.stm32cube.common.mx_6.12.1.202409122256\\db\/mcu/
2024-11-15 06:45:51,167 [INFO] ApiDb:274 - Set plugin database path to: C:\ST\STM32CubeIDE_1.16.1\STM32CubeIDE\plugins\com.st.stm32cube.common.mx_6.12.1.202409122256\\db\/plugins/boardmanager/
2024-11-15 06:45:51,167 [INFO] ApiDb:261 - Set plugin images path to: C:\ST\STM32CubeIDE_1.16.1\STM32CubeIDE\plugins\com.st.stm32cube.common.mx_6.12.1.202409122256\\db\/plugins/mcufinder/images/
2024-11-15 06:45:51,168 [WARN] DbFile:41 - Overriding database path with different value: C:\Users\leona\.stmcufinder\plugins\mcufinder/ => C:\Users\leona\.stmcufinder\plugins\mcufinder
2024-11-15 06:45:51,168 [INFO] ApiDb:250 - Set database path to: C:\Users\leona\.stmcufinder\plugins\mcufinder//mcu/
2024-11-15 06:45:51,168 [WARN] DbFile:41 - Overriding database path with different value: C:\Users\leona\.stmcufinder\plugins\mcufinder/ => C:\Users\leona\.stmcufinder\plugins\mcufinder
2024-11-15 06:45:51,169 [INFO] DbMcusAds:125 - Set database path to: C:\Users\leona\.stmcufinder\plugins\mcufinder//mcu/
2024-11-15 06:45:51,169 [WARN] DbFile:41 - Overriding database path with different value: C:\Users\leona\.stmcufinder\plugins\mcufinder/ => C:\Users\leona\.stmcufinder\plugins\mcufinder
2024-11-15 06:45:51,169 [WARN] DbFile:41 - Overriding database path with different value: C:\Users\leona\.stmcufinder\plugins\mcufinder/ => C:\Users\leona\.stmcufinder\plugins\mcufinder
2024-11-15 06:45:51,169 [INFO] CrossReferenceDbSqlite:203 - Set database path to: C:\Users\leona\.stmcufinder\plugins\mcufinder//mcu/cs/
2024-11-15 06:45:51,212 [INFO] ApplicationProperties:184 - Using Application install path: C:\ST\STM32CubeIDE_1.16.1\STM32CubeIDE\plugins\com.st.stm32cube.common.mx_6.12.1.202409122256
2024-11-15 06:45:51,216 [INFO] PluginManage:196 - Search for loadable plugins [exclusion list=, ]
2024-11-15 06:45:51,219 [INFO] PluginManage:310 - Check plugin analytics
2024-11-15 06:45:51,673 [INFO] AnalyticsPlugin:253 - Accepted Software Licenses: 
2024-11-15 06:45:51,674 [INFO] AnalyticsPlugin:255 - Accepted CMSIS Pack Licenses: 
2024-11-15 06:45:51,675 [INFO] AnalyticsPlugin:257 - Accepted Firmware Licenses: FW.F4.1.27.0,FW.L4.1.18.0,FW.F4.1.28.0,FW.WL.1.3.0,FW.G4.1.6.0
2024-11-15 06:45:51,682 [ERROR] ConfigurationRetriever:142 - IOException on connection: sw-center.st.com
2024-11-15 06:45:51,683 [ERROR] ConfigurationRetriever:142 - IOException on connection: sw-center.st.com
2024-11-15 06:45:51,685 [ERROR] ConfigurationRetriever:142 - IOException on connection: sw-center.st.com
2024-11-15 06:45:51,686 [INFO] PluginManage:359 - Loaded plugin analytics (category:tool,tabindex:-1)
2024-11-15 06:45:51,687 [INFO] PluginManage:310 - Check plugin cadmodel
2024-11-15 06:45:51,736 [INFO] CADModel:105 - Init CAD model plugin
2024-11-15 06:45:51,736 [INFO] PluginManage:359 - Loaded plugin cadmodel (category:power,tabindex:5)
2024-11-15 06:45:51,737 [INFO] PluginManage:310 - Check plugin clock
2024-11-15 06:45:51,787 [INFO] PluginManage:359 - Loaded plugin clock (category:base,tabindex:2)
2024-11-15 06:45:51,789 [INFO] PluginManage:310 - Check plugin ddr
2024-11-15 06:45:51,796 [INFO] PluginManage:359 - Loaded plugin ddr (category:tool,tabindex:6)
2024-11-15 06:45:51,796 [INFO] PluginManage:310 - Check plugin filemanager
2024-11-15 06:45:52,135 [INFO] PluginManage:359 - Loaded plugin filemanager (category:base,tabindex:10)
2024-11-15 06:45:52,135 [INFO] PluginManage:310 - Check plugin ipmanager
2024-11-15 06:45:52,152 [INFO] PluginManage:359 - Loaded plugin ipmanager (category:base,tabindex:5)
2024-11-15 06:45:52,152 [INFO] PluginManage:310 - Check plugin lpbam
2024-11-15 06:45:52,196 [INFO] PluginManage:359 - Loaded plugin lpbam (category:base,tabindex:0)
2024-11-15 06:45:52,197 [INFO] PluginManage:310 - Check plugin memorymap
2024-11-15 06:45:52,260 [INFO] PluginManage:359 - Loaded plugin memorymap (category:base,tabindex:4)
2024-11-15 06:45:52,260 [INFO] PluginManage:310 - Check plugin pinoutandconfiguration
2024-11-15 06:45:52,316 [INFO] PluginManage:359 - Loaded plugin pinoutandconfiguration (category:base,tabindex:1)
2024-11-15 06:45:52,316 [INFO] PluginManage:310 - Check plugin pinoutconfig
2024-11-15 06:45:52,574 [WARN] SupportedApi:132 - Cannot load RTOS API schema: s4s-elt-must-match.1: The content of 'definitions' must match (annotation?, (simpleType | complexType)?, (unique | key | keyref)*)). A problem was found starting at: attribute.
2024-11-15 06:45:52,953 [INFO] PluginManage:359 - Loaded plugin pinoutconfig (category:base,tabindex:0)
2024-11-15 06:45:52,954 [INFO] PluginManage:310 - Check plugin power
2024-11-15 06:45:53,003 [INFO] PluginManage:359 - Loaded plugin power (category:power,tabindex:4)
2024-11-15 06:45:53,004 [INFO] PluginManage:310 - Check plugin projectmanager
2024-11-15 06:45:53,042 [INFO] PluginManage:359 - Loaded plugin projectmanager (category:projectmanager,tabindex:4)
2024-11-15 06:45:53,043 [INFO] PluginManage:310 - Check plugin rif
2024-11-15 06:45:53,119 [INFO] PluginManage:359 - Loaded plugin rif (category:base,tabindex:3)
2024-11-15 06:45:53,120 [INFO] PluginManage:310 - Check plugin thirdparty
2024-11-15 06:45:53,798 [INFO] PluginManage:359 - Loaded plugin thirdparty (category:base,tabindex:-1)
2024-11-15 06:45:53,797 [WARN] IntegrityCheckThread:84 - waiting for thirdparty lock release [integrity check]
2024-11-15 06:45:53,798 [INFO] IntegrityCheckThread:86 - entering critical section [integrity check]
2024-11-15 06:45:53,798 [INFO] PluginManage:310 - Check plugin tools
2024-11-15 06:45:53,799 [INFO] ThirdPartyUpdaterWithRetryManager:70 - Updater plugin not ready yet. [1/15]
2024-11-15 06:45:53,866 [INFO] PluginManage:359 - Loaded plugin tools (category:base,tabindex:7)
2024-11-15 06:45:53,866 [INFO] PluginManage:310 - Check plugin tutovideos
2024-11-15 06:45:54,442 [INFO] PluginManage:359 - Loaded plugin tutovideos (category:base,tabindex:-1)
2024-11-15 06:45:54,443 [INFO] PluginManage:310 - Check plugin updater
2024-11-15 06:45:54,474 [INFO] PluginManage:359 - Loaded plugin updater (category:base,tabindex:12)
2024-11-15 06:45:54,474 [INFO] PluginManage:310 - Check plugin userauth
2024-11-15 06:45:54,485 [INFO] UserAuth:113 - Init User Auth plugin
2024-11-15 06:45:54,485 [INFO] PluginManage:359 - Loaded plugin userauth (category:base,tabindex:14)
2024-11-15 06:45:54,487 [INFO] PluginManage:283 - PluginManage : Loaded plugins [18]
2024-11-15 06:45:54,916 [INFO] PinOutPanel:1561 - setPackage(No Configuration,No Configuration)
2024-11-15 06:45:55,110 [INFO] CADModel:165 - CPN selected for project level
2024-11-15 06:45:55,111 [INFO] CADModel:114 - Register for checkConnection events
2024-11-15 06:45:55,166 [INFO] IPUIPlugin:80 - create IPUIPlugin
2024-11-15 06:45:55,166 [INFO] PluginManager:220 - loadIPPluginJar : add adc
2024-11-15 06:45:55,262 [INFO] IPUIPlugin:80 - create IPUIPlugin
2024-11-15 06:45:55,263 [INFO] PluginManager:220 - loadIPPluginJar : add aes
2024-11-15 06:45:55,335 [INFO] IPUIPlugin:80 - create IPUIPlugin
2024-11-15 06:45:55,335 [INFO] PluginManager:220 - loadIPPluginJar : add can
2024-11-15 06:45:55,403 [INFO] IPUIPlugin:80 - create IPUIPlugin
2024-11-15 06:45:55,405 [INFO] PluginManager:220 - loadIPPluginJar : add comp
2024-11-15 06:45:55,500 [INFO] IPUIPlugin:80 - create IPUIPlugin
2024-11-15 06:45:55,500 [INFO] PluginManager:220 - loadIPPluginJar : add cryp
2024-11-15 06:45:55,522 [INFO] IPUIPlugin:80 - create IPUIPlugin
2024-11-15 06:45:55,523 [INFO] PluginManager:220 - loadIPPluginJar : add ddr_ctrl_phy
2024-11-15 06:45:55,576 [INFO] IPUIPlugin:80 - create IPUIPlugin
2024-11-15 06:45:55,577 [INFO] PluginManager:220 - loadIPPluginJar : add dfsdm
2024-11-15 06:45:55,603 [INFO] IPUIPlugin:80 - create IPUIPlugin
2024-11-15 06:45:55,604 [INFO] PluginManager:220 - loadIPPluginJar : add dma
2024-11-15 06:45:55,706 [INFO] IPUIPlugin:80 - create IPUIPlugin
2024-11-15 06:45:55,707 [INFO] PluginManager:220 - loadIPPluginJar : add dma3
2024-11-15 06:45:55,820 [INFO] IPUIPlugin:80 - create IPUIPlugin
2024-11-15 06:45:55,820 [INFO] PluginManager:220 - loadIPPluginJar : add extmemmanager
2024-11-15 06:45:55,873 [INFO] IPUIPlugin:80 - create IPUIPlugin
2024-11-15 06:45:55,873 [INFO] PluginManager:220 - loadIPPluginJar : add fatfs
2024-11-15 06:45:55,968 [INFO] IPUIPlugin:80 - create IPUIPlugin
2024-11-15 06:45:55,969 [INFO] PluginManager:220 - loadIPPluginJar : add fmc
2024-11-15 06:45:56,026 [INFO] IPUIPlugin:80 - create IPUIPlugin
2024-11-15 06:45:56,027 [INFO] PluginManager:220 - loadIPPluginJar : add freertos
2024-11-15 06:45:56,095 [INFO] IPUIPlugin:80 - create IPUIPlugin
2024-11-15 06:45:56,096 [INFO] PluginManager:220 - loadIPPluginJar : add genericplugin
2024-11-15 06:45:56,293 [INFO] IPUIPlugin:80 - create IPUIPlugin
2024-11-15 06:45:56,293 [INFO] PluginManager:220 - loadIPPluginJar : add gfxmmu
2024-11-15 06:45:56,622 [INFO] IPUIPlugin:80 - create IPUIPlugin
2024-11-15 06:45:56,622 [INFO] PluginManager:220 - loadIPPluginJar : add gic
2024-11-15 06:45:56,662 [INFO] IPUIPlugin:80 - create IPUIPlugin
2024-11-15 06:45:56,663 [INFO] PluginManager:220 - loadIPPluginJar : add gpio
2024-11-15 06:45:56,800 [INFO] ThirdPartyUpdaterWithRetryManager:70 - Updater plugin not ready yet. [2/15]
2024-11-15 06:45:56,874 [INFO] IPUIPlugin:80 - create IPUIPlugin
2024-11-15 06:45:56,875 [INFO] PluginManager:220 - loadIPPluginJar : add gtzc
2024-11-15 06:45:56,951 [INFO] IPUIPlugin:80 - create IPUIPlugin
2024-11-15 06:45:56,952 [INFO] PluginManager:220 - loadIPPluginJar : add hash
2024-11-15 06:45:57,055 [INFO] IPUIPlugin:80 - create IPUIPlugin
2024-11-15 06:45:57,055 [INFO] PluginManager:220 - loadIPPluginJar : add i2c
2024-11-15 06:45:57,151 [INFO] IPUIPlugin:80 - create IPUIPlugin
2024-11-15 06:45:57,152 [INFO] PluginManager:220 - loadIPPluginJar : add i2s
2024-11-15 06:45:57,260 [INFO] IPUIPlugin:80 - create IPUIPlugin
2024-11-15 06:45:57,261 [INFO] PluginManager:220 - loadIPPluginJar : add i3c
2024-11-15 06:45:57,471 [INFO] IPUIPlugin:80 - create IPUIPlugin
2024-11-15 06:45:57,471 [INFO] PluginManager:220 - loadIPPluginJar : add ipddr
2024-11-15 06:45:57,679 [INFO] IPUIPlugin:80 - create IPUIPlugin
2024-11-15 06:45:57,680 [INFO] PluginManager:220 - loadIPPluginJar : add linkedlist
2024-11-15 06:45:57,753 [INFO] IPUIPlugin:80 - create IPUIPlugin
2024-11-15 06:45:57,753 [INFO] PluginManager:220 - loadIPPluginJar : add lorawan
2024-11-15 06:45:57,833 [INFO] IPUIPlugin:80 - create IPUIPlugin
2024-11-15 06:45:57,833 [INFO] PluginManager:220 - loadIPPluginJar : add ltdc
2024-11-15 06:45:57,859 [INFO] IPUIPlugin:80 - create IPUIPlugin
2024-11-15 06:45:57,860 [INFO] PluginManager:220 - loadIPPluginJar : add mdma
2024-11-15 06:45:57,890 [INFO] IPUIPlugin:80 - create IPUIPlugin
2024-11-15 06:45:57,891 [INFO] PluginManager:220 - loadIPPluginJar : add nvic
2024-11-15 06:45:58,007 [INFO] IPUIPlugin:80 - create IPUIPlugin
2024-11-15 06:45:58,007 [INFO] PluginManager:220 - loadIPPluginJar : add opamp
2024-11-15 06:45:58,224 [INFO] IPUIPlugin:80 - create IPUIPlugin
2024-11-15 06:45:58,226 [INFO] PluginManager:220 - loadIPPluginJar : add openamp
2024-11-15 06:45:58,363 [INFO] IPUIPlugin:80 - create IPUIPlugin
2024-11-15 06:45:58,363 [INFO] PluginManager:220 - loadIPPluginJar : add pdm2pcm
2024-11-15 06:45:58,394 [INFO] IPUIPlugin:80 - create IPUIPlugin
2024-11-15 06:45:58,401 [INFO] PluginManager:220 - loadIPPluginJar : add plateformsettings
2024-11-15 06:45:58,455 [INFO] IPUIPlugin:80 - create IPUIPlugin
2024-11-15 06:45:58,456 [INFO] PluginManager:220 - loadIPPluginJar : add quadspi
2024-11-15 06:45:58,510 [INFO] IPUIPlugin:80 - create IPUIPlugin
2024-11-15 06:45:58,512 [INFO] PluginManager:220 - loadIPPluginJar : add radio
2024-11-15 06:45:58,541 [INFO] IPUIPlugin:80 - create IPUIPlugin
2024-11-15 06:45:58,541 [INFO] PluginManager:220 - loadIPPluginJar : add resmgrutility
2024-11-15 06:45:58,688 [INFO] IPUIPlugin:80 - create IPUIPlugin
2024-11-15 06:45:58,689 [INFO] PluginManager:220 - loadIPPluginJar : add sai
2024-11-15 06:45:58,777 [INFO] IPUIPlugin:80 - create IPUIPlugin
2024-11-15 06:45:58,777 [INFO] PluginManager:220 - loadIPPluginJar : add spi
2024-11-15 06:45:58,952 [INFO] IPUIPlugin:80 - create IPUIPlugin
2024-11-15 06:45:58,952 [INFO] PluginManager:220 - loadIPPluginJar : add stm32_wpan
2024-11-15 06:45:59,113 [INFO] IPUIPlugin:80 - create IPUIPlugin
2024-11-15 06:45:59,113 [INFO] PluginManager:220 - loadIPPluginJar : add tim
2024-11-15 06:45:59,336 [INFO] IPUIPlugin:80 - create IPUIPlugin
2024-11-15 06:45:59,337 [INFO] PluginManager:220 - loadIPPluginJar : add touchsensing
2024-11-15 06:45:59,456 [INFO] IPUIPlugin:80 - create IPUIPlugin
2024-11-15 06:45:59,456 [INFO] PluginManager:220 - loadIPPluginJar : add tracer_emb
2024-11-15 06:45:59,614 [INFO] IPUIPlugin:80 - create IPUIPlugin
2024-11-15 06:45:59,617 [INFO] PluginManager:220 - loadIPPluginJar : add ts
2024-11-15 06:45:59,715 [INFO] IPUIPlugin:80 - create IPUIPlugin
2024-11-15 06:45:59,716 [INFO] PluginManager:220 - loadIPPluginJar : add tsc
2024-11-15 06:45:59,802 [INFO] ThirdPartyUpdaterWithRetryManager:70 - Updater plugin not ready yet. [3/15]
2024-11-15 06:45:59,803 [INFO] IPUIPlugin:80 - create IPUIPlugin
2024-11-15 06:45:59,803 [INFO] PluginManager:220 - loadIPPluginJar : add ucpd
2024-11-15 06:45:59,926 [INFO] IPUIPlugin:80 - create IPUIPlugin
2024-11-15 06:45:59,926 [INFO] PluginManager:220 - loadIPPluginJar : add usart
2024-11-15 06:46:00,072 [INFO] IPUIPlugin:80 - create IPUIPlugin
2024-11-15 06:46:00,073 [INFO] PluginManager:220 - loadIPPluginJar : add usbx
2024-11-15 06:46:00,281 [INFO] CADModel:165 - CPN selected for project level
2024-11-15 06:46:00,284 [INFO] CADModel:114 - Register for checkConnection events
2024-11-15 06:46:00,285 [FATAL] Updater:334 - Updater called before beeing initialized
2024-11-15 06:46:00,285 [ERROR] CADModel:125 - Updater not yet initialized, retry later 
2024-11-15 06:46:00,657 [INFO] CADModel:165 - CPN selected for project level
2024-11-15 06:46:00,658 [INFO] CADModel:114 - Register for checkConnection events
2024-11-15 06:46:00,658 [FATAL] Updater:334 - Updater called before beeing initialized
2024-11-15 06:46:00,658 [ERROR] CADModel:125 - Updater not yet initialized, retry later 
2024-11-15 06:46:00,666 [FATAL] Updater:334 - Updater called before beeing initialized
2024-11-15 06:46:00,936 [FATAL] Updater:334 - Updater called before beeing initialized
2024-11-15 06:46:00,957 [INFO] DbMcusAds:53 - JSON generation date=Thu Sep 30 08:55:09 CEST 2021 (1632984909247)
2024-11-15 06:46:00,957 [FATAL] Updater:334 - Updater called before beeing initialized
2024-11-15 06:46:01,035 [WARN] DetailPanel:346 - Failed to get advertising image, set to default
2024-11-15 06:46:01,208 [FATAL] Updater:334 - Updater called before beeing initialized
2024-11-15 06:46:01,211 [FATAL] Updater:334 - Updater called before beeing initialized
2024-11-15 06:46:01,211 [FATAL] Updater:334 - Updater called before beeing initialized
2024-11-15 06:46:01,211 [WARN] DetailPanel:346 - Failed to get advertising image, set to default
2024-11-15 06:46:01,213 [FATAL] Updater:334 - Updater called before beeing initialized
2024-11-15 06:46:01,328 [ERROR] Updater:1164 - MainUpdater not yet initialized. External WinMGr cannot be set.
2024-11-15 06:46:01,346 [INFO] Updater:1100 - Updater Version found : 6.12.1
2024-11-15 06:46:01,381 [INFO] ApplicationProperties:184 - Using Application install path: C:\ST\STM32CubeIDE_1.16.1\STM32CubeIDE\plugins\com.st.stm32cube.common.mx_6.12.1.202409122256
2024-11-15 06:46:02,803 [INFO] ThirdPartyUpdaterWithRetryManager:70 - Updater plugin not ready yet. [4/15]
2024-11-15 06:46:03,010 [ERROR] LogOutputStream:75 - [STDERR_REDIRECT] Nov 15, 2024 6:46:02 AM java.util.prefs.WindowsPreferences <init>
2024-11-15 06:46:03,020 [ERROR] LogOutputStream:75 - [STDERR_REDIRECT] WARNING: Could not open/create prefs root node Software\JavaSoft\Prefs at root 0xffffffff80000002. Windows RegCreateKeyEx(...) returned error code 5.
2024-11-15 06:46:03,021 [ERROR] LogOutputStream:75 - [STDERR_REDIRECT] 
2024-11-15 06:46:03,290 [INFO] MainUpdater:526 - Copy updater definitions from MX database
2024-11-15 06:46:05,804 [FATAL] Updater:334 - Updater called before beeing initialized
2024-11-15 06:46:05,805 [ERROR] IntegrityCheckThread:130 - Cannot retrieve database content from updater: error 21
2024-11-15 06:46:05,806 [INFO] ThirdParty:978 - Integrity check success = false
2024-11-15 06:46:05,807 [INFO] IntegrityCheckThread:100 - exiting critical section [integrity check]
2024-11-15 06:46:05,807 [INFO] IntegrityCheckThread:103 - End integrity checks thread
2024-11-15 06:46:15,699 [INFO] MainUpdater:2873 - connection check result : 22
2024-11-15 06:46:15,700 [INFO] MainUpdater:290 - Updater Check For Update Now.
2024-11-15 06:46:15,700 [INFO] MicroXplorer:498 - Change Database Version : DB.6.0.121
2024-11-15 06:46:15,767 [INFO] McuFinderGlobals:63 - Set McuFinder mode to 2 (CubeIDE integrated)
2024-11-15 06:46:15,788 [INFO] UserAuth:417 - Internet connection configuration mode: 2
2024-11-15 06:46:15,812 [INFO] UserAuth:417 - Internet connection configuration mode: 2
2024-11-15 06:46:16,618 [INFO] CheckServerUpdateThread:120 - End of CheckServer Thread
2024-11-15 06:49:09,117 [ERROR] LogOutputStream:75 - [STDERR_REDIRECT] 
