2024-12-15 10:42:52,556 [INFO] WebApp:189 - Connection lost
2024-12-15 10:43:19,221 [INFO] WebApp:186 - Connection restablished
2024-12-15 10:50:44,921 [INFO] WebApp:189 - Connection lost
2024-12-15 10:50:49,580 [INFO] WebApp:186 - Connection restablished
2024-12-15 11:07:51,065 [INFO] NvicIntPanel:101 - NVIC parent = com.st.microxplorer.plugins.ip.nvic.MultiNvicIntPanel[,0,0,0x0,invalid,layout=javax.swing.BoxLayout,alignmentX=0.0,alignmentY=0.0,border=,flags=9,maximumSize=,minimumSize=,preferredSize=]
2024-12-15 11:07:51,112 [INFO] MemInfoExtractor:277 - EVENT_MCU_SET_IP_PARAMETER
2024-12-15 11:07:56,763 [INFO] NvicIntPanel:101 - NVIC parent = com.st.microxplorer.plugins.ip.nvic.MultiNvicIntPanel[,0,0,0x0,invalid,layout=javax.swing.BoxLayout,alignmentX=0.0,alignmentY=0.0,border=,flags=9,maximumSize=,minimumSize=,preferredSize=]
2024-12-15 11:07:56,838 [INFO] MemInfoExtractor:277 - EVENT_MCU_SET_IP_PARAMETER
2024-12-15 11:08:02,440 [INFO] NvicIntPanel:101 - NVIC parent = com.st.microxplorer.plugins.ip.nvic.MultiNvicIntPanel[,0,0,0x0,invalid,layout=javax.swing.BoxLayout,alignmentX=0.0,alignmentY=0.0,border=,flags=9,maximumSize=,minimumSize=,preferredSize=]
2024-12-15 11:08:02,482 [INFO] MemInfoExtractor:277 - EVENT_MCU_SET_IP_PARAMETER
2024-12-15 11:08:05,400 [INFO] NvicIntPanel:101 - NVIC parent = com.st.microxplorer.plugins.ip.nvic.MultiNvicIntPanel[,0,0,0x0,invalid,layout=javax.swing.BoxLayout,alignmentX=0.0,alignmentY=0.0,border=,flags=9,maximumSize=,minimumSize=,preferredSize=]
2024-12-15 11:08:05,485 [INFO] MemInfoExtractor:277 - EVENT_MCU_SET_IP_PARAMETER
2024-12-15 11:08:16,975 [INFO] NvicIntPanel:101 - NVIC parent = com.st.microxplorer.plugins.ip.nvic.MultiNvicIntPanel[,0,0,0x0,invalid,layout=javax.swing.BoxLayout,alignmentX=0.0,alignmentY=0.0,border=,flags=9,maximumSize=,minimumSize=,preferredSize=]
2024-12-15 11:08:17,015 [INFO] MemInfoExtractor:277 - EVENT_MCU_SET_IP_PARAMETER
2024-12-15 11:08:17,278 [INFO] NvicIntPanel:101 - NVIC parent = com.st.microxplorer.plugins.ip.nvic.MultiNvicIntPanel[,0,0,0x0,invalid,layout=javax.swing.BoxLayout,alignmentX=0.0,alignmentY=0.0,border=,flags=9,maximumSize=,minimumSize=,preferredSize=]
2024-12-15 11:08:17,319 [INFO] MemInfoExtractor:277 - EVENT_MCU_SET_IP_PARAMETER
2024-12-15 11:08:27,508 [INFO] NvicIntPanel:101 - NVIC parent = com.st.microxplorer.plugins.ip.nvic.MultiNvicIntPanel[,0,0,0x0,invalid,layout=javax.swing.BoxLayout,alignmentX=0.0,alignmentY=0.0,border=,flags=9,maximumSize=,minimumSize=,preferredSize=]
2024-12-15 11:08:27,549 [INFO] MemInfoExtractor:277 - EVENT_MCU_SET_IP_PARAMETER
2024-12-15 11:08:27,794 [INFO] NvicIntPanel:101 - NVIC parent = com.st.microxplorer.plugins.ip.nvic.MultiNvicIntPanel[,0,0,0x0,invalid,layout=javax.swing.BoxLayout,alignmentX=0.0,alignmentY=0.0,border=,flags=9,maximumSize=,minimumSize=,preferredSize=]
2024-12-15 11:08:27,821 [INFO] MemInfoExtractor:277 - EVENT_MCU_SET_IP_PARAMETER
2024-12-15 11:08:30,486 [INFO] NvicIntPanel:101 - NVIC parent = com.st.microxplorer.plugins.ip.nvic.MultiNvicIntPanel[,0,0,0x0,invalid,layout=javax.swing.BoxLayout,alignmentX=0.0,alignmentY=0.0,border=,flags=9,maximumSize=,minimumSize=,preferredSize=]
2024-12-15 11:08:30,529 [INFO] MemInfoExtractor:277 - EVENT_MCU_SET_IP_PARAMETER
2024-12-15 11:08:30,820 [INFO] NvicIntPanel:101 - NVIC parent = com.st.microxplorer.plugins.ip.nvic.MultiNvicIntPanel[,0,0,0x0,invalid,layout=javax.swing.BoxLayout,alignmentX=0.0,alignmentY=0.0,border=,flags=9,maximumSize=,minimumSize=,preferredSize=]
2024-12-15 11:08:30,853 [INFO] MemInfoExtractor:277 - EVENT_MCU_SET_IP_PARAMETER
2024-12-15 11:08:49,562 [INFO] NvicIntPanel:101 - NVIC parent = com.st.microxplorer.plugins.ip.nvic.MultiNvicIntPanel[,0,0,0x0,invalid,layout=javax.swing.BoxLayout,alignmentX=0.0,alignmentY=0.0,border=,flags=9,maximumSize=,minimumSize=,preferredSize=]
2024-12-15 11:08:49,597 [INFO] MemInfoExtractor:277 - EVENT_MCU_SET_IP_PARAMETER
2024-12-15 11:08:49,900 [INFO] NvicIntPanel:101 - NVIC parent = com.st.microxplorer.plugins.ip.nvic.MultiNvicIntPanel[,0,0,0x0,invalid,layout=javax.swing.BoxLayout,alignmentX=0.0,alignmentY=0.0,border=,flags=9,maximumSize=,minimumSize=,preferredSize=]
2024-12-15 11:08:49,938 [INFO] MemInfoExtractor:277 - EVENT_MCU_SET_IP_PARAMETER
2024-12-15 11:09:00,262 [INFO] NvicIntPanel:101 - NVIC parent = com.st.microxplorer.plugins.ip.nvic.MultiNvicIntPanel[,0,0,0x0,invalid,layout=javax.swing.BoxLayout,alignmentX=0.0,alignmentY=0.0,border=,flags=9,maximumSize=,minimumSize=,preferredSize=]
2024-12-15 11:09:00,299 [INFO] MemInfoExtractor:277 - EVENT_MCU_SET_IP_PARAMETER
2024-12-15 11:09:00,540 [INFO] NvicIntPanel:101 - NVIC parent = com.st.microxplorer.plugins.ip.nvic.MultiNvicIntPanel[,0,0,0x0,invalid,layout=javax.swing.BoxLayout,alignmentX=0.0,alignmentY=0.0,border=,flags=9,maximumSize=,minimumSize=,preferredSize=]
2024-12-15 11:09:00,580 [INFO] MemInfoExtractor:277 - EVENT_MCU_SET_IP_PARAMETER
2024-12-15 11:09:10,202 [INFO] NvicIntPanel:101 - NVIC parent = com.st.microxplorer.plugins.ip.nvic.MultiNvicIntPanel[,0,0,0x0,invalid,layout=javax.swing.BoxLayout,alignmentX=0.0,alignmentY=0.0,border=,flags=9,maximumSize=,minimumSize=,preferredSize=]
2024-12-15 11:09:10,253 [INFO] MemInfoExtractor:277 - EVENT_MCU_SET_IP_PARAMETER
2024-12-15 11:09:10,614 [INFO] NvicIntPanel:101 - NVIC parent = com.st.microxplorer.plugins.ip.nvic.MultiNvicIntPanel[,0,0,0x0,invalid,layout=javax.swing.BoxLayout,alignmentX=0.0,alignmentY=0.0,border=,flags=9,maximumSize=,minimumSize=,preferredSize=]
2024-12-15 11:09:10,663 [INFO] MemInfoExtractor:277 - EVENT_MCU_SET_IP_PARAMETER
2024-12-15 11:09:14,255 [INFO] NvicIntPanel:101 - NVIC parent = com.st.microxplorer.plugins.ip.nvic.MultiNvicIntPanel[,0,0,0x0,invalid,layout=javax.swing.BoxLayout,alignmentX=0.0,alignmentY=0.0,border=,flags=9,maximumSize=,minimumSize=,preferredSize=]
2024-12-15 11:09:14,319 [INFO] MemInfoExtractor:277 - EVENT_MCU_SET_IP_PARAMETER
2024-12-15 11:09:14,575 [INFO] NvicIntPanel:101 - NVIC parent = com.st.microxplorer.plugins.ip.nvic.MultiNvicIntPanel[,0,0,0x0,invalid,layout=javax.swing.BoxLayout,alignmentX=0.0,alignmentY=0.0,border=,flags=9,maximumSize=,minimumSize=,preferredSize=]
2024-12-15 11:09:14,614 [INFO] MemInfoExtractor:277 - EVENT_MCU_SET_IP_PARAMETER
2024-12-15 11:09:21,122 [INFO] NvicIntPanel:101 - NVIC parent = com.st.microxplorer.plugins.ip.nvic.MultiNvicIntPanel[,0,0,0x0,invalid,layout=javax.swing.BoxLayout,alignmentX=0.0,alignmentY=0.0,border=,flags=9,maximumSize=,minimumSize=,preferredSize=]
2024-12-15 11:09:21,155 [INFO] MemInfoExtractor:277 - EVENT_MCU_SET_IP_PARAMETER
2024-12-15 11:09:21,407 [INFO] NvicIntPanel:101 - NVIC parent = com.st.microxplorer.plugins.ip.nvic.MultiNvicIntPanel[,0,0,0x0,invalid,layout=javax.swing.BoxLayout,alignmentX=0.0,alignmentY=0.0,border=,flags=9,maximumSize=,minimumSize=,preferredSize=]
2024-12-15 11:09:21,446 [INFO] MemInfoExtractor:277 - EVENT_MCU_SET_IP_PARAMETER
2024-12-15 11:09:30,865 [INFO] NvicIntPanel:101 - NVIC parent = com.st.microxplorer.plugins.ip.nvic.MultiNvicIntPanel[,0,0,0x0,invalid,layout=javax.swing.BoxLayout,alignmentX=0.0,alignmentY=0.0,border=,flags=9,maximumSize=,minimumSize=,preferredSize=]
2024-12-15 11:09:30,907 [INFO] MemInfoExtractor:277 - EVENT_MCU_SET_IP_PARAMETER
2024-12-15 11:09:31,136 [INFO] NvicIntPanel:101 - NVIC parent = com.st.microxplorer.plugins.ip.nvic.MultiNvicIntPanel[,0,0,0x0,invalid,layout=javax.swing.BoxLayout,alignmentX=0.0,alignmentY=0.0,border=,flags=9,maximumSize=,minimumSize=,preferredSize=]
2024-12-15 11:09:31,175 [INFO] MemInfoExtractor:277 - EVENT_MCU_SET_IP_PARAMETER
2024-12-15 11:09:57,689 [INFO] NvicIntPanel:101 - NVIC parent = com.st.microxplorer.plugins.ip.nvic.MultiNvicIntPanel[,0,0,0x0,invalid,layout=javax.swing.BoxLayout,alignmentX=0.0,alignmentY=0.0,border=,flags=9,maximumSize=,minimumSize=,preferredSize=]
2024-12-15 11:09:57,729 [INFO] MemInfoExtractor:277 - EVENT_MCU_SET_IP_PARAMETER
2024-12-15 11:09:58,098 [INFO] NvicIntPanel:101 - NVIC parent = com.st.microxplorer.plugins.ip.nvic.MultiNvicIntPanel[,0,0,0x0,invalid,layout=javax.swing.BoxLayout,alignmentX=0.0,alignmentY=0.0,border=,flags=9,maximumSize=,minimumSize=,preferredSize=]
2024-12-15 11:09:58,157 [INFO] MemInfoExtractor:277 - EVENT_MCU_SET_IP_PARAMETER
2024-12-15 11:10:08,731 [INFO] NvicIntPanel:101 - NVIC parent = com.st.microxplorer.plugins.ip.nvic.MultiNvicIntPanel[,0,0,0x0,invalid,layout=javax.swing.BoxLayout,alignmentX=0.0,alignmentY=0.0,border=,flags=9,maximumSize=,minimumSize=,preferredSize=]
2024-12-15 11:10:08,812 [INFO] MemInfoExtractor:277 - EVENT_MCU_SET_IP_PARAMETER
2024-12-15 11:10:09,306 [INFO] NvicIntPanel:101 - NVIC parent = com.st.microxplorer.plugins.ip.nvic.MultiNvicIntPanel[,0,0,0x0,invalid,layout=javax.swing.BoxLayout,alignmentX=0.0,alignmentY=0.0,border=,flags=9,maximumSize=,minimumSize=,preferredSize=]
2024-12-15 11:10:09,368 [INFO] MemInfoExtractor:277 - EVENT_MCU_SET_IP_PARAMETER
2024-12-15 11:10:17,452 [INFO] NvicIntPanel:101 - NVIC parent = com.st.microxplorer.plugins.ip.nvic.MultiNvicIntPanel[,0,0,0x0,invalid,layout=javax.swing.BoxLayout,alignmentX=0.0,alignmentY=0.0,border=,flags=9,maximumSize=,minimumSize=,preferredSize=]
2024-12-15 11:10:17,492 [INFO] MemInfoExtractor:277 - EVENT_MCU_SET_IP_PARAMETER
2024-12-15 11:10:17,760 [INFO] NvicIntPanel:101 - NVIC parent = com.st.microxplorer.plugins.ip.nvic.MultiNvicIntPanel[,0,0,0x0,invalid,layout=javax.swing.BoxLayout,alignmentX=0.0,alignmentY=0.0,border=,flags=9,maximumSize=,minimumSize=,preferredSize=]
2024-12-15 11:10:17,800 [INFO] MemInfoExtractor:277 - EVENT_MCU_SET_IP_PARAMETER
2024-12-15 11:10:21,419 [INFO] NvicIntPanel:101 - NVIC parent = com.st.microxplorer.plugins.ip.nvic.MultiNvicIntPanel[,0,0,0x0,invalid,layout=javax.swing.BoxLayout,alignmentX=0.0,alignmentY=0.0,border=,flags=9,maximumSize=,minimumSize=,preferredSize=]
2024-12-15 11:10:21,484 [INFO] MemInfoExtractor:277 - EVENT_MCU_SET_IP_PARAMETER
2024-12-15 11:10:21,748 [INFO] NvicIntPanel:101 - NVIC parent = com.st.microxplorer.plugins.ip.nvic.MultiNvicIntPanel[,0,0,0x0,invalid,layout=javax.swing.BoxLayout,alignmentX=0.0,alignmentY=0.0,border=,flags=9,maximumSize=,minimumSize=,preferredSize=]
2024-12-15 11:10:21,786 [INFO] MemInfoExtractor:277 - EVENT_MCU_SET_IP_PARAMETER
2024-12-15 11:10:36,848 [INFO] NvicIntPanel:101 - NVIC parent = com.st.microxplorer.plugins.ip.nvic.MultiNvicIntPanel[,0,0,0x0,invalid,layout=javax.swing.BoxLayout,alignmentX=0.0,alignmentY=0.0,border=,flags=9,maximumSize=,minimumSize=,preferredSize=]
2024-12-15 11:10:37,045 [INFO] MemInfoExtractor:277 - EVENT_MCU_SET_IP_PARAMETER
2024-12-15 11:10:37,599 [INFO] NvicIntPanel:101 - NVIC parent = com.st.microxplorer.plugins.ip.nvic.MultiNvicIntPanel[,0,0,0x0,invalid,layout=javax.swing.BoxLayout,alignmentX=0.0,alignmentY=0.0,border=,flags=9,maximumSize=,minimumSize=,preferredSize=]
2024-12-15 11:10:37,828 [INFO] MemInfoExtractor:277 - EVENT_MCU_SET_IP_PARAMETER
2024-12-15 11:10:38,651 [INFO] NvicIntPanel:101 - NVIC parent = com.st.microxplorer.plugins.ip.nvic.MultiNvicIntPanel[,0,0,0x0,invalid,layout=javax.swing.BoxLayout,alignmentX=0.0,alignmentY=0.0,border=,flags=9,maximumSize=,minimumSize=,preferredSize=]
2024-12-15 11:10:38,888 [INFO] MemInfoExtractor:277 - EVENT_MCU_SET_IP_PARAMETER
2024-12-15 11:10:39,813 [INFO] NvicIntPanel:101 - NVIC parent = com.st.microxplorer.plugins.ip.nvic.MultiNvicIntPanel[,0,0,0x0,invalid,layout=javax.swing.BoxLayout,alignmentX=0.0,alignmentY=0.0,border=,flags=9,maximumSize=,minimumSize=,preferredSize=]
2024-12-15 11:10:40,028 [INFO] MemInfoExtractor:277 - EVENT_MCU_SET_IP_PARAMETER
2024-12-15 11:10:40,940 [INFO] NvicIntPanel:101 - NVIC parent = com.st.microxplorer.plugins.ip.nvic.MultiNvicIntPanel[,0,0,0x0,invalid,layout=javax.swing.BoxLayout,alignmentX=0.0,alignmentY=0.0,border=,flags=9,maximumSize=,minimumSize=,preferredSize=]
2024-12-15 11:10:41,135 [INFO] MemInfoExtractor:277 - EVENT_MCU_SET_IP_PARAMETER
2024-12-15 11:10:42,918 [INFO] NvicIntPanel:101 - NVIC parent = com.st.microxplorer.plugins.ip.nvic.MultiNvicIntPanel[,0,0,0x0,invalid,layout=javax.swing.BoxLayout,alignmentX=0.0,alignmentY=0.0,border=,flags=9,maximumSize=,minimumSize=,preferredSize=]
2024-12-15 11:10:43,141 [INFO] MemInfoExtractor:277 - EVENT_MCU_SET_IP_PARAMETER
2024-12-15 11:11:17,332 [INFO] MemInfoExtractor:277 - EVENT_MCU_SET_IP_PARAMETER
2024-12-15 11:11:26,964 [INFO] MemInfoExtractor:277 - EVENT_MCU_SET_IP_PARAMETER
2024-12-15 11:11:38,847 [INFO] MemInfoExtractor:277 - EVENT_MCU_SET_IP_PARAMETER
2024-12-15 11:11:56,963 [INFO] MemInfoExtractor:277 - EVENT_MCU_SET_IP_PARAMETER
2024-12-15 11:12:10,170 [INFO] MemInfoExtractor:277 - EVENT_MCU_SET_IP_PARAMETER
2024-12-15 11:12:15,540 [INFO] MemInfoExtractor:277 - EVENT_MCU_SET_IP_PARAMETER
2024-12-15 11:12:43,217 [INFO] UtilMem:75 - End SaveConfig() Used Memory: 948244736 Bytes (1073741824)
2024-12-15 11:12:45,450 [INFO] UtilMem:75 - End SaveConfig() Used Memory: 823457784 Bytes (1073741824)
2024-12-15 11:12:47,208 [INFO] UtilMem:75 - End SaveConfig() Used Memory: 867977880 Bytes (1073741824)
2024-12-15 11:12:47,718 [INFO] BlockDiagram:2766 - set Specific Code input for plugin: TIM6_7U5
2024-12-15 11:12:47,718 [INFO] BlockDiagram:2766 - set Specific Code input for plugin: MEMORYMAP
2024-12-15 11:12:47,718 [INFO] BlockDiagram:2766 - set Specific Code input for plugin: TIM1_8U5
2024-12-15 11:12:47,718 [INFO] BlockDiagram:2766 - set Specific Code input for plugin: ADC
2024-12-15 11:12:47,718 [INFO] BlockDiagram:2766 - set Specific Code input for plugin: PWR
2024-12-15 11:12:47,718 [INFO] BlockDiagram:2766 - set Specific Code input for plugin: SYS
2024-12-15 11:12:47,718 [INFO] BlockDiagram:2766 - set Specific Code input for plugin: ADC
2024-12-15 11:12:47,718 [INFO] BlockDiagram:2766 - set Specific Code input for plugin: RCC
2024-12-15 11:12:47,718 [INFO] BlockDiagram:2766 - set Specific Code input for plugin: I2C
2024-12-15 11:12:47,718 [INFO] BlockDiagram:2766 - set Specific Code input for plugin: LPBAM
2024-12-15 11:12:47,718 [INFO] BlockDiagram:2766 - set Specific Code input for plugin: RTC
2024-12-15 11:12:47,718 [INFO] BlockDiagram:2766 - set Specific Code input for plugin: NVIC
2024-12-15 11:12:47,718 [INFO] BlockDiagram:2766 - set Specific Code input for plugin: ICACHE
2024-12-15 11:12:47,718 [INFO] BlockDiagram:2766 - set Specific Code input for plugin: DEBUG
2024-12-15 11:12:47,719 [INFO] BlockDiagram:2766 - set Specific Code input for plugin: GPIO
2024-12-15 11:12:47,719 [INFO] BlockDiagram:2766 - set Specific Code input for plugin: FDCAN
2024-12-15 11:12:47,719 [INFO] BlockDiagram:2766 - set Specific Code input for plugin: LPBAMQUEUE
2024-12-15 11:12:47,720 [INFO] CodeGenerator:807 - code generatio: config db path: C:\ST\STM32CubeIDE_1.16.1\STM32CubeIDE\plugins\com.st.stm32cube.common.mx_6.12.1.202409122256\\db\
2024-12-15 11:12:47,929 [WARN] IP:2191 - OutPut1 not found: check if there is a RefParameter without a condition.
2024-12-15 11:12:47,929 [WARN] IP:2191 - OutPut2 not found: check if there is a RefParameter without a condition.
2024-12-15 11:12:47,930 [WARN] IP:2191 - OutPut3 not found: check if there is a RefParameter without a condition.
2024-12-15 11:12:47,930 [WARN] IP:2191 - BinMixBcdU not found: check if there is a RefParameter without a condition.
2024-12-15 11:12:47,931 [WARN] IP:2191 - SSRU_Underflow_Interrupt not found: check if there is a RefParameter without a condition.
2024-12-15 11:12:47,931 [WARN] IP:2191 - rtcSecureFull not found: check if there is a RefParameter without a condition.
2024-12-15 11:12:47,931 [WARN] IP:2191 - rtcNonSecureFeatures not found: check if there is a RefParameter without a condition.
2024-12-15 11:12:47,931 [WARN] IP:2191 - RTC_NONSECURE_FEATURE_NONE not found: check if there is a RefParameter without a condition.
2024-12-15 11:12:47,931 [WARN] IP:2191 - RTC_NONSECURE_FEATURE_INIT not found: check if there is a RefParameter without a condition.
2024-12-15 11:12:47,931 [WARN] IP:2191 - RTC_NONSECURE_FEATURE_ALRA not found: check if there is a RefParameter without a condition.
2024-12-15 11:12:47,931 [WARN] IP:2191 - RTC_NONSECURE_FEATURE_ALRB not found: check if there is a RefParameter without a condition.
2024-12-15 11:12:47,931 [WARN] IP:2191 - RTC_NONSECURE_FEATURE_TS not found: check if there is a RefParameter without a condition.
2024-12-15 11:12:47,932 [WARN] IP:2191 - RTC_NONSECURE_FEATURE_CAL not found: check if there is a RefParameter without a condition.
2024-12-15 11:12:47,932 [WARN] IP:2191 - RTC_NONSECURE_FEATURE_WUT not found: check if there is a RefParameter without a condition.
2024-12-15 11:12:47,932 [WARN] IP:2191 - Sec_BKP_Registers1 not found: check if there is a RefParameter without a condition.
2024-12-15 11:12:47,932 [WARN] IP:2191 - backupRegisterStartZone2_gS not found: check if there is a RefParameter without a condition.
2024-12-15 11:12:47,932 [WARN] IP:2191 - backupRegisterStartZone3_gS not found: check if there is a RefParameter without a condition.
2024-12-15 11:12:47,933 [WARN] IP:2191 - SSRU_Underflow_Interrupt not found: check if there is a RefParameter without a condition.
2024-12-15 11:12:47,933 [WARN] IP:2191 - BinMixBcdU not found: check if there is a RefParameter without a condition.
2024-12-15 11:12:48,253 [INFO] CodeEngine:255 - oldGeneratedFile, C:\Users\leona\Documents\UBM\GitLab\Precharge_Control\ST\EcoMCU\MXTmpFiles\license.tmp_save
2024-12-15 11:12:48,462 [INFO] CodeEngine:279 - Generated code: C:\Users\leona\Documents\UBM\GitLab\Precharge_Control\ST\EcoMCU\MXTmpFiles\license.tmp
2024-12-15 11:12:48,746 [INFO] CodeEngine:255 - oldGeneratedFile, C:\Users\leona\Documents\UBM\GitLab\Precharge_Control\ST\EcoMCU\Core\Src\gpio.c_save
2024-12-15 11:12:48,950 [INFO] CodeEngine:279 - Generated code: C:\Users\leona\Documents\UBM\GitLab\Precharge_Control\ST\EcoMCU\Core\Src\gpio.c
2024-12-15 11:12:48,965 [INFO] CodeEngine:255 - oldGeneratedFile, C:\Users\leona\Documents\UBM\GitLab\Precharge_Control\ST\EcoMCU\Core\Inc\gpio.h_save
2024-12-15 11:12:49,172 [INFO] CodeEngine:279 - Generated code: C:\Users\leona\Documents\UBM\GitLab\Precharge_Control\ST\EcoMCU\Core\Inc\gpio.h
2024-12-15 11:12:50,175 [WARN] IPConfigManager:98 - WARNING: Missing Config File for DEBUG ip!!
2024-12-15 11:12:51,198 [WARN] IPConfigManager:98 - WARNING: Missing Config File for MEMORYMAP ip!!
2024-12-15 11:12:51,199 [WARN] IP:2191 - DefaultDataRegion not found: check if there is a RefParameter without a condition.
2024-12-15 11:12:51,694 [WARN] IP:2191 - OutPut1 not found: check if there is a RefParameter without a condition.
2024-12-15 11:12:51,694 [WARN] IP:2191 - OutPut2 not found: check if there is a RefParameter without a condition.
2024-12-15 11:12:51,694 [WARN] IP:2191 - OutPut3 not found: check if there is a RefParameter without a condition.
2024-12-15 11:12:51,695 [WARN] IP:2191 - BinMixBcdU not found: check if there is a RefParameter without a condition.
2024-12-15 11:12:51,695 [WARN] IP:2191 - SSRU_Underflow_Interrupt not found: check if there is a RefParameter without a condition.
2024-12-15 11:12:51,695 [WARN] IP:2191 - rtcSecureFull not found: check if there is a RefParameter without a condition.
2024-12-15 11:12:51,695 [WARN] IP:2191 - rtcNonSecureFeatures not found: check if there is a RefParameter without a condition.
2024-12-15 11:12:51,695 [WARN] IP:2191 - RTC_NONSECURE_FEATURE_NONE not found: check if there is a RefParameter without a condition.
2024-12-15 11:12:51,695 [WARN] IP:2191 - RTC_NONSECURE_FEATURE_INIT not found: check if there is a RefParameter without a condition.
2024-12-15 11:12:51,695 [WARN] IP:2191 - RTC_NONSECURE_FEATURE_ALRA not found: check if there is a RefParameter without a condition.
2024-12-15 11:12:51,695 [WARN] IP:2191 - RTC_NONSECURE_FEATURE_ALRB not found: check if there is a RefParameter without a condition.
2024-12-15 11:12:51,695 [WARN] IP:2191 - RTC_NONSECURE_FEATURE_TS not found: check if there is a RefParameter without a condition.
2024-12-15 11:12:51,695 [WARN] IP:2191 - RTC_NONSECURE_FEATURE_CAL not found: check if there is a RefParameter without a condition.
2024-12-15 11:12:51,695 [WARN] IP:2191 - RTC_NONSECURE_FEATURE_WUT not found: check if there is a RefParameter without a condition.
2024-12-15 11:12:51,696 [WARN] IP:2191 - Sec_BKP_Registers1 not found: check if there is a RefParameter without a condition.
2024-12-15 11:12:51,696 [WARN] IP:2191 - backupRegisterStartZone2_gS not found: check if there is a RefParameter without a condition.
2024-12-15 11:12:51,696 [WARN] IP:2191 - backupRegisterStartZone3_gS not found: check if there is a RefParameter without a condition.
2024-12-15 11:12:52,986 [INFO] CodeEngine:255 - oldGeneratedFile, C:\Users\leona\Documents\UBM\GitLab\Precharge_Control\ST\EcoMCU\Core\Src\adc.c_save
2024-12-15 11:12:53,261 [INFO] CodeEngine:279 - Generated code: C:\Users\leona\Documents\UBM\GitLab\Precharge_Control\ST\EcoMCU\Core\Src\adc.c
2024-12-15 11:12:53,280 [INFO] CodeEngine:255 - oldGeneratedFile, C:\Users\leona\Documents\UBM\GitLab\Precharge_Control\ST\EcoMCU\Core\Inc\adc.h_save
2024-12-15 11:12:53,436 [INFO] CodeEngine:279 - Generated code: C:\Users\leona\Documents\UBM\GitLab\Precharge_Control\ST\EcoMCU\Core\Inc\adc.h
2024-12-15 11:12:53,457 [INFO] CodeEngine:255 - oldGeneratedFile, C:\Users\leona\Documents\UBM\GitLab\Precharge_Control\ST\EcoMCU\MXTmpFiles\cortex.tmp_save
2024-12-15 11:12:53,606 [INFO] CodeEngine:279 - Generated code: C:\Users\leona\Documents\UBM\GitLab\Precharge_Control\ST\EcoMCU\MXTmpFiles\cortex.tmp
2024-12-15 11:12:53,632 [INFO] CodeEngine:255 - oldGeneratedFile, C:\Users\leona\Documents\UBM\GitLab\Precharge_Control\ST\EcoMCU\Core\Src\fdcan.c_save
2024-12-15 11:12:53,857 [INFO] CodeEngine:279 - Generated code: C:\Users\leona\Documents\UBM\GitLab\Precharge_Control\ST\EcoMCU\Core\Src\fdcan.c
2024-12-15 11:12:53,871 [INFO] CodeEngine:255 - oldGeneratedFile, C:\Users\leona\Documents\UBM\GitLab\Precharge_Control\ST\EcoMCU\Core\Inc\fdcan.h_save
2024-12-15 11:12:54,003 [INFO] CodeEngine:279 - Generated code: C:\Users\leona\Documents\UBM\GitLab\Precharge_Control\ST\EcoMCU\Core\Inc\fdcan.h
2024-12-15 11:12:54,034 [INFO] CodeEngine:255 - oldGeneratedFile, C:\Users\leona\Documents\UBM\GitLab\Precharge_Control\ST\EcoMCU\Core\Src\i2c.c_save
2024-12-15 11:12:54,235 [INFO] CodeEngine:279 - Generated code: C:\Users\leona\Documents\UBM\GitLab\Precharge_Control\ST\EcoMCU\Core\Src\i2c.c
2024-12-15 11:12:54,249 [INFO] CodeEngine:255 - oldGeneratedFile, C:\Users\leona\Documents\UBM\GitLab\Precharge_Control\ST\EcoMCU\Core\Inc\i2c.h_save
2024-12-15 11:12:54,396 [INFO] CodeEngine:279 - Generated code: C:\Users\leona\Documents\UBM\GitLab\Precharge_Control\ST\EcoMCU\Core\Inc\i2c.h
2024-12-15 11:12:54,424 [INFO] CodeEngine:255 - oldGeneratedFile, C:\Users\leona\Documents\UBM\GitLab\Precharge_Control\ST\EcoMCU\Core\Src\icache.c_save
2024-12-15 11:12:54,595 [INFO] CodeEngine:279 - Generated code: C:\Users\leona\Documents\UBM\GitLab\Precharge_Control\ST\EcoMCU\Core\Src\icache.c
2024-12-15 11:12:54,610 [INFO] CodeEngine:255 - oldGeneratedFile, C:\Users\leona\Documents\UBM\GitLab\Precharge_Control\ST\EcoMCU\Core\Inc\icache.h_save
2024-12-15 11:12:54,747 [INFO] CodeEngine:279 - Generated code: C:\Users\leona\Documents\UBM\GitLab\Precharge_Control\ST\EcoMCU\Core\Inc\icache.h
2024-12-15 11:12:54,770 [INFO] CodeEngine:255 - oldGeneratedFile, C:\Users\leona\Documents\UBM\GitLab\Precharge_Control\ST\EcoMCU\Core\Src\memorymap.c_save
2024-12-15 11:12:54,956 [INFO] CodeEngine:279 - Generated code: C:\Users\leona\Documents\UBM\GitLab\Precharge_Control\ST\EcoMCU\Core\Src\memorymap.c
2024-12-15 11:12:54,973 [INFO] CodeEngine:255 - oldGeneratedFile, C:\Users\leona\Documents\UBM\GitLab\Precharge_Control\ST\EcoMCU\Core\Inc\memorymap.h_save
2024-12-15 11:12:55,138 [INFO] CodeEngine:279 - Generated code: C:\Users\leona\Documents\UBM\GitLab\Precharge_Control\ST\EcoMCU\Core\Inc\memorymap.h
2024-12-15 11:12:55,161 [INFO] CodeEngine:255 - oldGeneratedFile, C:\Users\leona\Documents\UBM\GitLab\Precharge_Control\ST\EcoMCU\Core\Src\rtc.c_save
2024-12-15 11:12:55,382 [INFO] CodeEngine:279 - Generated code: C:\Users\leona\Documents\UBM\GitLab\Precharge_Control\ST\EcoMCU\Core\Src\rtc.c
2024-12-15 11:12:55,396 [INFO] CodeEngine:255 - oldGeneratedFile, C:\Users\leona\Documents\UBM\GitLab\Precharge_Control\ST\EcoMCU\Core\Inc\rtc.h_save
2024-12-15 11:12:55,535 [INFO] CodeEngine:279 - Generated code: C:\Users\leona\Documents\UBM\GitLab\Precharge_Control\ST\EcoMCU\Core\Inc\rtc.h
2024-12-15 11:12:55,561 [INFO] CodeEngine:255 - oldGeneratedFile, C:\Users\leona\Documents\UBM\GitLab\Precharge_Control\ST\EcoMCU\Core\Src\tim.c_save
2024-12-15 11:12:55,803 [INFO] CodeEngine:279 - Generated code: C:\Users\leona\Documents\UBM\GitLab\Precharge_Control\ST\EcoMCU\Core\Src\tim.c
2024-12-15 11:12:55,821 [INFO] CodeEngine:255 - oldGeneratedFile, C:\Users\leona\Documents\UBM\GitLab\Precharge_Control\ST\EcoMCU\Core\Inc\tim.h_save
2024-12-15 11:12:55,955 [INFO] CodeEngine:279 - Generated code: C:\Users\leona\Documents\UBM\GitLab\Precharge_Control\ST\EcoMCU\Core\Inc\tim.h
2024-12-15 11:12:56,019 [INFO] CodeEngine:255 - oldGeneratedFile, C:\Users\leona\Documents\UBM\GitLab\Precharge_Control\ST\EcoMCU\Core\Src\stm32u5xx_it.c_save
2024-12-15 11:12:56,363 [INFO] CodeEngine:279 - Generated code: C:\Users\leona\Documents\UBM\GitLab\Precharge_Control\ST\EcoMCU\Core\Src\stm32u5xx_it.c
2024-12-15 11:12:56,376 [INFO] CodeEngine:255 - oldGeneratedFile, C:\Users\leona\Documents\UBM\GitLab\Precharge_Control\ST\EcoMCU\Core\Inc\stm32u5xx_it.h_save
2024-12-15 11:12:56,488 [INFO] CodeEngine:279 - Generated code: C:\Users\leona\Documents\UBM\GitLab\Precharge_Control\ST\EcoMCU\Core\Inc\stm32u5xx_it.h
2024-12-15 11:12:56,742 [INFO] CodeEngine:255 - oldGeneratedFile, C:\Users\leona\Documents\UBM\GitLab\Precharge_Control\ST\EcoMCU\Core\Src\stm32u5xx_hal_msp.c_save
2024-12-15 11:12:57,056 [INFO] CodeEngine:279 - Generated code: C:\Users\leona\Documents\UBM\GitLab\Precharge_Control\ST\EcoMCU\Core\Src\stm32u5xx_hal_msp.c
2024-12-15 11:12:57,077 [INFO] CodeEngine:255 - oldGeneratedFile, C:\Users\leona\Documents\UBM\GitLab\Precharge_Control\ST\EcoMCU\MXTmpFiles\system.tmp_save
2024-12-15 11:12:57,208 [INFO] CodeEngine:279 - Generated code: C:\Users\leona\Documents\UBM\GitLab\Precharge_Control\ST\EcoMCU\MXTmpFiles\system.tmp
2024-12-15 11:12:57,241 [INFO] CodeEngine:311 - oldGeneratedFile, C:\Users\leona\Documents\UBM\GitLab\Precharge_Control\ST\EcoMCU\Core\Inc\stm32u5xx_hal_conf.h_save
2024-12-15 11:12:57,440 [INFO] CodeEngine:335 - Generated code: C:\Users\leona\Documents\UBM\GitLab\Precharge_Control\ST\EcoMCU\Core\Inc\stm32u5xx_hal_conf.h
2024-12-15 11:12:57,526 [INFO] CodeEngine:255 - oldGeneratedFile, C:\Users\leona\Documents\UBM\GitLab\Precharge_Control\ST\EcoMCU\Core\Inc\main.h_save
2024-12-15 11:12:57,823 [INFO] CodeEngine:279 - Generated code: C:\Users\leona\Documents\UBM\GitLab\Precharge_Control\ST\EcoMCU\Core\Inc\main.h
2024-12-15 11:12:57,848 [INFO] CodeEngine:255 - oldGeneratedFile, C:\Users\leona\Documents\UBM\GitLab\Precharge_Control\ST\EcoMCU\Core\Src\main.c_save
2024-12-15 11:12:58,109 [INFO] CodeEngine:279 - Generated code: C:\Users\leona\Documents\UBM\GitLab\Precharge_Control\ST\EcoMCU\Core\Src\main.c
2024-12-15 11:12:58,992 [INFO] ProjectBuilder:3249 - Time for Copy HAL[1] : 484mS.
2024-12-15 11:12:59,000 [INFO] ProjectBuilder:4828 - Project Generator version: 4.5.0-B34
2024-12-15 11:12:59,183 [INFO] ConfigFileManager:1531 - The Die is : DIE455
2024-12-15 11:13:01,667 [INFO] ProjectBuilder:5097 - Time for Generating toolchain IDE Files: 2667mS.
2024-12-15 11:13:01,668 [INFO] ProjectBuilder:3107 - Time for Copy CMSIS : 1mS.
2024-12-15 11:13:01,677 [INFO] ProjectBuilder:3107 - Time for Copy CMSIS : 1mS.
2024-12-15 11:15:49,639 [INFO] MainUpdater:2873 - connection check result : 10
2024-12-15 11:15:49,639 [INFO] MainUpdater:2873 - connection check result : 10
