02:19:13 **** Incremental Build of configuration Debug for project USB2CAN ****
make -j4 all 
arm-none-eabi-gcc "../USB_Device/App/usbd_cdc_if.c" -mcpu=cortex-m4 -std=gnu11 -g3 -DDEBUG -DUSE_HAL_DRIVER -DSTM32G431xx -c -I../Core/Inc -I../Drivers/STM32G4xx_HAL_Driver/Inc -I../Drivers/STM32G4xx_HAL_Driver/Inc/Legacy -I../Drivers/CMSIS/Device/ST/STM32G4xx/Include -I../Drivers/CMSIS/Include -I../USB_Device/App -I../USB_Device/Target -I../Middlewares/ST/STM32_USB_Device_Library/Core/Inc -I../Middlewares/ST/STM32_USB_Device_Library/Class/CDC/Inc -O0 -ffunction-sections -fdata-sections -Wall -fstack-usage -fcyclomatic-complexity -MMD -MP -MF"USB_Device/App/usbd_cdc_if.d" -MT"USB_Device/App/usbd_cdc_if.o" --specs=nano.specs -mfpu=fpv4-sp-d16 -mfloat-abi=hard -mthumb -o "USB_Device/App/usbd_cdc_if.o"
arm-none-eabi-gcc -o "USB2CAN.elf" @"objects.list"   -mcpu=cortex-m4 -T"C:\Users\leona\Documents\UBM\GitLab\Precharge_Control\ST\USB2CAN\STM32G431CBUX_FLASH.ld" --specs=nosys.specs -Wl,-Map="USB2CAN.map" -Wl,--gc-sections -static --specs=nano.specs -mfpu=fpv4-sp-d16 -mfloat-abi=hard -mthumb -Wl,--start-group -lc -lm -Wl,--end-group
Finished building target: USB2CAN.elf
 
arm-none-eabi-size  USB2CAN.elf 
arm-none-eabi-objdump -h -S USB2CAN.elf  > "USB2CAN.list"
   text	   data	    bss	    dec	    hex	filename
  34376	    388	   7580	  42344	   a568	USB2CAN.elf
Finished building: default.size.stdout
 
Finished building: USB2CAN.list
 
02:19:36 **** Incremental Build of configuration Debug for project USB2CAN ****
make -j4 all 
arm-none-eabi-size  USB2CAN.elf 
   text	   data	    bss	    dec	    hex	filename
  34376	    388	   7580	  42344	   a568	USB2CAN.elf
Finished building: default.size.stdout
 
02:23:05 **** Incremental Build of configuration Debug for project USB2CAN ****
make -j4 all 
arm-none-eabi-gcc "../USB_Device/App/usbd_cdc_if.c" -mcpu=cortex-m4 -std=gnu11 -g3 -DDEBUG -DUSE_HAL_DRIVER -DSTM32G431xx -c -I../Core/Inc -I../Drivers/STM32G4xx_HAL_Driver/Inc -I../Drivers/STM32G4xx_HAL_Driver/Inc/Legacy -I../Drivers/CMSIS/Device/ST/STM32G4xx/Include -I../Drivers/CMSIS/Include -I../USB_Device/App -I../USB_Device/Target -I../Middlewares/ST/STM32_USB_Device_Library/Core/Inc -I../Middlewares/ST/STM32_USB_Device_Library/Class/CDC/Inc -O0 -ffunction-sections -fdata-sections -Wall -fstack-usage -fcyclomatic-complexity -MMD -MP -MF"USB_Device/App/usbd_cdc_if.d" -MT"USB_Device/App/usbd_cdc_if.o" --specs=nano.specs -mfpu=fpv4-sp-d16 -mfloat-abi=hard -mthumb -o "USB_Device/App/usbd_cdc_if.o"
arm-none-eabi-gcc -o "USB2CAN.elf" @"objects.list"   -mcpu=cortex-m4 -T"C:\Users\leona\Documents\UBM\GitLab\Precharge_Control\ST\USB2CAN\STM32G431CBUX_FLASH.ld" --specs=nosys.specs -Wl,-Map="USB2CAN.map" -Wl,--gc-sections -static --specs=nano.specs -mfpu=fpv4-sp-d16 -mfloat-abi=hard -mthumb -Wl,--start-group -lc -lm -Wl,--end-group
Finished building target: USB2CAN.elf
 
arm-none-eabi-size  USB2CAN.elf 
arm-none-eabi-objdump -h -S USB2CAN.elf  > "USB2CAN.list"
   text	   data	    bss	    dec	    hex	filename
  34372	    388	   7580	  42340	   a564	USB2CAN.elf
Finished building: default.size.stdout
 
Finished building: USB2CAN.list
 
02:25:01 **** Incremental Build of configuration Debug for project USB2CAN ****
make -j4 all 
arm-none-eabi-gcc "../USB_Device/App/usbd_cdc_if.c" -mcpu=cortex-m4 -std=gnu11 -g3 -DDEBUG -DUSE_HAL_DRIVER -DSTM32G431xx -c -I../Core/Inc -I../Drivers/STM32G4xx_HAL_Driver/Inc -I../Drivers/STM32G4xx_HAL_Driver/Inc/Legacy -I../Drivers/CMSIS/Device/ST/STM32G4xx/Include -I../Drivers/CMSIS/Include -I../USB_Device/App -I../USB_Device/Target -I../Middlewares/ST/STM32_USB_Device_Library/Core/Inc -I../Middlewares/ST/STM32_USB_Device_Library/Class/CDC/Inc -O0 -ffunction-sections -fdata-sections -Wall -fstack-usage -fcyclomatic-complexity -MMD -MP -MF"USB_Device/App/usbd_cdc_if.d" -MT"USB_Device/App/usbd_cdc_if.o" --specs=nano.specs -mfpu=fpv4-sp-d16 -mfloat-abi=hard -mthumb -o "USB_Device/App/usbd_cdc_if.o"
arm-none-eabi-gcc -o "USB2CAN.elf" @"objects.list"   -mcpu=cortex-m4 -T"C:\Users\leona\Documents\UBM\GitLab\Precharge_Control\ST\USB2CAN\STM32G431CBUX_FLASH.ld" --specs=nosys.specs -Wl,-Map="USB2CAN.map" -Wl,--gc-sections -static --specs=nano.specs -mfpu=fpv4-sp-d16 -mfloat-abi=hard -mthumb -Wl,--start-group -lc -lm -Wl,--end-group
Finished building target: USB2CAN.elf
 
arm-none-eabi-size  USB2CAN.elf 
arm-none-eabi-objdump -h -S USB2CAN.elf  > "USB2CAN.list"
   text	   data	    bss	    dec	    hex	filename
  34364	    388	   7580	  42332	   a55c	USB2CAN.elf
Finished building: default.size.stdout
 
Finished building: USB2CAN.list
 
